Archive member included to satisfy reference by file (symbol)

C:/ST/STM32CubeIDE_1.19.0/STM32CubeIDE/plugins/com.st.stm32cube.ide.mcu.externaltools.gnu-tools-for-stm32.13.3.rel1.win32_1.0.0.202411081344/tools/bin/../lib/gcc/arm-none-eabi/13.3.1/../../../../arm-none-eabi/lib/thumb/v7e-m+fp/hard\libstdc++_nano.a(del_opv.o)
                              ./GameBoy/Src/gameboy_bridge.o (operator delete[](void*))
C:/ST/STM32CubeIDE_1.19.0/STM32CubeIDE/plugins/com.st.stm32cube.ide.mcu.externaltools.gnu-tools-for-stm32.13.3.rel1.win32_1.0.0.202411081344/tools/bin/../lib/gcc/arm-none-eabi/13.3.1/../../../../arm-none-eabi/lib/thumb/v7e-m+fp/hard\libstdc++_nano.a(new_opv.o)
                              ./GameBoy/Src/gb.o (operator new[](unsigned int))
C:/ST/STM32CubeIDE_1.19.0/STM32CubeIDE/plugins/com.st.stm32cube.ide.mcu.externaltools.gnu-tools-for-stm32.13.3.rel1.win32_1.0.0.202411081344/tools/bin/../lib/gcc/arm-none-eabi/13.3.1/../../../../arm-none-eabi/lib/thumb/v7e-m+fp/hard\libstdc++_nano.a(del_op.o)
                              C:/ST/STM32CubeIDE_1.19.0/STM32CubeIDE/plugins/com.st.stm32cube.ide.mcu.externaltools.gnu-tools-for-stm32.13.3.rel1.win32_1.0.0.202411081344/tools/bin/../lib/gcc/arm-none-eabi/13.3.1/../../../../arm-none-eabi/lib/thumb/v7e-m+fp/hard\libstdc++_nano.a(del_opv.o) (operator delete(void*))
C:/ST/STM32CubeIDE_1.19.0/STM32CubeIDE/plugins/com.st.stm32cube.ide.mcu.externaltools.gnu-tools-for-stm32.13.3.rel1.win32_1.0.0.202411081344/tools/bin/../lib/gcc/arm-none-eabi/13.3.1/../../../../arm-none-eabi/lib/thumb/v7e-m+fp/hard\libstdc++_nano.a(new_op.o)
                              C:/ST/STM32CubeIDE_1.19.0/STM32CubeIDE/plugins/com.st.stm32cube.ide.mcu.externaltools.gnu-tools-for-stm32.13.3.rel1.win32_1.0.0.202411081344/tools/bin/../lib/gcc/arm-none-eabi/13.3.1/../../../../arm-none-eabi/lib/thumb/v7e-m+fp/hard\libstdc++_nano.a(new_opv.o) (operator new(unsigned int))
C:/ST/STM32CubeIDE_1.19.0/STM32CubeIDE/plugins/com.st.stm32cube.ide.mcu.externaltools.gnu-tools-for-stm32.13.3.rel1.win32_1.0.0.202411081344/tools/bin/../lib/gcc/arm-none-eabi/13.3.1/../../../../arm-none-eabi/lib/thumb/v7e-m+fp/hard\libstdc++_nano.a(new_handler.o)
                              C:/ST/STM32CubeIDE_1.19.0/STM32CubeIDE/plugins/com.st.stm32cube.ide.mcu.externaltools.gnu-tools-for-stm32.13.3.rel1.win32_1.0.0.202411081344/tools/bin/../lib/gcc/arm-none-eabi/13.3.1/../../../../arm-none-eabi/lib/thumb/v7e-m+fp/hard\libstdc++_nano.a(new_op.o) (std::get_new_handler())
C:/ST/STM32CubeIDE_1.19.0/STM32CubeIDE/plugins/com.st.stm32cube.ide.mcu.externaltools.gnu-tools-for-stm32.13.3.rel1.win32_1.0.0.202411081344/tools/bin/../lib/gcc/arm-none-eabi/13.3.1/../../../../arm-none-eabi/lib/thumb/v7e-m+fp/hard\libc_nano.a(libc_a-abort.o)
                              C:/ST/STM32CubeIDE_1.19.0/STM32CubeIDE/plugins/com.st.stm32cube.ide.mcu.externaltools.gnu-tools-for-stm32.13.3.rel1.win32_1.0.0.202411081344/tools/bin/../lib/gcc/arm-none-eabi/13.3.1/../../../../arm-none-eabi/lib/thumb/v7e-m+fp/hard\libstdc++_nano.a(new_op.o) (abort)
C:/ST/STM32CubeIDE_1.19.0/STM32CubeIDE/plugins/com.st.stm32cube.ide.mcu.externaltools.gnu-tools-for-stm32.13.3.rel1.win32_1.0.0.202411081344/tools/bin/../lib/gcc/arm-none-eabi/13.3.1/../../../../arm-none-eabi/lib/thumb/v7e-m+fp/hard\libc_nano.a(libc_a-exit.o)
                              C:/ST/STM32CubeIDE_1.19.0/STM32CubeIDE/plugins/com.st.stm32cube.ide.mcu.externaltools.gnu-tools-for-stm32.13.3.rel1.win32_1.0.0.202411081344/tools/bin/../lib/gcc/arm-none-eabi/13.3.1/../../../../arm-none-eabi/lib/thumb/v7e-m+fp/hard/crt0.o (exit)
C:/ST/STM32CubeIDE_1.19.0/STM32CubeIDE/plugins/com.st.stm32cube.ide.mcu.externaltools.gnu-tools-for-stm32.13.3.rel1.win32_1.0.0.202411081344/tools/bin/../lib/gcc/arm-none-eabi/13.3.1/../../../../arm-none-eabi/lib/thumb/v7e-m+fp/hard\libc_nano.a(libc_a-malloc.o)
                              C:/ST/STM32CubeIDE_1.19.0/STM32CubeIDE/plugins/com.st.stm32cube.ide.mcu.externaltools.gnu-tools-for-stm32.13.3.rel1.win32_1.0.0.202411081344/tools/bin/../lib/gcc/arm-none-eabi/13.3.1/../../../../arm-none-eabi/lib/thumb/v7e-m+fp/hard\libstdc++_nano.a(new_op.o) (malloc)
C:/ST/STM32CubeIDE_1.19.0/STM32CubeIDE/plugins/com.st.stm32cube.ide.mcu.externaltools.gnu-tools-for-stm32.13.3.rel1.win32_1.0.0.202411081344/tools/bin/../lib/gcc/arm-none-eabi/13.3.1/../../../../arm-none-eabi/lib/thumb/v7e-m+fp/hard\libc_nano.a(libc_a-mallocr.o)
                              C:/ST/STM32CubeIDE_1.19.0/STM32CubeIDE/plugins/com.st.stm32cube.ide.mcu.externaltools.gnu-tools-for-stm32.13.3.rel1.win32_1.0.0.202411081344/tools/bin/../lib/gcc/arm-none-eabi/13.3.1/../../../../arm-none-eabi/lib/thumb/v7e-m+fp/hard\libc_nano.a(libc_a-malloc.o) (_malloc_r)
C:/ST/STM32CubeIDE_1.19.0/STM32CubeIDE/plugins/com.st.stm32cube.ide.mcu.externaltools.gnu-tools-for-stm32.13.3.rel1.win32_1.0.0.202411081344/tools/bin/../lib/gcc/arm-none-eabi/13.3.1/../../../../arm-none-eabi/lib/thumb/v7e-m+fp/hard\libc_nano.a(libc_a-mlock.o)
[...]
Memory Configuration

Name             Origin             Length             Attributes
RAM              0x20000000         0x00020000         xrw
FLASH            0x08000000         0x00080000         xr
*default*        0x00000000         0xffffffff

Linker script and memory map

LOAD C:/ST/STM32CubeIDE_1.19.0/STM32CubeIDE/plugins/com.st.stm32cube.ide.mcu.externaltools.gnu-tools-for-stm32.13.3.rel1.win32_1.0.0.202411081344/tools/bin/../lib/gcc/arm-none-eabi/13.3.1/thumb/v7e-m+fp/hard/crti.o
LOAD C:/ST/STM32CubeIDE_1.19.0/STM32CubeIDE/plugins/com.st.stm32cube.ide.mcu.externaltools.gnu-tools-for-stm32.13.3.rel1.win32_1.0.0.202411081344/tools/bin/../lib/gcc/arm-none-eabi/13.3.1/thumb/v7e-m+fp/hard/crtbegin.o
LOAD C:/ST/STM32CubeIDE_1.19.0/STM32CubeIDE/plugins/com.st.stm32cube.ide.mcu.externaltools.gnu-tools-for-stm32.13.3.rel1.win32_1.0.0.202411081344/tools/bin/../lib/gcc/arm-none-eabi/13.3.1/../../../../arm-none-eabi/lib/thumb/v7e-m+fp/hard/crt0.o
LOAD ./Core/Src/main.o
LOAD ./Core/Src/stm32f4xx_hal_msp.o
LOAD ./Core/Src/stm32f4xx_it.o
LOAD ./Core/Src/syscalls.o
LOAD ./Core/Src/sysmem.o
LOAD ./Core/Src/system_stm32f4xx.o
LOAD ./Core/Src/usb.o
LOAD ./Core/Startup/startup_stm32f411ceux.o
LOAD ./Drivers/STM32F4xx_HAL_Driver/Src/stm32f4xx_hal.o
LOAD ./Drivers/STM32F4xx_HAL_Driver/Src/stm32f4xx_hal_cortex.o
LOAD ./Drivers/STM32F4xx_HAL_Driver/Src/stm32f4xx_hal_dma.o
LOAD ./Drivers/STM32F4xx_HAL_Driver/Src/stm32f4xx_hal_dma_ex.o
LOAD ./Drivers/STM32F4xx_HAL_Driver/Src/stm32f4xx_hal_exti.o
LOAD ./Drivers/STM32F4xx_HAL_Driver/Src/stm32f4xx_hal_flash.o
LOAD ./Drivers/STM32F4xx_HAL_Driver/Src/stm32f4xx_hal_flash_ex.o
LOAD ./Drivers/STM32F4xx_HAL_Driver/Src/stm32f4xx_hal_flash_ramfunc.o
LOAD ./Drivers/STM32F4xx_HAL_Driver/Src/stm32f4xx_hal_gpio.o
LOAD ./Drivers/STM32F4xx_HAL_Driver/Src/stm32f4xx_hal_pcd.o
LOAD ./Drivers/STM32F4xx_HAL_Driver/Src/stm32f4xx_hal_pcd_ex.o
LOAD ./Drivers/STM32F4xx_HAL_Driver/Src/stm32f4xx_hal_pwr.o
LOAD ./Drivers/STM32F4xx_HAL_Driver/Src/stm32f4xx_hal_pwr_ex.o
LOAD ./Drivers/STM32F4xx_HAL_Driver/Src/stm32f4xx_hal_rcc.o
LOAD ./Drivers/STM32F4xx_HAL_Driver/Src/stm32f4xx_hal_rcc_ex.o
LOAD ./Drivers/STM32F4xx_HAL_Driver/Src/stm32f4xx_ll_usb.o
LOAD ./GameBoy/Src/gameboy_bridge.o
LOAD ./GameBoy/Src/gameboy_display.o
LOAD ./GameBoy/Src/gameboy_rom.o
LOAD ./GameBoy/Src/gb.o
LOAD ./GameBoy/Src/gb_step.o
LOAD ./GameBoy/Src/gd_usb.o
LOAD ./GameBoy/Src/interrupts.o
LOAD ./GameBoy/Src/loop.o
LOAD ./GameBoy/Src/mbc.o
LOAD ./GameBoy/Src/mmu.o
LOAD ./GameBoy/Src/opcodes.o
LOAD ./GameBoy/Src/ppu.o
LOAD ./GameBoy/Src/ttd.o
LOAD ./Middlewares/ST/STM32_USB_Device_Library/Class/CDC/Src/usbd_cdc.o
LOAD ./Middlewares/ST/STM32_USB_Device_Library/Core/Src/usbd_core.o
LOAD ./Middlewares/ST/STM32_USB_Device_Library/Core/Src/usbd_ctlreq.o
LOAD ./Middlewares/ST/STM32_USB_Device_Library/Core/Src/usbd_ioreq.o
LOAD ./USB_DEVICE/App/usb_device.o
LOAD ./USB_DEVICE/App/usbd_cdc_if.o
LOAD ./USB_DEVICE/App/usbd_desc.o
LOAD ./USB_DEVICE/Target/usbd_conf.o
START GROUP
LOAD C:/ST/STM32CubeIDE_1.19.0/STM32CubeIDE/plugins/com.st.stm32cube.ide.mcu.externaltools.gnu-tools-for-stm32.13.3.rel1.win32_1.0.0.202411081344/tools/bin/../lib/gcc/arm-none-eabi/13.3.1/../../../../arm-none-eabi/lib/thumb/v7e-m+fp/hard\libstdc++_nano.a
LOAD C:/ST/STM32CubeIDE_1.19.0/STM32CubeIDE/plugins/com.st.stm32cube.ide.mcu.externaltools.gnu-tools-for-stm32.13.3.rel1.win32_1.0.0.202411081344/tools/bin/../lib/gcc/arm-none-eabi/13.3.1/../../../../arm-none-eabi/lib/thumb/v7e-m+fp/hard\libsupc++_nano.a
END GROUP
LOAD C:/ST/STM32CubeIDE_1.19.0/STM32CubeIDE/plugins/com.st.stm32cube.ide.mcu.externaltools.gnu-tools-for-stm32.13.3.rel1.win32_1.0.0.202411081344/tools/bin/../lib/gcc/arm-none-eabi/13.3.1/../../../../arm-none-eabi/lib/thumb/v7e-m+fp/hard\libstdc++_nano.a
LOAD C:/ST/STM32CubeIDE_1.19.0/STM32CubeIDE/plugins/com.st.stm32cube.ide.mcu.externaltools.gnu-tools-for-stm32.13.3.rel1.win32_1.0.0.202411081344/tools/bin/../lib/gcc/arm-none-eabi/13.3.1/../../../../arm-none-eabi/lib/thumb/v7e-m+fp/hard\libm.a
LOAD C:/ST/STM32CubeIDE_1.19.0/STM32CubeIDE/plugins/com.st.stm32cube.ide.mcu.externaltools.gnu-tools-for-stm32.13.3.rel1.win32_1.0.0.202411081344/tools/bin/../lib/gcc/arm-none-eabi/13.3.1/../../../../arm-none-eabi/lib/thumb/v7e-m+fp/hard\libc_nano.a
START GROUP
LOAD C:/ST/STM32CubeIDE_1.19.0/STM32CubeIDE/plugins/com.st.stm32cube.ide.mcu.externaltools.gnu-tools-for-stm32.13.3.rel1.win32_1.0.0.202411081344/tools/bin/../lib/gcc/arm-none-eabi/13.3.1/thumb/v7e-m+fp/hard\libgcc.a
LOAD C:/ST/STM32CubeIDE_1.19.0/STM32CubeIDE/plugins/com.st.stm32cube.ide.mcu.externaltools.gnu-tools-for-stm32.13.3.rel1.win32_1.0.0.202411081344/tools/bin/../lib/gcc/arm-none-eabi/13.3.1/../../../../arm-none-eabi/lib/thumb/v7e-m+fp/hard\libc_nano.a
END GROUP
START GROUP
LOAD C:/ST/STM32CubeIDE_1.19.0/STM32CubeIDE/plugins/com.st.stm32cube.ide.mcu.externaltools.gnu-tools-for-stm32.13.3.rel1.win32_1.0.0.202411081344/tools/bin/../lib/gcc/arm-none-eabi/13.3.1/thumb/v7e-m+fp/hard\libgcc.a
LOAD C:/ST/STM32CubeIDE_1.19.0/STM32CubeIDE/plugins/com.st.stm32cube.ide.mcu.externaltools.gnu-tools-for-stm32.13.3.rel1.win32_1.0.0.202411081344/tools/bin/../lib/gcc/arm-none-eabi/13.3.1/../../../../arm-none-eabi/lib/thumb/v7e-m+fp/hard\libc_nano.a
LOAD C:/ST/STM32CubeIDE_1.19.0/STM32CubeIDE/plugins/com.st.stm32cube.ide.mcu.externaltools.gnu-tools-for-stm32.13.3.rel1.win32_1.0.0.202411081344/tools/bin/../lib/gcc/arm-none-eabi/13.3.1/../../../../arm-none-eabi/lib/thumb/v7e-m+fp/hard\libnosys.a
END GROUP
START GROUP
LOAD C:/ST/STM32CubeIDE_1.19.0/STM32CubeIDE/plugins/com.st.stm32cube.ide.mcu.externaltools.gnu-tools-for-stm32.13.3.rel1.win32_1.0.0.202411081344/tools/bin/../lib/gcc/arm-none-eabi/13.3.1/thumb/v7e-m+fp/hard\libgcc.a
LOAD C:/ST/STM32CubeIDE_1.19.0/STM32CubeIDE/plugins/com.st.stm32cube.ide.mcu.externaltools.gnu-tools-for-stm32.13.3.rel1.win32_1.0.0.202411081344/tools/bin/../lib/gcc/arm-none-eabi/13.3.1/../../../../arm-none-eabi/lib/thumb/v7e-m+fp/hard\libc_nano.a
LOAD C:/ST/STM32CubeIDE_1.19.0/STM32CubeIDE/plugins/com.st.stm32cube.ide.mcu.externaltools.gnu-tools-for-stm32.13.3.rel1.win32_1.0.0.202411081344/tools/bin/../lib/gcc/arm-none-eabi/13.3.1/../../../../arm-none-eabi/lib/thumb/v7e-m+fp/hard\libnosys.a
END GROUP
LOAD C:/ST/STM32CubeIDE_1.19.0/STM32CubeIDE/plugins/com.st.stm32cube.ide.mcu.externaltools.gnu-tools-for-stm32.13.3.rel1.win32_1.0.0.202411081344/tools/bin/../lib/gcc/arm-none-eabi/13.3.1/thumb/v7e-m+fp/hard/crtend.o
LOAD C:/ST/STM32CubeIDE_1.19.0/STM32CubeIDE/plugins/com.st.stm32cube.ide.mcu.externaltools.gnu-tools-for-stm32.13.3.rel1.win32_1.0.0.202411081344/tools/bin/../lib/gcc/arm-none-eabi/13.3.1/thumb/v7e-m+fp/hard/crtn.o
                0x20020000                        _estack = (ORIGIN (RAM) + LENGTH (RAM))
                0x00000200                        _Min_Heap_Size = 0x200
                0x00000400                        _Min_Stack_Size = 0x400

.isr_vector     0x08000000      0x198
                0x08000000                        . = ALIGN (0x4)
 *(.isr_vector)
 .isr_vector    0x08000000      0x198 ./Core/Startup/startup_stm32f411ceux.o
                0x08000000                g_pfnVectors
                0x08000198                        . = ALIGN (0x4)

.text           0x080001a0    0x197fc
                0x080001a0                        . = ALIGN (0x4)
 *(.text)
 .text          0x080001a0       0x40 C:/ST/STM32CubeIDE_1.19.0/STM32CubeIDE/plugins/com.st.stm32cube.ide.mcu.externaltools.gnu-tools-for-stm32.13.3.rel1.win32_1.0.0.202411081344/tools/bin/../lib/gcc/arm-none-eabi/13.3.1/thumb/v7e-m+fp/hard/crtbegin.o
 .text          0x080001e0       0x10 C:/ST/STM32CubeIDE_1.19.0/STM32CubeIDE/plugins/com.st.stm32cube.ide.mcu.externaltools.gnu-tools-for-stm32.13.3.rel1.win32_1.0.0.202411081344/tools/bin/../lib/gcc/arm-none-eabi/13.3.1/../../../../arm-none-eabi/lib/thumb/v7e-m+fp/hard\libc_nano.a(libc_a-strlen.o)
                0x080001e0                strlen
 .text          0x080001f0       0xa0 C:/ST/STM32CubeIDE_1.19.0/STM32CubeIDE/plugins/com.st.stm32cube.ide.mcu.externaltools.gnu-tools-for-stm32.13.3.rel1.win32_1.0.0.202411081344/tools/bin/../lib/gcc/arm-none-eabi/13.3.1/../../../../arm-none-eabi/lib/thumb/v7e-m+fp/hard\libc_nano.a(libc_a-memchr.o)
                0x080001f0                memchr
 .text          0x08000290       0x30 C:/ST/STM32CubeIDE_1.19.0/STM32CubeIDE/plugins/com.st.stm32cube.ide.mcu.externaltools.gnu-tools-for-stm32.13.3.rel1.win32_1.0.0.202411081344/tools/bin/../lib/gcc/arm-none-eabi/13.3.1/thumb/v7e-m+fp/hard\libgcc.a(_aeabi_uldivmod.o)
                0x08000290                __aeabi_uldivmod
 .text          0x080002c0      0x2f8 C:/ST/STM32CubeIDE_1.19.0/STM32CubeIDE/plugins/com.st.stm32cube.ide.mcu.externaltools.gnu-tools-for-stm32.13.3.rel1.win32_1.0.0.202411081344/tools/bin/../lib/gcc/arm-none-eabi/13.3.1/thumb/v7e-m+fp/hard\libgcc.a(_udivmoddi4.o)
                0x080002c0                __udivmoddi4
 .text          0x080005b8        0x4 C:/ST/STM32CubeIDE_1.19.0/STM32CubeIDE/plugins/com.st.stm32cube.ide.mcu.externaltools.gnu-tools-for-stm32.13.3.rel1.win32_1.0.0.202411081344/tools/bin/../lib/gcc/arm-none-eabi/13.3.1/thumb/v7e-m+fp/hard\libgcc.a(_dvmd_tls.o)
                0x080005b8                __aeabi_idiv0
                0x080005b8                __aeabi_ldiv0
 *(.text*)
 .text.main     0x080005bc      0x188 ./Core/Src/main.o
                0x080005bc                main
 .text.SystemClock_Config
                0x08000744       0xd0 ./Core/Src/main.o
                0x08000744                SystemClock_Config
 .text.MX_GPIO_Init
                0x08000814       0x50 ./Core/Src/main.o
 .text.Error_Handler
                0x08000864        0xc ./Core/Src/main.o
                0x08000864                Error_Handler
 .text.HAL_MspInit
                0x08000870       0x50 ./Core/Src/stm32f4xx_hal_msp.o
                0x08000870                HAL_MspInit
 .text.NMI_Handler
                0x080008c0        0x8 ./Core/Src/stm32f4xx_it.o
                0x080008c0                NMI_Handler
 .text.HardFault_Handler
                0x080008c8       0x14 ./Core/Src/stm32f4xx_it.o
                0x080008c8                HardFault_Handler
 .text.MemManage_Handler
                0x080008dc       0x14 ./Core/Src/stm32f4xx_it.o
                0x080008dc                MemManage_Handler
 .text.BusFault_Handler
                0x080008f0       0x14 ./Core/Src/stm32f4xx_it.o
                0x080008f0                BusFault_Handler
 .text.UsageFault_Handler
                0x08000904       0x14 ./Core/Src/stm32f4xx_it.o
                0x08000904                UsageFault_Handler
 .text.SVC_Handler
                0x08000918        0xe ./Core/Src/stm32f4xx_it.o
                0x08000918                SVC_Handler
 .text.DebugMon_Handler
                0x08000926        0xe ./Core/Src/stm32f4xx_it.o
                0x08000926                DebugMon_Handler
 .text.PendSV_Handler
                0x08000934        0xe ./Core/Src/stm32f4xx_it.o
                0x08000934                PendSV_Handler
 .text.SysTick_Handler
                0x08000942        0xc ./Core/Src/stm32f4xx_it.o
                0x08000942                SysTick_Handler
 *fill*         0x0800094e        0x2 
 .text.OTG_FS_IRQHandler
                0x08000950       0x14 ./Core/Src/stm32f4xx_it.o
                0x08000950                OTG_FS_IRQHandler
 .text._getpid  0x08000964       0x10 ./Core/Src/syscalls.o
                0x08000964                _getpid
 .text._kill    0x08000974       0x20 ./Core/Src/syscalls.o
                0x08000974                _kill
 .text._exit    0x08000994       0x16 ./Core/Src/syscalls.o
                0x08000994                _exit
 *fill*         0x080009aa        0x2 
 .text._sbrk    0x080009ac       0x6c ./Core/Src/sysmem.o
                0x080009ac                _sbrk
 .text.SystemInit
                0x08000a18       0x24 ./Core/Src/system_stm32f4xx.o
                0x08000a18                SystemInit
 .text.RX_NextIndex
                0x08000a3c       0x28 ./Core/Src/usb.o
 .text.USB_Init
                0x08000a64       0x2c ./Core/Src/usb.o
                0x08000a64                USB_Init
 .text.USB_Send
                0x08000a90       0x5c ./Core/Src/usb.o
                0x08000a90                USB_Send
 .text.USB_SendString
                0x08000aec       0x30 ./Core/Src/usb.o
                0x08000aec                USB_SendString
 .text.USB_RxCallback
                0x08000b1c       0x74 ./Core/Src/usb.o
                0x08000b1c                USB_RxCallback
 .text.Reset_Handler
                0x08000b90       0x50 ./Core/Startup/startup_stm32f411ceux.o
                0x08000b90                Reset_Handler
 .text.Default_Handler
                0x08000be0        0x2 ./Core/Startup/startup_stm32f411ceux.o
                0x08000be0                RTC_Alarm_IRQHandler
                0x08000be0                EXTI2_IRQHandler
                0x08000be0                SPI4_IRQHandler
                0x08000be0                TIM1_CC_IRQHandler
                0x08000be0                DMA2_Stream5_IRQHandler
                0x08000be0                DMA1_Stream5_IRQHandler
                0x08000be0                PVD_IRQHandler
                0x08000be0                SDIO_IRQHandler
                0x08000be0                TAMP_STAMP_IRQHandler
                0x08000be0                EXTI3_IRQHandler
                0x08000be0                TIM1_UP_TIM10_IRQHandler
                0x08000be0                I2C3_ER_IRQHandler
                0x08000be0                EXTI0_IRQHandler
                0x08000be0                I2C2_EV_IRQHandler
                0x08000be0                DMA1_Stream2_IRQHandler
                0x08000be0                FPU_IRQHandler
                0x08000be0                DMA2_Stream2_IRQHandler
                0x08000be0                SPI1_IRQHandler
                0x08000be0                TIM1_BRK_TIM9_IRQHandler
                0x08000be0                DMA2_Stream3_IRQHandler
                0x08000be0                USART6_IRQHandler
                0x08000be0                DMA2_Stream0_IRQHandler
                0x08000be0                TIM4_IRQHandler
                0x08000be0                I2C1_EV_IRQHandler
                0x08000be0                DMA1_Stream6_IRQHandler
                0x08000be0                DMA1_Stream1_IRQHandler
                0x08000be0                TIM3_IRQHandler
                0x08000be0                RCC_IRQHandler
                0x08000be0                Default_Handler
                0x08000be0                EXTI15_10_IRQHandler
                0x08000be0                ADC_IRQHandler
                0x08000be0                DMA1_Stream7_IRQHandler
                0x08000be0                SPI5_IRQHandler
                0x08000be0                TIM5_IRQHandler
                0x08000be0                DMA2_Stream7_IRQHandler
                0x08000be0                I2C3_EV_IRQHandler
                0x08000be0                EXTI9_5_IRQHandler
                0x08000be0                RTC_WKUP_IRQHandler
                0x08000be0                SPI2_IRQHandler
                0x08000be0                DMA1_Stream0_IRQHandler
                0x08000be0                EXTI4_IRQHandler
                0x08000be0                WWDG_IRQHandler
                0x08000be0                TIM2_IRQHandler
                0x08000be0                OTG_FS_WKUP_IRQHandler
                0x08000be0                TIM1_TRG_COM_TIM11_IRQHandler
                0x08000be0                EXTI1_IRQHandler
                0x08000be0                USART2_IRQHandler
                0x08000be0                I2C2_ER_IRQHandler
                0x08000be0                DMA2_Stream1_IRQHandler
                0x08000be0                FLASH_IRQHandler
                0x08000be0                DMA2_Stream4_IRQHandler
                0x08000be0                USART1_IRQHandler
                0x08000be0                SPI3_IRQHandler
                0x08000be0                DMA1_Stream4_IRQHandler
                0x08000be0                I2C1_ER_IRQHandler
                0x08000be0                DMA2_Stream6_IRQHandler
                0x08000be0                DMA1_Stream3_IRQHandler
 *fill*         0x08000be2        0x2 
 .text.HAL_Init
                0x08000be4       0x44 ./Drivers/STM32F4xx_HAL_Driver/Src/stm32f4xx_hal.o
                0x08000be4                HAL_Init
 .text.HAL_InitTick
                0x08000c28       0x60 ./Drivers/STM32F4xx_HAL_Driver/Src/stm32f4xx_hal.o
                0x08000c28                HAL_InitTick
 .text.HAL_IncTick
                0x08000c88       0x28 ./Drivers/STM32F4xx_HAL_Driver/Src/stm32f4xx_hal.o
                0x08000c88                HAL_IncTick
 .text.HAL_GetTick
                0x08000cb0       0x18 ./Drivers/STM32F4xx_HAL_Driver/Src/stm32f4xx_hal.o
                0x08000cb0                HAL_GetTick
 .text.HAL_Delay
                0x08000cc8       0x48 ./Drivers/STM32F4xx_HAL_Driver/Src/stm32f4xx_hal.o
                0x08000cc8                HAL_Delay
 .text.__NVIC_SetPriorityGrouping
                0x08000d10       0x48 ./Drivers/STM32F4xx_HAL_Driver/Src/stm32f4xx_hal_cortex.o
 .text.__NVIC_GetPriorityGrouping
                0x08000d58       0x1c ./Drivers/STM32F4xx_HAL_Driver/Src/stm32f4xx_hal_cortex.o
 .text.__NVIC_EnableIRQ
                0x08000d74       0x3c ./Drivers/STM32F4xx_HAL_Driver/Src/stm32f4xx_hal_cortex.o
 .text.__NVIC_SetPriority
                0x08000db0       0x54 ./Drivers/STM32F4xx_HAL_Driver/Src/stm32f4xx_hal_cortex.o
 .text.NVIC_EncodePriority
                0x08000e04       0x66 ./Drivers/STM32F4xx_HAL_Driver/Src/stm32f4xx_hal_cortex.o
 *fill*         0x08000e6a        0x2 
 .text.SysTick_Config
                0x08000e6c       0x44 ./Drivers/STM32F4xx_HAL_Driver/Src/stm32f4xx_hal_cortex.o
 .text.HAL_NVIC_SetPriorityGrouping
                0x08000eb0       0x16 ./Drivers/STM32F4xx_HAL_Driver/Src/stm32f4xx_hal_cortex.o
                0x08000eb0                HAL_NVIC_SetPriorityGrouping
 .text.HAL_NVIC_SetPriority
                0x08000ec6       0x38 ./Drivers/STM32F4xx_HAL_Driver/Src/stm32f4xx_hal_cortex.o
                0x08000ec6                HAL_NVIC_SetPriority
 .text.HAL_NVIC_EnableIRQ
                0x08000efe       0x1c ./Drivers/STM32F4xx_HAL_Driver/Src/stm32f4xx_hal_cortex.o
                0x08000efe                HAL_NVIC_EnableIRQ
 .text.HAL_SYSTICK_Config
                0x08000f1a       0x18 ./Drivers/STM32F4xx_HAL_Driver/Src/stm32f4xx_hal_cortex.o
                0x08000f1a                HAL_SYSTICK_Config
 *fill*         0x08000f32        0x2 
 .text.HAL_GPIO_Init
                0x08000f34      0x308 ./Drivers/STM32F4xx_HAL_Driver/Src/stm32f4xx_hal_gpio.o
                0x08000f34                HAL_GPIO_Init
 .text.HAL_PCD_Init
                0x0800123c      0x21e ./Drivers/STM32F4xx_HAL_Driver/Src/stm32f4xx_hal_pcd.o
                0x0800123c                HAL_PCD_Init
 .text.HAL_PCD_Start
                0x0800145a       0x6a ./Drivers/STM32F4xx_HAL_Driver/Src/stm32f4xx_hal_pcd.o
                0x0800145a                HAL_PCD_Start
 .text.HAL_PCD_IRQHandler
                0x080014c4      0x942 ./Drivers/STM32F4xx_HAL_Driver/Src/stm32f4xx_hal_pcd.o
                0x080014c4                HAL_PCD_IRQHandler
 .text.HAL_PCD_SetAddress
                0x08001e06       0x48 ./Drivers/STM32F4xx_HAL_Driver/Src/stm32f4xx_hal_pcd.o
                0x08001e06                HAL_PCD_SetAddress
 .text.HAL_PCD_EP_Open
                0x08001e4e       0xd4 ./Drivers/STM32F4xx_HAL_Driver/Src/stm32f4xx_hal_pcd.o
                0x08001e4e                HAL_PCD_EP_Open
 .text.HAL_PCD_EP_Close
                0x08001f22       0x94 ./Drivers/STM32F4xx_HAL_Driver/Src/stm32f4xx_hal_pcd.o
                0x08001f22                HAL_PCD_EP_Close
 .text.HAL_PCD_EP_Receive
                0x08001fb6       0x76 ./Drivers/STM32F4xx_HAL_Driver/Src/stm32f4xx_hal_pcd.o
                0x08001fb6                HAL_PCD_EP_Receive
 .text.HAL_PCD_EP_GetRxCount
                0x0800202c       0x30 ./Drivers/STM32F4xx_HAL_Driver/Src/stm32f4xx_hal_pcd.o
                0x0800202c                HAL_PCD_EP_GetRxCount
 .text.HAL_PCD_EP_Transmit
                0x0800205c       0x74 ./Drivers/STM32F4xx_HAL_Driver/Src/stm32f4xx_hal_pcd.o
                0x0800205c                HAL_PCD_EP_Transmit
 .text.HAL_PCD_EP_SetStall
                0x080020d0       0xc6 ./Drivers/STM32F4xx_HAL_Driver/Src/stm32f4xx_hal_pcd.o
                0x080020d0                HAL_PCD_EP_SetStall
 .text.HAL_PCD_EP_ClrStall
                0x08002196       0xac ./Drivers/STM32F4xx_HAL_Driver/Src/stm32f4xx_hal_pcd.o
                0x08002196                HAL_PCD_EP_ClrStall
 .text.HAL_PCD_EP_Abort
                0x08002242       0x62 ./Drivers/STM32F4xx_HAL_Driver/Src/stm32f4xx_hal_pcd.o
                0x08002242                HAL_PCD_EP_Abort
 .text.PCD_WriteEmptyTxFifo
                0x080022a4      0x118 ./Drivers/STM32F4xx_HAL_Driver/Src/stm32f4xx_hal_pcd.o
 .text.PCD_EP_OutXfrComplete_int
                0x080023bc      0x1d0 ./Drivers/STM32F4xx_HAL_Driver/Src/stm32f4xx_hal_pcd.o
 .text.PCD_EP_OutSetupPacket_int
                0x0800258c       0x8c ./Drivers/STM32F4xx_HAL_Driver/Src/stm32f4xx_hal_pcd.o
 .text.HAL_PCDEx_SetTxFiFo
                0x08002618       0x8e ./Drivers/STM32F4xx_HAL_Driver/Src/stm32f4xx_hal_pcd_ex.o
                0x08002618                HAL_PCDEx_SetTxFiFo
 .text.HAL_PCDEx_SetRxFiFo
                0x080026a6       0x22 ./Drivers/STM32F4xx_HAL_Driver/Src/stm32f4xx_hal_pcd_ex.o
                0x080026a6                HAL_PCDEx_SetRxFiFo
 .text.HAL_PCDEx_LPM_Callback
                0x080026c8       0x18 ./Drivers/STM32F4xx_HAL_Driver/Src/stm32f4xx_hal_pcd_ex.o
                0x080026c8                HAL_PCDEx_LPM_Callback
 .text.HAL_RCC_OscConfig
                0x080026e0      0x4f0 ./Drivers/STM32F4xx_HAL_Driver/Src/stm32f4xx_hal_rcc.o
                0x080026e0                HAL_RCC_OscConfig
 .text.HAL_RCC_ClockConfig
                0x08002bd0      0x1cc ./Drivers/STM32F4xx_HAL_Driver/Src/stm32f4xx_hal_rcc.o
                0x08002bd0                HAL_RCC_ClockConfig
 .text.HAL_RCC_GetSysClockFreq
                0x08002d9c      0x18c ./Drivers/STM32F4xx_HAL_Driver/Src/stm32f4xx_hal_rcc.o
                0x08002d9c                HAL_RCC_GetSysClockFreq
 .text.HAL_RCC_GetHCLKFreq
                0x08002f28       0x18 ./Drivers/STM32F4xx_HAL_Driver/Src/stm32f4xx_hal_rcc.o
                0x08002f28                HAL_RCC_GetHCLKFreq
 .text.USB_CoreInit
                0x08002f40       0xc8 ./Drivers/STM32F4xx_HAL_Driver/Src/stm32f4xx_ll_usb.o
                0x08002f40                USB_CoreInit
 .text.USB_SetTurnaroundTime
                0x08003008      0x144 ./Drivers/STM32F4xx_HAL_Driver/Src/stm32f4xx_ll_usb.o
                0x08003008                USB_SetTurnaroundTime
 .text.USB_EnableGlobalInt
                0x0800314c       0x22 ./Drivers/STM32F4xx_HAL_Driver/Src/stm32f4xx_ll_usb.o
                0x0800314c                USB_EnableGlobalInt
 .text.USB_DisableGlobalInt
                0x0800316e       0x22 ./Drivers/STM32F4xx_HAL_Driver/Src/stm32f4xx_ll_usb.o
                0x0800316e                USB_DisableGlobalInt
 .text.USB_SetCurrentMode
                0x08003190       0x98 ./Drivers/STM32F4xx_HAL_Driver/Src/stm32f4xx_ll_usb.o
                0x08003190                USB_SetCurrentMode
 .text.USB_DevInit
                0x08003228      0x2c8 ./Drivers/STM32F4xx_HAL_Driver/Src/stm32f4xx_ll_usb.o
                0x08003228                USB_DevInit
 .text.USB_FlushTxFifo
                0x080034f0       0x64 ./Drivers/STM32F4xx_HAL_Driver/Src/stm32f4xx_ll_usb.o
                0x080034f0                USB_FlushTxFifo
 .text.USB_FlushRxFifo
                0x08003554       0x5c ./Drivers/STM32F4xx_HAL_Driver/Src/stm32f4xx_ll_usb.o
                0x08003554                USB_FlushRxFifo
 .text.USB_SetDevSpeed
                0x080035b0       0x32 ./Drivers/STM32F4xx_HAL_Driver/Src/stm32f4xx_ll_usb.o
                0x080035b0                USB_SetDevSpeed
 .text.USB_GetDevSpeed
                0x080035e2       0x4a ./Drivers/STM32F4xx_HAL_Driver/Src/stm32f4xx_ll_usb.o
                0x080035e2                USB_GetDevSpeed
 .text.USB_ActivateEndpoint
                0x0800362c      0x10e ./Drivers/STM32F4xx_HAL_Driver/Src/stm32f4xx_ll_usb.o
                0x0800362c                USB_ActivateEndpoint
 *fill*         0x0800373a        0x2 
 .text.USB_DeactivateEndpoint
                0x0800373c      0x1b8 ./Drivers/STM32F4xx_HAL_Driver/Src/stm32f4xx_ll_usb.o
                0x0800373c                USB_DeactivateEndpoint
 .text.USB_EPStartXfer
                0x080038f4      0x53c ./Drivers/STM32F4xx_HAL_Driver/Src/stm32f4xx_ll_usb.o
                0x080038f4                USB_EPStartXfer
 .text.USB_EPStopXfer
                0x08003e30      0x154 ./Drivers/STM32F4xx_HAL_Driver/Src/stm32f4xx_ll_usb.o
                0x08003e30                USB_EPStopXfer
 .text.USB_WritePacket
                0x08003f84       0x7c ./Drivers/STM32F4xx_HAL_Driver/Src/stm32f4xx_ll_usb.o
                0x08003f84                USB_WritePacket
 .text.USB_ReadPacket
                0x08004000       0xb0 ./Drivers/STM32F4xx_HAL_Driver/Src/stm32f4xx_ll_usb.o
                0x08004000                USB_ReadPacket
 .text.USB_EPSetStall
                0x080040b0       0xdc ./Drivers/STM32F4xx_HAL_Driver/Src/stm32f4xx_ll_usb.o
                0x080040b0                USB_EPSetStall
 .text.USB_EPClearStall
                0x0800418c       0xcc ./Drivers/STM32F4xx_HAL_Driver/Src/stm32f4xx_ll_usb.o
                0x0800418c                USB_EPClearStall
 .text.USB_SetDevAddress
                0x08004258       0x4c ./Drivers/STM32F4xx_HAL_Driver/Src/stm32f4xx_ll_usb.o
                0x08004258                USB_SetDevAddress
 .text.USB_DevConnect
                0x080042a4       0x42 ./Drivers/STM32F4xx_HAL_Driver/Src/stm32f4xx_ll_usb.o
                0x080042a4                USB_DevConnect
 .text.USB_DevDisconnect
                0x080042e6       0x42 ./Drivers/STM32F4xx_HAL_Driver/Src/stm32f4xx_ll_usb.o
                0x080042e6                USB_DevDisconnect
 .text.USB_ReadInterrupts
                0x08004328       0x26 ./Drivers/STM32F4xx_HAL_Driver/Src/stm32f4xx_ll_usb.o
                0x08004328                USB_ReadInterrupts
 .text.USB_ReadDevAllOutEpInterrupt
                0x0800434e       0x34 ./Drivers/STM32F4xx_HAL_Driver/Src/stm32f4xx_ll_usb.o
                0x0800434e                USB_ReadDevAllOutEpInterrupt
 .text.USB_ReadDevAllInEpInterrupt
                0x08004382       0x34 ./Drivers/STM32F4xx_HAL_Driver/Src/stm32f4xx_ll_usb.o
                0x08004382                USB_ReadDevAllInEpInterrupt
 .text.USB_ReadDevOutEPInterrupt
                0x080043b6       0x3c ./Drivers/STM32F4xx_HAL_Driver/Src/stm32f4xx_ll_usb.o
                0x080043b6                USB_ReadDevOutEPInterrupt
 .text.USB_ReadDevInEPInterrupt
                0x080043f2       0x5c ./Drivers/STM32F4xx_HAL_Driver/Src/stm32f4xx_ll_usb.o
                0x080043f2                USB_ReadDevInEPInterrupt
 .text.USB_GetMode
                0x0800444e       0x1c ./Drivers/STM32F4xx_HAL_Driver/Src/stm32f4xx_ll_usb.o
                0x0800444e                USB_GetMode
 .text.USB_ActivateSetup
                0x0800446a       0x46 ./Drivers/STM32F4xx_HAL_Driver/Src/stm32f4xx_ll_usb.o
                0x0800446a                USB_ActivateSetup
 .text.USB_EP0_OutStart
                0x080044b0       0xbc ./Drivers/STM32F4xx_HAL_Driver/Src/stm32f4xx_ll_usb.o
                0x080044b0                USB_EP0_OutStart
 .text.USB_CoreReset
                0x0800456c       0x70 ./Drivers/STM32F4xx_HAL_Driver/Src/stm32f4xx_ll_usb.o
 .text._ZN3MMUC2Ev
                0x080045dc       0x8a ./GameBoy/Src/gameboy_bridge.o
                0x080045dc                MMU::MMU()
                0x080045dc                MMU::MMU()
 .text._ZN18generic_pixel_fifoC2Ev
                0x08004666       0x98 ./GameBoy/Src/gameboy_bridge.o
                0x08004666                generic_pixel_fifo::generic_pixel_fifo()
                0x08004666                generic_pixel_fifo::generic_pixel_fifo()
 .text._ZN8OAM_dataC2Ev
                0x080046fe       0x58 ./GameBoy/Src/gameboy_bridge.o
                0x080046fe                OAM_data::OAM_data()
                0x080046fe                OAM_data::OAM_data()
 .text._ZN3PPUC2Ev
                0x08004756       0x8c ./GameBoy/Src/gameboy_bridge.o
                0x08004756                PPU::PPU()
                0x08004756                PPU::PPU()
 .text._ZN10rom_headerC2Ev
                0x080047e2       0x96 ./GameBoy/Src/gameboy_bridge.o
                0x080047e2                rom_header::rom_header()
                0x080047e2                rom_header::rom_header()
 .text._ZN5LATCHC2Ev
                0x08004878       0x48 ./GameBoy/Src/gameboy_bridge.o
                0x08004878                LATCH::LATCH()
                0x08004878                LATCH::LATCH()
 .text._ZN3MBCC2Ev
                0x080048c0       0x56 ./GameBoy/Src/gameboy_bridge.o
                0x080048c0                MBC::MBC()
                0x080048c0                MBC::MBC()
 .text._ZN8rom_typeC2Ev
                0x08004916       0x2e ./GameBoy/Src/gameboy_bridge.o
                0x08004916                rom_type::rom_type()
                0x08004916                rom_type::rom_type()
 .text._ZN4CARTC2Ev
                0x08004944       0x62 ./GameBoy/Src/gameboy_bridge.o
                0x08004944                CART::CART()
                0x08004944                CART::CART()
 .text._ZN4CARTD2Ev
                0x080049a6       0x30 ./GameBoy/Src/gameboy_bridge.o
                0x080049a6                CART::~CART()
                0x080049a6                CART::~CART()
 .text._ZN3CPUC2Ev
                0x080049d6       0x94 ./GameBoy/Src/gameboy_bridge.o
                0x080049d6                CPU::CPU()
                0x080049d6                CPU::CPU()
 .text._ZN9gb_timersC2Ev
                0x08004a6a       0x46 ./GameBoy/Src/gameboy_bridge.o
                0x08004a6a                gb_timers::gb_timers()
                0x08004a6a                gb_timers::gb_timers()
 .text._ZN6JOYPADC2Ev
                0x08004ab0       0x22 ./GameBoy/Src/gameboy_bridge.o
                0x08004ab0                JOYPAD::JOYPAD()
                0x08004ab0                JOYPAD::JOYPAD()
 .text._ZN2GBC2Ev
                0x08004ad2       0x76 ./GameBoy/Src/gameboy_bridge.o
                0x08004ad2                GB::GB()
                0x08004ad2                GB::GB()
 .text.GameBoy_RunFrame
                0x08004b48       0x8c ./GameBoy/Src/gameboy_bridge.o
                0x08004b48                GameBoy_RunFrame
 .text.GameBoy_GetFrame
                0x08004bd4       0x98 ./GameBoy/Src/gameboy_bridge.o
                0x08004bd4                GameBoy_GetFrame
 .text.GameBoy_TestCartInit
                0x08004c6c       0x28 ./GameBoy/Src/gameboy_bridge.o
                0x08004c6c                GameBoy_TestCartInit
 .text.GameBoy_TestGBInit
                0x08004c94       0x14 ./GameBoy/Src/gameboy_bridge.o
                0x08004c94                GameBoy_TestGBInit
 .text._ZNSt15__uniq_ptr_implIKhSt14default_deleteIA_S0_EEC2Ev
                0x08004ca8       0x1a ./GameBoy/Src/gameboy_bridge.o
                0x08004ca8                std::__uniq_ptr_impl<unsigned char const, std::default_delete<unsigned char const []> >::__uniq_ptr_impl()
                0x08004ca8                std::__uniq_ptr_impl<unsigned char const, std::default_delete<unsigned char const []> >::__uniq_ptr_impl()
 .text._ZNSt15__uniq_ptr_dataIKhSt14default_deleteIA_S0_ELb1ELb1EECI2St15__uniq_ptr_implIS0_S3_EEv
                0x08004cc2       0x1a ./GameBoy/Src/gameboy_bridge.o
                0x08004cc2                std::__uniq_ptr_data<unsigned char const, std::default_delete<unsigned char const []>, true, true>::__uniq_ptr_impl()
                0x08004cc2                std::__uniq_ptr_data<unsigned char const, std::default_delete<unsigned char const []>, true, true>::__uniq_ptr_impl()
 .text._ZNSt10unique_ptrIA_KhSt14default_deleteIS1_EEC2IS3_vEEv
                0x08004cdc       0x20 ./GameBoy/Src/gameboy_bridge.o
                0x08004cdc                std::unique_ptr<unsigned char const [], std::default_delete<unsigned char const []> >::unique_ptr<std::default_delete<unsigned char const []>, void>()
                0x08004cdc                std::unique_ptr<unsigned char const [], std::default_delete<unsigned char const []> >::unique_ptr<std::default_delete<unsigned char const []>, void>()
 .text._ZNSt10unique_ptrIA_KhSt14default_deleteIS1_EED2Ev
                0x08004cfc       0x3e ./GameBoy/Src/gameboy_bridge.o
                0x08004cfc                std::unique_ptr<unsigned char const [], std::default_delete<unsigned char const []> >::~unique_ptr()
                0x08004cfc                std::unique_ptr<unsigned char const [], std::default_delete<unsigned char const []> >::~unique_ptr()
 .text._ZNSt15__uniq_ptr_implIhSt14default_deleteIA_hEEC2Ev
                0x08004d3a       0x1a ./GameBoy/Src/gameboy_bridge.o
                0x08004d3a                std::__uniq_ptr_impl<unsigned char, std::default_delete<unsigned char []> >::__uniq_ptr_impl()
                0x08004d3a                std::__uniq_ptr_impl<unsigned char, std::default_delete<unsigned char []> >::__uniq_ptr_impl()
 .text._ZNSt15__uniq_ptr_dataIhSt14default_deleteIA_hELb1ELb1EECI2St15__uniq_ptr_implIhS2_EEv
                0x08004d54       0x1a ./GameBoy/Src/gameboy_bridge.o
                0x08004d54                std::__uniq_ptr_data<unsigned char, std::default_delete<unsigned char []>, true, true>::__uniq_ptr_impl()
                0x08004d54                std::__uniq_ptr_data<unsigned char, std::default_delete<unsigned char []>, true, true>::__uniq_ptr_impl()
 .text._ZNSt10unique_ptrIA_hSt14default_deleteIS0_EEC2IS2_vEEv
                0x08004d6e       0x20 ./GameBoy/Src/gameboy_bridge.o
                0x08004d6e                std::unique_ptr<unsigned char [], std::default_delete<unsigned char []> >::unique_ptr<std::default_delete<unsigned char []>, void>()
                0x08004d6e                std::unique_ptr<unsigned char [], std::default_delete<unsigned char []> >::unique_ptr<std::default_delete<unsigned char []>, void>()
 .text._ZNSt10unique_ptrIA_hSt14default_deleteIS0_EED2Ev
                0x08004d8e       0x3e ./GameBoy/Src/gameboy_bridge.o
                0x08004d8e                std::unique_ptr<unsigned char [], std::default_delete<unsigned char []> >::~unique_ptr()
                0x08004d8e                std::unique_ptr<unsigned char [], std::default_delete<unsigned char []> >::~unique_ptr()
 .text._ZNSt5tupleIJPKhSt14default_deleteIA_S0_EEEC2ILb1ELb1EEEv
                0x08004dcc       0x1a ./GameBoy/Src/gameboy_bridge.o
                0x08004dcc                std::tuple<unsigned char const*, std::default_delete<unsigned char const []> >::tuple<true, true>()
                0x08004dcc                std::tuple<unsigned char const*, std::default_delete<unsigned char const []> >::tuple<true, true>()
 .text._ZNSt15__uniq_ptr_implIKhSt14default_deleteIA_S0_EE6_M_ptrEv
                0x08004de6       0x1a ./GameBoy/Src/gameboy_bridge.o
                0x08004de6                std::__uniq_ptr_impl<unsigned char const, std::default_delete<unsigned char const []> >::_M_ptr()
 .text._ZNSt10unique_ptrIA_KhSt14default_deleteIS1_EE11get_deleterEv
                0x08004e00       0x1a ./GameBoy/Src/gameboy_bridge.o
                0x08004e00                std::unique_ptr<unsigned char const [], std::default_delete<unsigned char const []> >::get_deleter()
 .text._ZNKSt14default_deleteIA_KhEclIS0_EENSt9enable_ifIXsrSt14is_convertibleIPA_T_PS1_E5valueEvE4typeEPS6_
                0x08004e1a       0x1e ./GameBoy/Src/gameboy_bridge.o
                0x08004e1a                std::enable_if<std::is_convertible<unsigned char const (*) [], unsigned char const (*) []>::value, void>::type std::default_delete<unsigned char const []>::operator()<unsigned char const>(unsigned char const*) const
 .text._ZNSt5tupleIJPhSt14default_deleteIA_hEEEC2ILb1ELb1EEEv
                0x08004e38       0x1a ./GameBoy/Src/gameboy_bridge.o
                0x08004e38                std::tuple<unsigned char*, std::default_delete<unsigned char []> >::tuple<true, true>()
                0x08004e38                std::tuple<unsigned char*, std::default_delete<unsigned char []> >::tuple<true, true>()
 .text._ZNSt15__uniq_ptr_implIhSt14default_deleteIA_hEE6_M_ptrEv
                0x08004e52       0x1a ./GameBoy/Src/gameboy_bridge.o
                0x08004e52                std::__uniq_ptr_impl<unsigned char, std::default_delete<unsigned char []> >::_M_ptr()
 .text._ZNSt10unique_ptrIA_hSt14default_deleteIS0_EE11get_deleterEv
                0x08004e6c       0x1a ./GameBoy/Src/gameboy_bridge.o
                0x08004e6c                std::unique_ptr<unsigned char [], std::default_delete<unsigned char []> >::get_deleter()
 .text._ZNKSt14default_deleteIA_hEclIhEENSt9enable_ifIXsrSt14is_convertibleIPA_T_PS0_E5valueEvE4typeEPS5_
                0x08004e86       0x1e ./GameBoy/Src/gameboy_bridge.o
                0x08004e86                std::enable_if<std::is_convertible<unsigned char (*) [], unsigned char (*) []>::value, void>::type std::default_delete<unsigned char []>::operator()<unsigned char>(unsigned char*) const
 .text._ZNSt11_Tuple_implILj0EJPKhSt14default_deleteIA_S0_EEEC2Ev
                0x08004ea4       0x20 ./GameBoy/Src/gameboy_bridge.o
                0x08004ea4                std::_Tuple_impl<0u, unsigned char const*, std::default_delete<unsigned char const []> >::_Tuple_impl()
                0x08004ea4                std::_Tuple_impl<0u, unsigned char const*, std::default_delete<unsigned char const []> >::_Tuple_impl()
 .text._ZSt3getILj0EJPKhSt14default_deleteIA_S0_EEERNSt13tuple_elementIXT_ESt5tupleIJDpT0_EEE4typeERS9_
                0x08004ec4       0x1a ./GameBoy/Src/gameboy_bridge.o
                0x08004ec4                std::tuple_element<0u, std::tuple<unsigned char const*, std::default_delete<unsigned char const []> > >::type& std::get<0u, unsigned char const*, std::default_delete<unsigned char const []> >(std::tuple<unsigned char const*, std::default_delete<unsigned char const []> >&)
 .text._ZNSt15__uniq_ptr_implIKhSt14default_deleteIA_S0_EE10_M_deleterEv
                0x08004ede       0x1a ./GameBoy/Src/gameboy_bridge.o
                0x08004ede                std::__uniq_ptr_impl<unsigned char const, std::default_delete<unsigned char const []> >::_M_deleter()
 .text._ZNSt11_Tuple_implILj0EJPhSt14default_deleteIA_hEEEC2Ev
                0x08004ef8       0x20 ./GameBoy/Src/gameboy_bridge.o
                0x08004ef8                std::_Tuple_impl<0u, unsigned char*, std::default_delete<unsigned char []> >::_Tuple_impl()
                0x08004ef8                std::_Tuple_impl<0u, unsigned char*, std::default_delete<unsigned char []> >::_Tuple_impl()
 .text._ZSt3getILj0EJPhSt14default_deleteIA_hEEERNSt13tuple_elementIXT_ESt5tupleIJDpT0_EEE4typeERS8_
                0x08004f18       0x1a ./GameBoy/Src/gameboy_bridge.o
                0x08004f18                std::tuple_element<0u, std::tuple<unsigned char*, std::default_delete<unsigned char []> > >::type& std::get<0u, unsigned char*, std::default_delete<unsigned char []> >(std::tuple<unsigned char*, std::default_delete<unsigned char []> >&)
 .text._ZNSt15__uniq_ptr_implIhSt14default_deleteIA_hEE10_M_deleterEv
                0x08004f32       0x1a ./GameBoy/Src/gameboy_bridge.o
                0x08004f32                std::__uniq_ptr_impl<unsigned char, std::default_delete<unsigned char []> >::_M_deleter()
 .text._ZNSt11_Tuple_implILj1EJSt14default_deleteIA_KhEEEC2Ev
                0x08004f4c       0x18 ./GameBoy/Src/gameboy_bridge.o
                0x08004f4c                std::_Tuple_impl<1u, std::default_delete<unsigned char const []> >::_Tuple_impl()
                0x08004f4c                std::_Tuple_impl<1u, std::default_delete<unsigned char const []> >::_Tuple_impl()
 .text._ZNSt10_Head_baseILj0EPKhLb0EEC2Ev
                0x08004f64       0x1c ./GameBoy/Src/gameboy_bridge.o
                0x08004f64                std::_Head_base<0u, unsigned char const*, false>::_Head_base()
                0x08004f64                std::_Head_base<0u, unsigned char const*, false>::_Head_base()
 .text._ZSt12__get_helperILj0EPKhJSt14default_deleteIA_S0_EEERT0_RSt11_Tuple_implIXT_EJS5_DpT1_EE
                0x08004f80       0x18 ./GameBoy/Src/gameboy_bridge.o
                0x08004f80                unsigned char const*& std::__get_helper<0u, unsigned char const*, std::default_delete<unsigned char const []> >(std::_Tuple_impl<0u, unsigned char const*, std::default_delete<unsigned char const []> >&)
 .text._ZSt3getILj1EJPKhSt14default_deleteIA_S0_EEERNSt13tuple_elementIXT_ESt5tupleIJDpT0_EEE4typeERS9_
                0x08004f98       0x18 ./GameBoy/Src/gameboy_bridge.o
                0x08004f98                std::tuple_element<1u, std::tuple<unsigned char const*, std::default_delete<unsigned char const []> > >::type& std::get<1u, unsigned char const*, std::default_delete<unsigned char const []> >(std::tuple<unsigned char const*, std::default_delete<unsigned char const []> >&)
 .text._ZNSt11_Tuple_implILj1EJSt14default_deleteIA_hEEEC2Ev
                0x08004fb0       0x18 ./GameBoy/Src/gameboy_bridge.o
                0x08004fb0                std::_Tuple_impl<1u, std::default_delete<unsigned char []> >::_Tuple_impl()
                0x08004fb0                std::_Tuple_impl<1u, std::default_delete<unsigned char []> >::_Tuple_impl()
 .text._ZNSt10_Head_baseILj0EPhLb0EEC2Ev
                0x08004fc8       0x1c ./GameBoy/Src/gameboy_bridge.o
                0x08004fc8                std::_Head_base<0u, unsigned char*, false>::_Head_base()
                0x08004fc8                std::_Head_base<0u, unsigned char*, false>::_Head_base()
 .text._ZSt12__get_helperILj0EPhJSt14default_deleteIA_hEEERT0_RSt11_Tuple_implIXT_EJS4_DpT1_EE
                0x08004fe4       0x18 ./GameBoy/Src/gameboy_bridge.o
                0x08004fe4                unsigned char*& std::__get_helper<0u, unsigned char*, std::default_delete<unsigned char []> >(std::_Tuple_impl<0u, unsigned char*, std::default_delete<unsigned char []> >&)
 .text._ZSt3getILj1EJPhSt14default_deleteIA_hEEERNSt13tuple_elementIXT_ESt5tupleIJDpT0_EEE4typeERS8_
                0x08004ffc       0x18 ./GameBoy/Src/gameboy_bridge.o
                0x08004ffc                std::tuple_element<1u, std::tuple<unsigned char*, std::default_delete<unsigned char []> > >::type& std::get<1u, unsigned char*, std::default_delete<unsigned char []> >(std::tuple<unsigned char*, std::default_delete<unsigned char []> >&)
 .text._ZNSt10_Head_baseILj1ESt14default_deleteIA_KhELb1EEC2Ev
                0x08005014       0x16 ./GameBoy/Src/gameboy_bridge.o
                0x08005014                std::_Head_base<1u, std::default_delete<unsigned char const []>, true>::_Head_base()
                0x08005014                std::_Head_base<1u, std::default_delete<unsigned char const []>, true>::_Head_base()
 .text._ZNSt11_Tuple_implILj0EJPKhSt14default_deleteIA_S0_EEE7_M_headERS5_
                0x0800502a       0x1a ./GameBoy/Src/gameboy_bridge.o
                0x0800502a                std::_Tuple_impl<0u, unsigned char const*, std::default_delete<unsigned char const []> >::_M_head(std::_Tuple_impl<0u, unsigned char const*, std::default_delete<unsigned char const []> >&)
 .text._ZSt12__get_helperILj1ESt14default_deleteIA_KhEJEERT0_RSt11_Tuple_implIXT_EJS4_DpT1_EE
                0x08005044       0x18 ./GameBoy/Src/gameboy_bridge.o
                0x08005044                std::default_delete<unsigned char const []>& std::__get_helper<1u, std::default_delete<unsigned char const []>>(std::_Tuple_impl<1u, std::default_delete<unsigned char const []>>&)
 .text._ZNSt10_Head_baseILj1ESt14default_deleteIA_hELb1EEC2Ev
                0x0800505c       0x16 ./GameBoy/Src/gameboy_bridge.o
                0x0800505c                std::_Head_base<1u, std::default_delete<unsigned char []>, true>::_Head_base()
                0x0800505c                std::_Head_base<1u, std::default_delete<unsigned char []>, true>::_Head_base()
 .text._ZNSt11_Tuple_implILj0EJPhSt14default_deleteIA_hEEE7_M_headERS4_
                0x08005072       0x1a ./GameBoy/Src/gameboy_bridge.o
                0x08005072                std::_Tuple_impl<0u, unsigned char*, std::default_delete<unsigned char []> >::_M_head(std::_Tuple_impl<0u, unsigned char*, std::default_delete<unsigned char []> >&)
 .text._ZSt12__get_helperILj1ESt14default_deleteIA_hEJEERT0_RSt11_Tuple_implIXT_EJS3_DpT1_EE
                0x0800508c       0x18 ./GameBoy/Src/gameboy_bridge.o
                0x0800508c                std::default_delete<unsigned char []>& std::__get_helper<1u, std::default_delete<unsigned char []>>(std::_Tuple_impl<1u, std::default_delete<unsigned char []>>&)
 .text._ZNSt10_Head_baseILj0EPKhLb0EE7_M_headERS2_
                0x080050a4       0x16 ./GameBoy/Src/gameboy_bridge.o
                0x080050a4                std::_Head_base<0u, unsigned char const*, false>::_M_head(std::_Head_base<0u, unsigned char const*, false>&)
 .text._ZNSt11_Tuple_implILj1EJSt14default_deleteIA_KhEEE7_M_headERS4_
                0x080050ba       0x18 ./GameBoy/Src/gameboy_bridge.o
                0x080050ba                std::_Tuple_impl<1u, std::default_delete<unsigned char const []> >::_M_head(std::_Tuple_impl<1u, std::default_delete<unsigned char const []> >&)
 .text._ZNSt10_Head_baseILj0EPhLb0EE7_M_headERS1_
                0x080050d2       0x16 ./GameBoy/Src/gameboy_bridge.o
                0x080050d2                std::_Head_base<0u, unsigned char*, false>::_M_head(std::_Head_base<0u, unsigned char*, false>&)
 .text._ZNSt11_Tuple_implILj1EJSt14default_deleteIA_hEEE7_M_headERS3_
                0x080050e8       0x18 ./GameBoy/Src/gameboy_bridge.o
                0x080050e8                std::_Tuple_impl<1u, std::default_delete<unsigned char []> >::_M_head(std::_Tuple_impl<1u, std::default_delete<unsigned char []> >&)
 .text._ZNSt10_Head_baseILj1ESt14default_deleteIA_KhELb1EE7_M_headERS4_
                0x08005100       0x16 ./GameBoy/Src/gameboy_bridge.o
                0x08005100                std::_Head_base<1u, std::default_delete<unsigned char const []>, true>::_M_head(std::_Head_base<1u, std::default_delete<unsigned char const []>, true>&)
 .text._ZNSt10_Head_baseILj1ESt14default_deleteIA_hELb1EE7_M_headERS3_
                0x08005116       0x16 ./GameBoy/Src/gameboy_bridge.o
                0x08005116                std::_Head_base<1u, std::default_delete<unsigned char []>, true>::_M_head(std::_Head_base<1u, std::default_delete<unsigned char []>, true>&)
 .text._Z41__static_initialization_and_destruction_0v
                0x0800512c       0x14 ./GameBoy/Src/gameboy_bridge.o
 .text._ZN2GBD2Ev
                0x08005140       0x20 ./GameBoy/Src/gameboy_bridge.o
                0x08005140                GB::~GB()
                0x08005140                GB::~GB()
 .text._Z41__static_initialization_and_destruction_1v
                0x08005160       0x14 ./GameBoy/Src/gameboy_bridge.o
 .text._GLOBAL__sub_I_gb_loop_count
                0x08005174        0xa ./GameBoy/Src/gameboy_bridge.o
 .text._GLOBAL__sub_D_gb_loop_count
                0x0800517e        0xa ./GameBoy/Src/gameboy_bridge.o
 .text._ZSt23__is_constant_evaluatedv
                0x08005188       0x10 ./GameBoy/Src/gb.o
                0x08005188                std::__is_constant_evaluated()
 .text._ZN4CART4initEP2GBPKhm
                0x08005198       0x74 ./GameBoy/Src/gb.o
                0x08005198                CART::init(GB*, unsigned char const*, unsigned long)
 .text._ZN4CART17allocate_rom_dataEPKhm
                0x0800520c       0x1e ./GameBoy/Src/gb.o
                0x0800520c                CART::allocate_rom_data(unsigned char const*, unsigned long)
 *fill*         0x0800522a        0x2 
 .text._ZN4CART16load_header_dataEv
                0x0800522c      0x50c ./GameBoy/Src/gb.o
                0x0800522c                CART::load_header_data()
 .text._ZNSt15__uniq_ptr_dataIhSt14default_deleteIA_hELb1ELb1EEaSEOS3_
                0x08005738       0x20 ./GameBoy/Src/gb.o
                0x08005738                std::__uniq_ptr_data<unsigned char, std::default_delete<unsigned char []>, true, true>::operator=(std::__uniq_ptr_data<unsigned char, std::default_delete<unsigned char []>, true, true>&&)
 .text._ZNSt10unique_ptrIA_hSt14default_deleteIS0_EEaSEOS3_
                0x08005758       0x20 ./GameBoy/Src/gb.o
                0x08005758                std::unique_ptr<unsigned char [], std::default_delete<unsigned char []> >::operator=(std::unique_ptr<unsigned char [], std::default_delete<unsigned char []> >&&)
 .text._ZN4CART13allocate_sramEv
                0x08005778      0x1a0 ./GameBoy/Src/gb.o
                0x08005778                CART::allocate_sram()
 .text._ZN4CART15mbc_mbc1m_checkEv
                0x08005918       0x78 ./GameBoy/Src/gb.o
                0x08005918                CART::mbc_mbc1m_check()
 .text._ZN4CART22mbc_determine_functionEP2GB
                0x08005990      0x270 ./GameBoy/Src/gb.o
                0x08005990                CART::mbc_determine_function(GB*)
 .text._ZN2GB7gb_initEv
                0x08005c00      0x278 ./GameBoy/Src/gb.o
                0x08005c00                GB::gb_init()
 .text._ZNKSt10unique_ptrIA_KhSt14default_deleteIS1_EEixEj
                0x08005e78       0x3c ./GameBoy/Src/gb.o
                0x08005e78                std::unique_ptr<unsigned char const [], std::default_delete<unsigned char const []> >::operator[](unsigned int) const
 .text._ZN2gb5printIJRhS1_EEEvPKcDpOT_
                0x08005eb4       0x18 ./GameBoy/Src/gb.o
                0x08005eb4                void gb::print<unsigned char&, unsigned char&>(char const*, unsigned char&, unsigned char&)
 .text._ZN2gb5printIJRtS1_EEEvPKcDpOT_
                0x08005ecc       0x18 ./GameBoy/Src/gb.o
                0x08005ecc                void gb::print<unsigned short&, unsigned short&>(char const*, unsigned short&, unsigned short&)
 .text._ZNSt10unique_ptrIA_hSt14default_deleteIS0_EEaSEDn
                0x08005ee4       0x1c ./GameBoy/Src/gb.o
                0x08005ee4                std::unique_ptr<unsigned char [], std::default_delete<unsigned char []> >::operator=(decltype(nullptr))
 .text._ZNSt15__uniq_ptr_dataIhSt14default_deleteIA_hELb1ELb1EECI2St15__uniq_ptr_implIhS2_EEPh
                0x08005f00       0x20 ./GameBoy/Src/gb.o
                0x08005f00                std::__uniq_ptr_data<unsigned char, std::default_delete<unsigned char []>, true, true>::__uniq_ptr_impl(unsigned char*)
                0x08005f00                std::__uniq_ptr_data<unsigned char, std::default_delete<unsigned char []>, true, true>::__uniq_ptr_impl(unsigned char*)
 .text._ZNSt10unique_ptrIA_hSt14default_deleteIS0_EEC2IPhS2_vbEET_
                0x08005f20       0x1e ./GameBoy/Src/gb.o
                0x08005f20                std::unique_ptr<unsigned char [], std::default_delete<unsigned char []> >::unique_ptr<unsigned char*, std::default_delete<unsigned char []>, void, bool>(unsigned char*)
                0x08005f20                std::unique_ptr<unsigned char [], std::default_delete<unsigned char []> >::unique_ptr<unsigned char*, std::default_delete<unsigned char []>, void, bool>(unsigned char*)
 .text._ZNSt15__uniq_ptr_implIhSt14default_deleteIA_hEEaSEOS3_
                0x08005f3e       0x38 ./GameBoy/Src/gb.o
                0x08005f3e                std::__uniq_ptr_impl<unsigned char, std::default_delete<unsigned char []> >::operator=(std::__uniq_ptr_impl<unsigned char, std::default_delete<unsigned char []> >&&)
 .text._ZN2gb5printIJEEEvPKcDpOT_
                0x08005f76       0x14 ./GameBoy/Src/gb.o
                0x08005f76                void gb::print<>(char const*)
 .text._ZNKSt10unique_ptrIA_KhSt14default_deleteIS1_EE3getEv
                0x08005f8a       0x1a ./GameBoy/Src/gb.o
                0x08005f8a                std::unique_ptr<unsigned char const [], std::default_delete<unsigned char const []> >::get() const
 .text._ZNSt10unique_ptrIA_hSt14default_deleteIS0_EE5resetEDn
                0x08005fa4       0x1a ./GameBoy/Src/gb.o
                0x08005fa4                std::unique_ptr<unsigned char [], std::default_delete<unsigned char []> >::reset(decltype(nullptr))
 .text._ZNSt15__uniq_ptr_implIhSt14default_deleteIA_hEEC2EPh
                0x08005fbe       0x28 ./GameBoy/Src/gb.o
                0x08005fbe                std::__uniq_ptr_impl<unsigned char, std::default_delete<unsigned char []> >::__uniq_ptr_impl(unsigned char*)
                0x08005fbe                std::__uniq_ptr_impl<unsigned char, std::default_delete<unsigned char []> >::__uniq_ptr_impl(unsigned char*)
 .text._ZNSt15__uniq_ptr_implIhSt14default_deleteIA_hEE5resetEPh
                0x08005fe6       0x40 ./GameBoy/Src/gb.o
                0x08005fe6                std::__uniq_ptr_impl<unsigned char, std::default_delete<unsigned char []> >::reset(unsigned char*)
 .text._ZNSt15__uniq_ptr_implIhSt14default_deleteIA_hEE7releaseEv
                0x08006026       0x2a ./GameBoy/Src/gb.o
                0x08006026                std::__uniq_ptr_impl<unsigned char, std::default_delete<unsigned char []> >::release()
 .text._ZSt7forwardISt14default_deleteIA_hEEOT_RNSt16remove_referenceIS3_E4typeE
                0x08006050       0x16 ./GameBoy/Src/gb.o
                0x08006050                std::default_delete<unsigned char []>&& std::forward<std::default_delete<unsigned char []> >(std::remove_reference<std::default_delete<unsigned char []> >::type&)
 .text._ZNKSt15__uniq_ptr_implIKhSt14default_deleteIA_S0_EE6_M_ptrEv
                0x08006066       0x1c ./GameBoy/Src/gb.o
                0x08006066                std::__uniq_ptr_impl<unsigned char const, std::default_delete<unsigned char const []> >::_M_ptr() const
 .text._ZNSt10unique_ptrIA_hSt14default_deleteIS0_EE5resetIPhvEEvT_
                0x08006082       0x28 ./GameBoy/Src/gb.o
                0x08006082                void std::unique_ptr<unsigned char [], std::default_delete<unsigned char []> >::reset<unsigned char*, void>(unsigned char*)
 .text._ZSt3getILj0EJPKhSt14default_deleteIA_S0_EEERKNSt13tuple_elementIXT_ESt5tupleIJDpT0_EEE4typeERKS9_
                0x080060aa       0x1a ./GameBoy/Src/gb.o
                0x080060aa                std::tuple_element<0u, std::tuple<unsigned char const*, std::default_delete<unsigned char const []> > >::type const& std::get<0u, unsigned char const*, std::default_delete<unsigned char const []> >(std::tuple<unsigned char const*, std::default_delete<unsigned char const []> > const&)
 .text._ZSt4moveIRPhEONSt16remove_referenceIT_E4typeEOS3_
                0x080060c4       0x16 ./GameBoy/Src/gb.o
                0x080060c4                std::remove_reference<unsigned char*&>::type&& std::move<unsigned char*&>(unsigned char*&)
 .text._ZSt12__get_helperILj0EPKhJSt14default_deleteIA_S0_EEERKT0_RKSt11_Tuple_implIXT_EJS5_DpT1_EE
                0x080060da       0x18 ./GameBoy/Src/gb.o
                0x080060da                unsigned char const* const& std::__get_helper<0u, unsigned char const*, std::default_delete<unsigned char const []> >(std::_Tuple_impl<0u, unsigned char const*, std::default_delete<unsigned char const []> > const&)
 .text._ZNSt11_Tuple_implILj0EJPKhSt14default_deleteIA_S0_EEE7_M_headERKS5_
                0x080060f2       0x1a ./GameBoy/Src/gb.o
                0x080060f2                std::_Tuple_impl<0u, unsigned char const*, std::default_delete<unsigned char const []> >::_M_head(std::_Tuple_impl<0u, unsigned char const*, std::default_delete<unsigned char const []> > const&)
 .text._ZNSt10_Head_baseILj0EPKhLb0EE7_M_headERKS2_
                0x0800610c       0x16 ./GameBoy/Src/gb.o
                0x0800610c                std::_Head_base<0u, unsigned char const*, false>::_M_head(std::_Head_base<0u, unsigned char const*, false> const&)
 .text._Z14gb_update_timaP2GB
                0x08006122       0xfa ./GameBoy/Src/gb_step.o
                0x08006122                gb_update_tima(GB*)
 .text._ZN2GB7gb_stepEv
                0x0800621c      0x89c ./GameBoy/Src/gb_step.o
                0x0800621c                GB::gb_step()
 .text.GD_USB_Send
                0x08006ab8       0x1e ./GameBoy/Src/gd_usb.o
                0x08006ab8                GD_USB_Send
 *fill*         0x08006ad6        0x2 
 .text.GD_USB_CalculateCRC
                0x08006ad8       0x78 ./GameBoy/Src/gd_usb.o
 .text.GD_USB_SendFrame
                0x08006b50       0x9c ./GameBoy/Src/gd_usb.o
                0x08006b50                GD_USB_SendFrame
 .text._ZL19gb_interrupt_cyclesP2GB
                0x08006bec      0x2a8 ./GameBoy/Src/interrupts.o
 .text._Z20gb_interrupt_handlerP2GB
                0x08006e94       0x5a ./GameBoy/Src/interrupts.o
                0x08006e94                gb_interrupt_handler(GB*)
 *fill*         0x08006eee        0x2 
 .text._Z7gb_loopP2GB
                0x08006ef0      0x214 ./GameBoy/Src/loop.o
                0x08006ef0                gb_loop(GB*)
 .text._ZL18mbc_nombc_readbyteP2GBt
                0x08007104       0x28 ./GameBoy/Src/mbc.o
 .text._ZL21mbc1_generic_readbyteP2GBt
                0x0800712c       0xf4 ./GameBoy/Src/mbc.o
 .text._ZL17mbc_mbc1_readbyteP2GBt
                0x08007220       0xaa ./GameBoy/Src/mbc.o
 .text._ZL19mbc_nombc_writebyteP2GBth
                0x080072ca       0x1c ./GameBoy/Src/mbc.o
 .text._ZL18mbc_mbc1_writebyteP2GBth
                0x080072e6      0x12a ./GameBoy/Src/mbc.o
 .text._Z28mbc_initialize_mbc_functions8rom_type
                0x08007410       0x54 ./GameBoy/Src/mbc.o
                0x08007410                mbc_initialize_mbc_functions(rom_type)
 .text._ZNKSt10unique_ptrIA_hSt14default_deleteIS0_EEixEj
                0x08007464       0x3c ./GameBoy/Src/mbc.o
                0x08007464                std::unique_ptr<unsigned char [], std::default_delete<unsigned char []> >::operator[](unsigned int) const
 .text._ZNKSt10unique_ptrIA_hSt14default_deleteIS0_EE3getEv
                0x080074a0       0x1a ./GameBoy/Src/mbc.o
                0x080074a0                std::unique_ptr<unsigned char [], std::default_delete<unsigned char []> >::get() const
 .text._ZNKSt15__uniq_ptr_implIhSt14default_deleteIA_hEE6_M_ptrEv
                0x080074ba       0x1c ./GameBoy/Src/mbc.o
                0x080074ba                std::__uniq_ptr_impl<unsigned char, std::default_delete<unsigned char []> >::_M_ptr() const
 .text._ZSt3getILj0EJPhSt14default_deleteIA_hEEERKNSt13tuple_elementIXT_ESt5tupleIJDpT0_EEE4typeERKS8_
                0x080074d6       0x1a ./GameBoy/Src/mbc.o
                0x080074d6                std::tuple_element<0u, std::tuple<unsigned char*, std::default_delete<unsigned char []> > >::type const& std::get<0u, unsigned char*, std::default_delete<unsigned char []> >(std::tuple<unsigned char*, std::default_delete<unsigned char []> > const&)
 .text._ZSt12__get_helperILj0EPhJSt14default_deleteIA_hEEERKT0_RKSt11_Tuple_implIXT_EJS4_DpT1_EE
                0x080074f0       0x18 ./GameBoy/Src/mbc.o
                0x080074f0                unsigned char* const& std::__get_helper<0u, unsigned char*, std::default_delete<unsigned char []> >(std::_Tuple_impl<0u, unsigned char*, std::default_delete<unsigned char []> > const&)
 .text._ZNSt11_Tuple_implILj0EJPhSt14default_deleteIA_hEEE7_M_headERKS4_
                0x08007508       0x1a ./GameBoy/Src/mbc.o
                0x08007508                std::_Tuple_impl<0u, unsigned char*, std::default_delete<unsigned char []> >::_M_head(std::_Tuple_impl<0u, unsigned char*, std::default_delete<unsigned char []> > const&)
 .text._ZNSt10_Head_baseILj0EPhLb0EE7_M_headERKS1_
                0x08007522       0x16 ./GameBoy/Src/mbc.o
                0x08007522                std::_Head_base<0u, unsigned char*, false>::_M_head(std::_Head_base<0u, unsigned char*, false> const&)
 .text._ZL15read_mbc_helperP2GBt
                0x08007538       0x28 ./GameBoy/Src/mmu.o
 .text._ZL16read_FEXX_helperP2GBt
                0x08007560      0x16c ./GameBoy/Src/mmu.o
 .text._Z12mmu_init_mapP2GB
                0x080076cc      0x1d8 ./GameBoy/Src/mmu.o
                0x080076cc                mmu_init_map(GB*)
 .text._Z16bus_default_readP2GBt
                0x080078a4       0x5c ./GameBoy/Src/mmu.o
                0x080078a4                bus_default_read(GB*, unsigned short)
 .text._ZL16bus_dma_oam_readP2GBt
                0x08007900       0xe4 ./GameBoy/Src/mmu.o
 .text._Z8bus_readP2GBt
                0x080079e4       0x86 ./GameBoy/Src/mmu.o
                0x080079e4                bus_read(GB*, unsigned short)
 *fill*         0x08007a6a        0x2 
 .text._Z26bus_default_lockless_writeP2GBth
                0x08007a6c      0x480 ./GameBoy/Src/mmu.o
                0x08007a6c                bus_default_lockless_write(GB*, unsigned short, unsigned char)
 .text._Z17bus_default_writeP2GBth
                0x08007eec       0x24 ./GameBoy/Src/mmu.o
                0x08007eec                bus_default_write(GB*, unsigned short, unsigned char)
 .text._Z9bus_writeP2GBth
                0x08007f10       0xcc ./GameBoy/Src/mmu.o
                0x08007f10                bus_write(GB*, unsigned short, unsigned char)
 .text._ZL3NOPP2GB
                0x08007fdc       0x20 ./GameBoy/Src/opcodes.o
 .text._ZL6LD_r_rP2GBPhS1_
                0x08007ffc       0x2c ./GameBoy/Src/opcodes.o
 .text._ZL8LD_mrr_rP2GBht
                0x08008028       0x5a ./GameBoy/Src/opcodes.o
 .text._ZL7LD_mn_rP2GBh
                0x08008082       0xb8 ./GameBoy/Src/opcodes.o
 .text._ZL7LD_r_mnP2GBPh
                0x0800813a       0xbc ./GameBoy/Src/opcodes.o
 .text._ZL7LD_mr_rP2GBhh
                0x080081f6       0x64 ./GameBoy/Src/opcodes.o
 .text._ZL7LD_r_mrP2GBPhh
                0x0800825a       0x68 ./GameBoy/Src/opcodes.o
 .text._ZL8LD_r_mrrP2GBPht
                0x080082c2       0x5e ./GameBoy/Src/opcodes.o
 .text._ZL10LD_rr_sps8P2GBPhS1_
                0x08008320      0x220 ./GameBoy/Src/opcodes.o
 .text._ZL8LD_sp_rrP2GBt
                0x08008540       0x58 ./GameBoy/Src/opcodes.o
 .text._ZL6LD_r_nP2GBPh
                0x08008598       0x7c ./GameBoy/Src/opcodes.o
 .text._ZL8LD_r_mnnP2GBPh
                0x08008614      0x11e ./GameBoy/Src/opcodes.o
 .text._ZL8LD_rr_nnP2GBPhS1_
                0x08008732       0xdc ./GameBoy/Src/opcodes.o
 .text._ZL8LD_mrr_nP2GBt
                0x0800880e       0xae ./GameBoy/Src/opcodes.o
 .text._ZL9LD_mnn_spP2GB
                0x080088bc      0x168 ./GameBoy/Src/opcodes.o
 .text._ZL8LD_sp_nnP2GB
                0x08008a24       0xec ./GameBoy/Src/opcodes.o
 .text._ZL8LD_mnn_rP2GBh
                0x08008b10      0x118 ./GameBoy/Src/opcodes.o
 .text._ZL4RLCAP2GB
                0x08008c28      0x128 ./GameBoy/Src/opcodes.o
 .text._ZL4RRCAP2GB
                0x08008d50      0x134 ./GameBoy/Src/opcodes.o
 .text._ZL3RLAP2GB
                0x08008e84      0x13c ./GameBoy/Src/opcodes.o
 .text._ZL3RRAP2GB
                0x08008fc0      0x148 ./GameBoy/Src/opcodes.o
 .text._ZL3DAAP2GB
                0x08009108      0x208 ./GameBoy/Src/opcodes.o
 .text._ZL3CPLP2GB
                0x08009310       0x94 ./GameBoy/Src/opcodes.o
 .text._ZL3SCFP2GB
                0x080093a4       0xaa ./GameBoy/Src/opcodes.o
 .text._ZL3CCFP2GB
                0x0800944e       0xd0 ./GameBoy/Src/opcodes.o
 .text._ZL9ADD_rr_rrP2GBPhS1_S1_S1_
                0x0800951e      0x24a ./GameBoy/Src/opcodes.o
 .text._ZL9ADD_rr_spP2GBPhS1_Pt
                0x08009768      0x24e ./GameBoy/Src/opcodes.o
 .text._ZL7ADD_r_rP2GBPhS1_
                0x080099b6      0x1c4 ./GameBoy/Src/opcodes.o
 .text._ZL9ADD_r_mrrP2GBPht
                0x08009b7a      0x1ec ./GameBoy/Src/opcodes.o
 .text._ZL7ADD_r_nP2GBPh
                0x08009d66      0x20c ./GameBoy/Src/opcodes.o
 .text._ZL9ADD_sp_s8P2GB
                0x08009f72      0x1e2 ./GameBoy/Src/opcodes.o
 .text._ZL3ADCP2GBPhS1_
                0x0800a154      0x204 ./GameBoy/Src/opcodes.o
 .text._ZL9ADC_r_mrrP2GBPht
                0x0800a358      0x22c ./GameBoy/Src/opcodes.o
 .text._ZL7ADC_r_nP2GBPh
                0x0800a584      0x242 ./GameBoy/Src/opcodes.o
 .text._ZL5SUB_rP2GBPh
                0x0800a7c6      0x148 ./GameBoy/Src/opcodes.o
 .text._ZL7SUB_mrrP2GBt
                0x0800a90e      0x200 ./GameBoy/Src/opcodes.o
 .text._ZL5SUB_nP2GB
                0x0800ab0e      0x21c ./GameBoy/Src/opcodes.o
 .text._ZL7SBC_r_rP2GBPhh
                0x0800ad2a      0x162 ./GameBoy/Src/opcodes.o
 .text._ZL9SBC_r_mrrP2GBPht
                0x0800ae8c      0x1f4 ./GameBoy/Src/opcodes.o
 .text._ZL7SBC_r_nP2GBPh
                0x0800b080      0x254 ./GameBoy/Src/opcodes.o
 .text._ZL5INC_rP2GBPh
                0x0800b2d4      0x10c ./GameBoy/Src/opcodes.o
 .text._ZL6INC_rrP2GBPhS1_
                0x0800b3e0       0x7a ./GameBoy/Src/opcodes.o
 .text._ZL6INC_spP2GBPt
                0x0800b45a       0x54 ./GameBoy/Src/opcodes.o
 .text._ZL7INC_mrrP2GBt
                0x0800b4ae      0x160 ./GameBoy/Src/opcodes.o
 .text._ZL5DEC_rP2GBPh
                0x0800b60e      0x10c ./GameBoy/Src/opcodes.o
 .text._ZL6DEC_rrP2GBPhS1_
                0x0800b71a       0x7a ./GameBoy/Src/opcodes.o
 .text._ZL6DEC_spP2GBPt
                0x0800b794       0x54 ./GameBoy/Src/opcodes.o
 .text._ZL7DEC_mrrP2GBt
                0x0800b7e8      0x19e ./GameBoy/Src/opcodes.o
 .text._ZL5JR_s8P2GB
                0x0800b986       0xbc ./GameBoy/Src/opcodes.o
 .text._ZL7JR_flagP2GBbb
                0x0800ba42       0xda ./GameBoy/Src/opcodes.o
 .text._ZL3ANDP2GBPh
                0x0800bb1c      0x114 ./GameBoy/Src/opcodes.o
 .text._ZL5AND_nP2GB
                0x0800bc30      0x18a ./GameBoy/Src/opcodes.o
 .text._ZL7AND_mrrP2GBt
                0x0800bdba      0x16e ./GameBoy/Src/opcodes.o
 .text._ZL3XORP2GBPh
                0x0800bf28      0x13e ./GameBoy/Src/opcodes.o
 .text._ZL7XOR_mrrP2GBt
                0x0800c066      0x16e ./GameBoy/Src/opcodes.o
 .text._ZL5XOR_nP2GB
                0x0800c1d4      0x18a ./GameBoy/Src/opcodes.o
 .text._ZL2ORP2GBPh
                0x0800c35e      0x13e ./GameBoy/Src/opcodes.o
 .text._ZL6OR_mrrP2GBt
                0x0800c49c      0x16e ./GameBoy/Src/opcodes.o
 .text._ZL4OR_nP2GB
                0x0800c60a      0x18a ./GameBoy/Src/opcodes.o
 .text._ZL2CPP2GBPh
                0x0800c794      0x1aa ./GameBoy/Src/opcodes.o
 .text._ZL8CP_r_mrrP2GBPht
                0x0800c93e      0x1e6 ./GameBoy/Src/opcodes.o
 .text._ZL6CP_r_nP2GBh
                0x0800cb24      0x1ea ./GameBoy/Src/opcodes.o
 .text._ZL8RET_flagP2GBbb
                0x0800cd0e      0x15c ./GameBoy/Src/opcodes.o
 .text._ZL3RETP2GB
                0x0800ce6a      0x112 ./GameBoy/Src/opcodes.o
 .text._ZL4RETIP2GB
                0x0800cf7c      0x11e ./GameBoy/Src/opcodes.o
 .text._ZL6POP_rrP2GBPhS1_
                0x0800d09a       0xfa ./GameBoy/Src/opcodes.o
 .text._ZL10JP_nn_flagP2GBbb
                0x0800d194      0x130 ./GameBoy/Src/opcodes.o
 .text._ZL5JP_nnP2GB
                0x0800d2c4      0x112 ./GameBoy/Src/opcodes.o
 .text._ZL5JP_rrP2GBt
                0x0800d3d6       0x32 ./GameBoy/Src/opcodes.o
 .text._ZL9CALL_flagP2GBbb
                0x0800d408      0x1f6 ./GameBoy/Src/opcodes.o
 .text._ZL4CALLP2GB
                0x0800d5fe      0x1d6 ./GameBoy/Src/opcodes.o
 .text._ZL7PUSH_rrP2GBt
                0x0800d7d4       0xfe ./GameBoy/Src/opcodes.o
 .text._ZL3RSTP2GBh
                0x0800d8d2      0x120 ./GameBoy/Src/opcodes.o
 .text._ZL2DIP2GB
                0x0800d9f2       0x38 ./GameBoy/Src/opcodes.o
 .text._ZL2EIP2GB
                0x0800da2a       0x48 ./GameBoy/Src/opcodes.o
 .text._ZL4HALTP2GB
                0x0800da72       0xca ./GameBoy/Src/opcodes.o
 .text._ZL4STOPP2GB
                0x0800db3c       0x90 ./GameBoy/Src/opcodes.o
 .text._ZL11cpu_op_0x00P2GB
                0x0800dbcc       0x16 ./GameBoy/Src/opcodes.o
 .text._ZL11cpu_op_0x01P2GB
                0x0800dbe2       0x28 ./GameBoy/Src/opcodes.o
 .text._ZL11cpu_op_0x02P2GB
                0x0800dc0a       0x42 ./GameBoy/Src/opcodes.o
 .text._ZL11cpu_op_0x03P2GB
                0x0800dc4c       0x28 ./GameBoy/Src/opcodes.o
 .text._ZL11cpu_op_0x04P2GB
                0x0800dc74       0x20 ./GameBoy/Src/opcodes.o
 .text._ZL11cpu_op_0x05P2GB
                0x0800dc94       0x20 ./GameBoy/Src/opcodes.o
 .text._ZL11cpu_op_0x06P2GB
                0x0800dcb4       0x20 ./GameBoy/Src/opcodes.o
 .text._ZL11cpu_op_0x07P2GB
                0x0800dcd4       0x16 ./GameBoy/Src/opcodes.o
 .text._ZL11cpu_op_0x08P2GB
                0x0800dcea       0x16 ./GameBoy/Src/opcodes.o
 .text._ZL11cpu_op_0x09P2GB
                0x0800dd00       0x3a ./GameBoy/Src/opcodes.o
 .text._ZL11cpu_op_0x0AP2GB
                0x0800dd3a       0x40 ./GameBoy/Src/opcodes.o
 .text._ZL11cpu_op_0x0BP2GB
                0x0800dd7a       0x28 ./GameBoy/Src/opcodes.o
 .text._ZL11cpu_op_0x0CP2GB
                0x0800dda2       0x20 ./GameBoy/Src/opcodes.o
 .text._ZL11cpu_op_0x0DP2GB
                0x0800ddc2       0x20 ./GameBoy/Src/opcodes.o
 .text._ZL11cpu_op_0x0EP2GB
                0x0800dde2       0x20 ./GameBoy/Src/opcodes.o
 .text._ZL11cpu_op_0x0FP2GB
                0x0800de02       0x16 ./GameBoy/Src/opcodes.o
 .text._ZL11cpu_op_0x10P2GB
                0x0800de18       0x16 ./GameBoy/Src/opcodes.o
 .text._ZL11cpu_op_0x11P2GB
                0x0800de2e       0x28 ./GameBoy/Src/opcodes.o
 .text._ZL11cpu_op_0x12P2GB
                0x0800de56       0x42 ./GameBoy/Src/opcodes.o
 .text._ZL11cpu_op_0x13P2GB
                0x0800de98       0x28 ./GameBoy/Src/opcodes.o
 .text._ZL11cpu_op_0x14P2GB
                0x0800dec0       0x20 ./GameBoy/Src/opcodes.o
 .text._ZL11cpu_op_0x15P2GB
                0x0800dee0       0x20 ./GameBoy/Src/opcodes.o
 .text._ZL11cpu_op_0x16P2GB
                0x0800df00       0x20 ./GameBoy/Src/opcodes.o
 .text._ZL11cpu_op_0x17P2GB
                0x0800df20       0x16 ./GameBoy/Src/opcodes.o
 .text._ZL11cpu_op_0x18P2GB
                0x0800df36       0x16 ./GameBoy/Src/opcodes.o
 .text._ZL11cpu_op_0x19P2GB
                0x0800df4c       0x3a ./GameBoy/Src/opcodes.o
 .text._ZL11cpu_op_0x1AP2GB
                0x0800df86       0x40 ./GameBoy/Src/opcodes.o
 .text._ZL11cpu_op_0x1BP2GB
                0x0800dfc6       0x28 ./GameBoy/Src/opcodes.o
 .text._ZL11cpu_op_0x1CP2GB
                0x0800dfee       0x20 ./GameBoy/Src/opcodes.o
 .text._ZL11cpu_op_0x1DP2GB
                0x0800e00e       0x20 ./GameBoy/Src/opcodes.o
 .text._ZL11cpu_op_0x1EP2GB
                0x0800e02e       0x20 ./GameBoy/Src/opcodes.o
 .text._ZL11cpu_op_0x1FP2GB
                0x0800e04e       0x16 ./GameBoy/Src/opcodes.o
 .text._ZL11cpu_op_0x20P2GB
                0x0800e064       0x36 ./GameBoy/Src/opcodes.o
 .text._ZL11cpu_op_0x21P2GB
                0x0800e09a       0x28 ./GameBoy/Src/opcodes.o
 .text._ZL11cpu_op_0x22P2GB
                0x0800e0c2       0x70 ./GameBoy/Src/opcodes.o
 .text._ZL11cpu_op_0x23P2GB
                0x0800e132       0x28 ./GameBoy/Src/opcodes.o
 .text._ZL11cpu_op_0x24P2GB
                0x0800e15a       0x20 ./GameBoy/Src/opcodes.o
 .text._ZL11cpu_op_0x25P2GB
                0x0800e17a       0x20 ./GameBoy/Src/opcodes.o
 .text._ZL11cpu_op_0x26P2GB
                0x0800e19a       0x20 ./GameBoy/Src/opcodes.o
 .text._ZL11cpu_op_0x27P2GB
                0x0800e1ba       0x16 ./GameBoy/Src/opcodes.o
 .text._ZL11cpu_op_0x28P2GB
                0x0800e1d0       0x36 ./GameBoy/Src/opcodes.o
 .text._ZL11cpu_op_0x29P2GB
                0x0800e206       0x3a ./GameBoy/Src/opcodes.o
 .text._ZL11cpu_op_0x2AP2GB
                0x0800e240       0x6e ./GameBoy/Src/opcodes.o
 .text._ZL11cpu_op_0x2BP2GB
                0x0800e2ae       0x28 ./GameBoy/Src/opcodes.o
 .text._ZL11cpu_op_0x2CP2GB
                0x0800e2d6       0x20 ./GameBoy/Src/opcodes.o
 .text._ZL11cpu_op_0x2DP2GB
                0x0800e2f6       0x20 ./GameBoy/Src/opcodes.o
 .text._ZL11cpu_op_0x2EP2GB
                0x0800e316       0x20 ./GameBoy/Src/opcodes.o
 .text._ZL11cpu_op_0x2FP2GB
                0x0800e336       0x16 ./GameBoy/Src/opcodes.o
 .text._ZL11cpu_op_0x30P2GB
                0x0800e34c       0x3c ./GameBoy/Src/opcodes.o
 .text._ZL11cpu_op_0x31P2GB
                0x0800e388       0x16 ./GameBoy/Src/opcodes.o
 .text._ZL11cpu_op_0x32P2GB
                0x0800e39e       0x70 ./GameBoy/Src/opcodes.o
 .text._ZL11cpu_op_0x33P2GB
                0x0800e40e       0x20 ./GameBoy/Src/opcodes.o
 .text._ZL11cpu_op_0x34P2GB
                0x0800e42e       0x38 ./GameBoy/Src/opcodes.o
 .text._ZL11cpu_op_0x35P2GB
                0x0800e466       0x38 ./GameBoy/Src/opcodes.o
 .text._ZL11cpu_op_0x36P2GB
                0x0800e49e       0x38 ./GameBoy/Src/opcodes.o
 .text._ZL11cpu_op_0x37P2GB
                0x0800e4d6       0x16 ./GameBoy/Src/opcodes.o
 .text._ZL11cpu_op_0x38P2GB
                0x0800e4ec       0x3c ./GameBoy/Src/opcodes.o
 .text._ZL11cpu_op_0x39P2GB
                0x0800e528       0x2e ./GameBoy/Src/opcodes.o
 .text._ZL11cpu_op_0x3AP2GB
                0x0800e556       0x6e ./GameBoy/Src/opcodes.o
 .text._ZL11cpu_op_0x3BP2GB
                0x0800e5c4       0x20 ./GameBoy/Src/opcodes.o
 .text._ZL11cpu_op_0x3CP2GB
                0x0800e5e4       0x20 ./GameBoy/Src/opcodes.o
 .text._ZL11cpu_op_0x3DP2GB
                0x0800e604       0x20 ./GameBoy/Src/opcodes.o
 .text._ZL11cpu_op_0x3EP2GB
                0x0800e624       0x20 ./GameBoy/Src/opcodes.o
 .text._ZL11cpu_op_0x3FP2GB
                0x0800e644       0x16 ./GameBoy/Src/opcodes.o
 .text._ZL11cpu_op_0x40P2GB
                0x0800e65a       0x28 ./GameBoy/Src/opcodes.o
 .text._ZL11cpu_op_0x41P2GB
                0x0800e682       0x28 ./GameBoy/Src/opcodes.o
 .text._ZL11cpu_op_0x42P2GB
                0x0800e6aa       0x28 ./GameBoy/Src/opcodes.o
 .text._ZL11cpu_op_0x43P2GB
                0x0800e6d2       0x28 ./GameBoy/Src/opcodes.o
 .text._ZL11cpu_op_0x44P2GB
                0x0800e6fa       0x28 ./GameBoy/Src/opcodes.o
 .text._ZL11cpu_op_0x45P2GB
                0x0800e722       0x28 ./GameBoy/Src/opcodes.o
 .text._ZL11cpu_op_0x46P2GB
                0x0800e74a       0x40 ./GameBoy/Src/opcodes.o
 .text._ZL11cpu_op_0x47P2GB
                0x0800e78a       0x28 ./GameBoy/Src/opcodes.o
 .text._ZL11cpu_op_0x48P2GB
                0x0800e7b2       0x28 ./GameBoy/Src/opcodes.o
 .text._ZL11cpu_op_0x49P2GB
                0x0800e7da       0x28 ./GameBoy/Src/opcodes.o
 .text._ZL11cpu_op_0x4AP2GB
                0x0800e802       0x28 ./GameBoy/Src/opcodes.o
 .text._ZL11cpu_op_0x4BP2GB
                0x0800e82a       0x28 ./GameBoy/Src/opcodes.o
 .text._ZL11cpu_op_0x4CP2GB
                0x0800e852       0x28 ./GameBoy/Src/opcodes.o
 .text._ZL11cpu_op_0x4DP2GB
                0x0800e87a       0x28 ./GameBoy/Src/opcodes.o
 .text._ZL11cpu_op_0x4EP2GB
                0x0800e8a2       0x40 ./GameBoy/Src/opcodes.o
 .text._ZL11cpu_op_0x4FP2GB
                0x0800e8e2       0x28 ./GameBoy/Src/opcodes.o
 .text._ZL11cpu_op_0x50P2GB
                0x0800e90a       0x28 ./GameBoy/Src/opcodes.o
 .text._ZL11cpu_op_0x51P2GB
                0x0800e932       0x28 ./GameBoy/Src/opcodes.o
 .text._ZL11cpu_op_0x52P2GB
                0x0800e95a       0x28 ./GameBoy/Src/opcodes.o
 .text._ZL11cpu_op_0x53P2GB
                0x0800e982       0x28 ./GameBoy/Src/opcodes.o
 .text._ZL11cpu_op_0x54P2GB
                0x0800e9aa       0x28 ./GameBoy/Src/opcodes.o
 .text._ZL11cpu_op_0x55P2GB
                0x0800e9d2       0x28 ./GameBoy/Src/opcodes.o
 .text._ZL11cpu_op_0x56P2GB
                0x0800e9fa       0x40 ./GameBoy/Src/opcodes.o
 .text._ZL11cpu_op_0x57P2GB
                0x0800ea3a       0x28 ./GameBoy/Src/opcodes.o
 .text._ZL11cpu_op_0x58P2GB
                0x0800ea62       0x28 ./GameBoy/Src/opcodes.o
 .text._ZL11cpu_op_0x59P2GB
                0x0800ea8a       0x28 ./GameBoy/Src/opcodes.o
 .text._ZL11cpu_op_0x5AP2GB
                0x0800eab2       0x28 ./GameBoy/Src/opcodes.o
 .text._ZL11cpu_op_0x5BP2GB
                0x0800eada       0x28 ./GameBoy/Src/opcodes.o
 .text._ZL11cpu_op_0x5CP2GB
                0x0800eb02       0x28 ./GameBoy/Src/opcodes.o
 .text._ZL11cpu_op_0x5DP2GB
                0x0800eb2a       0x28 ./GameBoy/Src/opcodes.o
 .text._ZL11cpu_op_0x5EP2GB
                0x0800eb52       0x40 ./GameBoy/Src/opcodes.o
 .text._ZL11cpu_op_0x5FP2GB
                0x0800eb92       0x28 ./GameBoy/Src/opcodes.o
 .text._ZL11cpu_op_0x60P2GB
                0x0800ebba       0x28 ./GameBoy/Src/opcodes.o
 .text._ZL11cpu_op_0x61P2GB
                0x0800ebe2       0x28 ./GameBoy/Src/opcodes.o
 .text._ZL11cpu_op_0x62P2GB
                0x0800ec0a       0x28 ./GameBoy/Src/opcodes.o
 .text._ZL11cpu_op_0x63P2GB
                0x0800ec32       0x28 ./GameBoy/Src/opcodes.o
 .text._ZL11cpu_op_0x64P2GB
                0x0800ec5a       0x28 ./GameBoy/Src/opcodes.o
 .text._ZL11cpu_op_0x65P2GB
                0x0800ec82       0x28 ./GameBoy/Src/opcodes.o
 .text._ZL11cpu_op_0x66P2GB
                0x0800ecaa       0x40 ./GameBoy/Src/opcodes.o
 .text._ZL11cpu_op_0x67P2GB
                0x0800ecea       0x28 ./GameBoy/Src/opcodes.o
 .text._ZL11cpu_op_0x68P2GB
                0x0800ed12       0x28 ./GameBoy/Src/opcodes.o
 .text._ZL11cpu_op_0x69P2GB
                0x0800ed3a       0x28 ./GameBoy/Src/opcodes.o
 .text._ZL11cpu_op_0x6AP2GB
                0x0800ed62       0x28 ./GameBoy/Src/opcodes.o
 .text._ZL11cpu_op_0x6BP2GB
                0x0800ed8a       0x28 ./GameBoy/Src/opcodes.o
 .text._ZL11cpu_op_0x6CP2GB
                0x0800edb2       0x28 ./GameBoy/Src/opcodes.o
 .text._ZL11cpu_op_0x6DP2GB
                0x0800edda       0x28 ./GameBoy/Src/opcodes.o
 .text._ZL11cpu_op_0x6EP2GB
                0x0800ee02       0x40 ./GameBoy/Src/opcodes.o
 .text._ZL11cpu_op_0x6FP2GB
                0x0800ee42       0x28 ./GameBoy/Src/opcodes.o
 .text._ZL11cpu_op_0x70P2GB
                0x0800ee6a       0x42 ./GameBoy/Src/opcodes.o
 .text._ZL11cpu_op_0x71P2GB
                0x0800eeac       0x42 ./GameBoy/Src/opcodes.o
 .text._ZL11cpu_op_0x72P2GB
                0x0800eeee       0x42 ./GameBoy/Src/opcodes.o
 .text._ZL11cpu_op_0x73P2GB
                0x0800ef30       0x42 ./GameBoy/Src/opcodes.o
 .text._ZL11cpu_op_0x74P2GB
                0x0800ef72       0x42 ./GameBoy/Src/opcodes.o
 .text._ZL11cpu_op_0x75P2GB
                0x0800efb4       0x42 ./GameBoy/Src/opcodes.o
 .text._ZL11cpu_op_0x76P2GB
                0x0800eff6       0x16 ./GameBoy/Src/opcodes.o
 .text._ZL11cpu_op_0x77P2GB
                0x0800f00c       0x42 ./GameBoy/Src/opcodes.o
 .text._ZL11cpu_op_0x78P2GB
                0x0800f04e       0x28 ./GameBoy/Src/opcodes.o
 .text._ZL11cpu_op_0x79P2GB
                0x0800f076       0x28 ./GameBoy/Src/opcodes.o
 .text._ZL11cpu_op_0x7AP2GB
                0x0800f09e       0x28 ./GameBoy/Src/opcodes.o
 .text._ZL11cpu_op_0x7BP2GB
                0x0800f0c6       0x28 ./GameBoy/Src/opcodes.o
 .text._ZL11cpu_op_0x7CP2GB
                0x0800f0ee       0x28 ./GameBoy/Src/opcodes.o
 .text._ZL11cpu_op_0x7DP2GB
                0x0800f116       0x28 ./GameBoy/Src/opcodes.o
 .text._ZL11cpu_op_0x7EP2GB
                0x0800f13e       0x40 ./GameBoy/Src/opcodes.o
 .text._ZL11cpu_op_0x7FP2GB
                0x0800f17e       0x28 ./GameBoy/Src/opcodes.o
 .text._ZL11cpu_op_0x80P2GB
                0x0800f1a6       0x28 ./GameBoy/Src/opcodes.o
 .text._ZL11cpu_op_0x81P2GB
                0x0800f1ce       0x28 ./GameBoy/Src/opcodes.o
 .text._ZL11cpu_op_0x82P2GB
                0x0800f1f6       0x28 ./GameBoy/Src/opcodes.o
 .text._ZL11cpu_op_0x83P2GB
                0x0800f21e       0x28 ./GameBoy/Src/opcodes.o
 .text._ZL11cpu_op_0x84P2GB
                0x0800f246       0x28 ./GameBoy/Src/opcodes.o
 .text._ZL11cpu_op_0x85P2GB
                0x0800f26e       0x28 ./GameBoy/Src/opcodes.o
 .text._ZL11cpu_op_0x86P2GB
                0x0800f296       0x40 ./GameBoy/Src/opcodes.o
 .text._ZL11cpu_op_0x87P2GB
                0x0800f2d6       0x28 ./GameBoy/Src/opcodes.o
 .text._ZL11cpu_op_0x88P2GB
                0x0800f2fe       0x28 ./GameBoy/Src/opcodes.o
 .text._ZL11cpu_op_0x89P2GB
                0x0800f326       0x28 ./GameBoy/Src/opcodes.o
 .text._ZL11cpu_op_0x8AP2GB
                0x0800f34e       0x28 ./GameBoy/Src/opcodes.o
 .text._ZL11cpu_op_0x8BP2GB
                0x0800f376       0x28 ./GameBoy/Src/opcodes.o
 .text._ZL11cpu_op_0x8CP2GB
                0x0800f39e       0x28 ./GameBoy/Src/opcodes.o
 .text._ZL11cpu_op_0x8DP2GB
                0x0800f3c6       0x28 ./GameBoy/Src/opcodes.o
 .text._ZL11cpu_op_0x8EP2GB
                0x0800f3ee       0x40 ./GameBoy/Src/opcodes.o
 .text._ZL11cpu_op_0x8FP2GB
                0x0800f42e       0x28 ./GameBoy/Src/opcodes.o
 .text._ZL11cpu_op_0x90P2GB
                0x0800f456       0x20 ./GameBoy/Src/opcodes.o
 .text._ZL11cpu_op_0x91P2GB
                0x0800f476       0x20 ./GameBoy/Src/opcodes.o
 .text._ZL11cpu_op_0x92P2GB
                0x0800f496       0x20 ./GameBoy/Src/opcodes.o
 .text._ZL11cpu_op_0x93P2GB
                0x0800f4b6       0x20 ./GameBoy/Src/opcodes.o
 .text._ZL11cpu_op_0x94P2GB
                0x0800f4d6       0x20 ./GameBoy/Src/opcodes.o
 .text._ZL11cpu_op_0x95P2GB
                0x0800f4f6       0x20 ./GameBoy/Src/opcodes.o
 .text._ZL11cpu_op_0x96P2GB
                0x0800f516       0x38 ./GameBoy/Src/opcodes.o
 .text._ZL11cpu_op_0x97P2GB
                0x0800f54e       0x20 ./GameBoy/Src/opcodes.o
 .text._ZL11cpu_op_0x98P2GB
                0x0800f56e       0x2a ./GameBoy/Src/opcodes.o
 .text._ZL11cpu_op_0x99P2GB
                0x0800f598       0x2a ./GameBoy/Src/opcodes.o
 .text._ZL11cpu_op_0x9AP2GB
                0x0800f5c2       0x2a ./GameBoy/Src/opcodes.o
 .text._ZL11cpu_op_0x9BP2GB
                0x0800f5ec       0x2a ./GameBoy/Src/opcodes.o
 .text._ZL11cpu_op_0x9CP2GB
                0x0800f616       0x2a ./GameBoy/Src/opcodes.o
 .text._ZL11cpu_op_0x9DP2GB
                0x0800f640       0x2a ./GameBoy/Src/opcodes.o
 .text._ZL11cpu_op_0x9EP2GB
                0x0800f66a       0x40 ./GameBoy/Src/opcodes.o
 .text._ZL11cpu_op_0x9FP2GB
                0x0800f6aa       0x2a ./GameBoy/Src/opcodes.o
 .text._ZL11cpu_op_0xA0P2GB
                0x0800f6d4       0x20 ./GameBoy/Src/opcodes.o
 .text._ZL11cpu_op_0xA1P2GB
                0x0800f6f4       0x20 ./GameBoy/Src/opcodes.o
 .text._ZL11cpu_op_0xA2P2GB
                0x0800f714       0x20 ./GameBoy/Src/opcodes.o
 .text._ZL11cpu_op_0xA3P2GB
                0x0800f734       0x20 ./GameBoy/Src/opcodes.o
 .text._ZL11cpu_op_0xA4P2GB
                0x0800f754       0x20 ./GameBoy/Src/opcodes.o
 .text._ZL11cpu_op_0xA5P2GB
                0x0800f774       0x20 ./GameBoy/Src/opcodes.o
 .text._ZL11cpu_op_0xA6P2GB
                0x0800f794       0x38 ./GameBoy/Src/opcodes.o
 .text._ZL11cpu_op_0xA7P2GB
                0x0800f7cc       0x20 ./GameBoy/Src/opcodes.o
 .text._ZL11cpu_op_0xA8P2GB
                0x0800f7ec       0x20 ./GameBoy/Src/opcodes.o
 .text._ZL11cpu_op_0xA9P2GB
                0x0800f80c       0x20 ./GameBoy/Src/opcodes.o
 .text._ZL11cpu_op_0xAAP2GB
                0x0800f82c       0x20 ./GameBoy/Src/opcodes.o
 .text._ZL11cpu_op_0xABP2GB
                0x0800f84c       0x20 ./GameBoy/Src/opcodes.o
 .text._ZL11cpu_op_0xACP2GB
                0x0800f86c       0x20 ./GameBoy/Src/opcodes.o
 .text._ZL11cpu_op_0xADP2GB
                0x0800f88c       0x20 ./GameBoy/Src/opcodes.o
 .text._ZL11cpu_op_0xAEP2GB
                0x0800f8ac       0x38 ./GameBoy/Src/opcodes.o
 .text._ZL11cpu_op_0xAFP2GB
                0x0800f8e4       0x20 ./GameBoy/Src/opcodes.o
 .text._ZL11cpu_op_0xB0P2GB
                0x0800f904       0x20 ./GameBoy/Src/opcodes.o
 .text._ZL11cpu_op_0xB1P2GB
                0x0800f924       0x20 ./GameBoy/Src/opcodes.o
 .text._ZL11cpu_op_0xB2P2GB
                0x0800f944       0x20 ./GameBoy/Src/opcodes.o
 .text._ZL11cpu_op_0xB3P2GB
                0x0800f964       0x20 ./GameBoy/Src/opcodes.o
 .text._ZL11cpu_op_0xB4P2GB
                0x0800f984       0x20 ./GameBoy/Src/opcodes.o
 .text._ZL11cpu_op_0xB5P2GB
                0x0800f9a4       0x20 ./GameBoy/Src/opcodes.o
 .text._ZL11cpu_op_0xB6P2GB
                0x0800f9c4       0x38 ./GameBoy/Src/opcodes.o
 .text._ZL11cpu_op_0xB7P2GB
                0x0800f9fc       0x20 ./GameBoy/Src/opcodes.o
 .text._ZL11cpu_op_0xB8P2GB
                0x0800fa1c       0x20 ./GameBoy/Src/opcodes.o
 .text._ZL11cpu_op_0xB9P2GB
                0x0800fa3c       0x20 ./GameBoy/Src/opcodes.o
 .text._ZL11cpu_op_0xBAP2GB
                0x0800fa5c       0x20 ./GameBoy/Src/opcodes.o
 .text._ZL11cpu_op_0xBBP2GB
                0x0800fa7c       0x20 ./GameBoy/Src/opcodes.o
 .text._ZL11cpu_op_0xBCP2GB
                0x0800fa9c       0x20 ./GameBoy/Src/opcodes.o
 .text._ZL11cpu_op_0xBDP2GB
                0x0800fabc       0x20 ./GameBoy/Src/opcodes.o
 .text._ZL11cpu_op_0xBEP2GB
                0x0800fadc       0x40 ./GameBoy/Src/opcodes.o
 .text._ZL11cpu_op_0xBFP2GB
                0x0800fb1c       0x20 ./GameBoy/Src/opcodes.o
 .text._ZL11cpu_op_0xC0P2GB
                0x0800fb3c       0x36 ./GameBoy/Src/opcodes.o
 .text._ZL11cpu_op_0xC1P2GB
                0x0800fb72       0x28 ./GameBoy/Src/opcodes.o
 .text._ZL11cpu_op_0xC2P2GB
                0x0800fb9a       0x36 ./GameBoy/Src/opcodes.o
 .text._ZL11cpu_op_0xC3P2GB
                0x0800fbd0       0x16 ./GameBoy/Src/opcodes.o
 .text._ZL11cpu_op_0xC4P2GB
                0x0800fbe6       0x36 ./GameBoy/Src/opcodes.o
 .text._ZL11cpu_op_0xC5P2GB
                0x0800fc1c       0x38 ./GameBoy/Src/opcodes.o
 .text._ZL11cpu_op_0xC6P2GB
                0x0800fc54       0x20 ./GameBoy/Src/opcodes.o
 .text._ZL11cpu_op_0xC7P2GB
                0x0800fc74       0x18 ./GameBoy/Src/opcodes.o
 .text._ZL11cpu_op_0xC8P2GB
                0x0800fc8c       0x36 ./GameBoy/Src/opcodes.o
 .text._ZL11cpu_op_0xC9P2GB
                0x0800fcc2       0x16 ./GameBoy/Src/opcodes.o
 .text._ZL11cpu_op_0xCAP2GB
                0x0800fcd8       0x36 ./GameBoy/Src/opcodes.o
 .text._ZL11cpu_op_0xCCP2GB
                0x0800fd0e       0x36 ./GameBoy/Src/opcodes.o
 .text._ZL11cpu_op_0xCDP2GB
                0x0800fd44       0x16 ./GameBoy/Src/opcodes.o
 .text._ZL11cpu_op_0xCEP2GB
                0x0800fd5a       0x20 ./GameBoy/Src/opcodes.o
 .text._ZL11cpu_op_0xCFP2GB
                0x0800fd7a       0x18 ./GameBoy/Src/opcodes.o
 .text._ZL11cpu_op_0xD0P2GB
                0x0800fd92       0x3c ./GameBoy/Src/opcodes.o
 .text._ZL11cpu_op_0xD1P2GB
                0x0800fdce       0x28 ./GameBoy/Src/opcodes.o
 .text._ZL11cpu_op_0xD2P2GB
                0x0800fdf6       0x3c ./GameBoy/Src/opcodes.o
 .text._ZL11cpu_op_0xD4P2GB
                0x0800fe32       0x3c ./GameBoy/Src/opcodes.o
 .text._ZL11cpu_op_0xD5P2GB
                0x0800fe6e       0x38 ./GameBoy/Src/opcodes.o
 .text._ZL11cpu_op_0xD6P2GB
                0x0800fea6       0x16 ./GameBoy/Src/opcodes.o
 .text._ZL11cpu_op_0xD7P2GB
                0x0800febc       0x18 ./GameBoy/Src/opcodes.o
 .text._ZL11cpu_op_0xD8P2GB
                0x0800fed4       0x3c ./GameBoy/Src/opcodes.o
 .text._ZL11cpu_op_0xD9P2GB
                0x0800ff10       0x16 ./GameBoy/Src/opcodes.o
 .text._ZL11cpu_op_0xDAP2GB
                0x0800ff26       0x3c ./GameBoy/Src/opcodes.o
 .text._ZL11cpu_op_0xDCP2GB
                0x0800ff62       0x3c ./GameBoy/Src/opcodes.o
 .text._ZL11cpu_op_0xDEP2GB
                0x0800ff9e       0x20 ./GameBoy/Src/opcodes.o
 .text._ZL11cpu_op_0xDFP2GB
                0x0800ffbe       0x18 ./GameBoy/Src/opcodes.o
 .text._ZL11cpu_op_0xE0P2GB
                0x0800ffd6       0x22 ./GameBoy/Src/opcodes.o
 .text._ZL11cpu_op_0xE1P2GB
                0x0800fff8       0x28 ./GameBoy/Src/opcodes.o
 .text._ZL11cpu_op_0xE2P2GB
                0x08010020       0x2c ./GameBoy/Src/opcodes.o
 .text._ZL11cpu_op_0xE5P2GB
                0x0801004c       0x38 ./GameBoy/Src/opcodes.o
 .text._ZL11cpu_op_0xE6P2GB
                0x08010084       0x16 ./GameBoy/Src/opcodes.o
 .text._ZL11cpu_op_0xE7P2GB
                0x0801009a       0x18 ./GameBoy/Src/opcodes.o
 .text._ZL11cpu_op_0xE8P2GB
                0x080100b2       0x16 ./GameBoy/Src/opcodes.o
 .text._ZL11cpu_op_0xE9P2GB
                0x080100c8       0x38 ./GameBoy/Src/opcodes.o
 .text._ZL11cpu_op_0xEAP2GB
                0x08010100       0x22 ./GameBoy/Src/opcodes.o
 .text._ZL11cpu_op_0xEEP2GB
                0x08010122       0x16 ./GameBoy/Src/opcodes.o
 .text._ZL11cpu_op_0xEFP2GB
                0x08010138       0x18 ./GameBoy/Src/opcodes.o
 .text._ZL11cpu_op_0xF0P2GB
                0x08010150       0x20 ./GameBoy/Src/opcodes.o
 .text._ZL11cpu_op_0xF1P2GB
                0x08010170       0x28 ./GameBoy/Src/opcodes.o
 .text._ZL11cpu_op_0xF2P2GB
                0x08010198       0x2a ./GameBoy/Src/opcodes.o
 .text._ZL11cpu_op_0xF3P2GB
                0x080101c2       0x16 ./GameBoy/Src/opcodes.o
 .text._ZL11cpu_op_0xF5P2GB
                0x080101d8       0x3e ./GameBoy/Src/opcodes.o
 .text._ZL11cpu_op_0xF6P2GB
                0x08010216       0x16 ./GameBoy/Src/opcodes.o
 .text._ZL11cpu_op_0xF7P2GB
                0x0801022c       0x18 ./GameBoy/Src/opcodes.o
 .text._ZL11cpu_op_0xF8P2GB
                0x08010244       0x28 ./GameBoy/Src/opcodes.o
 .text._ZL11cpu_op_0xF9P2GB
                0x0801026c       0x38 ./GameBoy/Src/opcodes.o
 .text._ZL11cpu_op_0xFAP2GB
                0x080102a4       0x20 ./GameBoy/Src/opcodes.o
 .text._ZL11cpu_op_0xFBP2GB
                0x080102c4       0x16 ./GameBoy/Src/opcodes.o
 .text._ZL11cpu_op_0xFEP2GB
                0x080102da       0x22 ./GameBoy/Src/opcodes.o
 .text._ZL11cpu_op_0xFFP2GB
                0x080102fc       0x18 ./GameBoy/Src/opcodes.o
 .text._ZL14cpu_op_illegalP2GB
                0x08010314       0x2c ./GameBoy/Src/opcodes.o
 .text._ZL5RLC_rP2GBPh
                0x08010340      0x150 ./GameBoy/Src/opcodes.o
 .text._ZL7RLC_mrrP2GBt
                0x08010490      0x1ba ./GameBoy/Src/opcodes.o
 .text._ZL5RRC_rP2GBPh
                0x0801064a      0x160 ./GameBoy/Src/opcodes.o
 .text._ZL7RRC_mrrP2GBt
                0x080107aa      0x1ca ./GameBoy/Src/opcodes.o
 .text._ZL4RL_rP2GBPh
                0x08010974      0x144 ./GameBoy/Src/opcodes.o
 .text._ZL6RL_mrrP2GBt
                0x08010ab8      0x1da ./GameBoy/Src/opcodes.o
 .text._ZL4RR_rP2GBPh
                0x08010c92      0x168 ./GameBoy/Src/opcodes.o
 .text._ZL6RR_mrrP2GBt
                0x08010dfa      0x1d2 ./GameBoy/Src/opcodes.o
 .text._ZL5SLA_rP2GBPh
                0x08010fcc      0x146 ./GameBoy/Src/opcodes.o
 .text._ZL7SLA_mrrP2GBt
                0x08011112      0x1b2 ./GameBoy/Src/opcodes.o
 .text._ZL5SRA_rP2GBPh
                0x080112c4      0x152 ./GameBoy/Src/opcodes.o
 .text._ZL7SRA_mrrP2GBt
                0x08011416      0x1ba ./GameBoy/Src/opcodes.o
 .text._ZL6SWAP_rP2GBPh
                0x080115d0      0x13c ./GameBoy/Src/opcodes.o
 .text._ZL8SWAP_mrrP2GBt
                0x0801170c      0x1a2 ./GameBoy/Src/opcodes.o
 .text._ZL5SRL_rP2GBPh
                0x080118ae      0x132 ./GameBoy/Src/opcodes.o
 .text._ZL7SRL_mrrP2GBt
                0x080119e0      0x1a0 ./GameBoy/Src/opcodes.o
 .text._ZL7BIT_b_rP2GBhPh
                0x08011b80      0x102 ./GameBoy/Src/opcodes.o
 .text._ZL9BIT_b_mrrP2GBht
                0x08011c82      0x136 ./GameBoy/Src/opcodes.o
 .text._ZL7RES_b_rP2GBhPh
                0x08011db8       0x44 ./GameBoy/Src/opcodes.o
 .text._ZL9RES_b_mrrP2GBht
                0x08011dfc       0xaa ./GameBoy/Src/opcodes.o
 .text._ZL7SET_b_rP2GBhPh
                0x08011ea6       0x40 ./GameBoy/Src/opcodes.o
 .text._ZL9SET_b_mrrP2GBht
                0x08011ee6       0xa6 ./GameBoy/Src/opcodes.o
 .text._ZL13cpu_op_0xCB00P2GB
                0x08011f8c       0x20 ./GameBoy/Src/opcodes.o
 .text._ZL13cpu_op_0xCB01P2GB
                0x08011fac       0x20 ./GameBoy/Src/opcodes.o
 .text._ZL13cpu_op_0xCB02P2GB
                0x08011fcc       0x20 ./GameBoy/Src/opcodes.o
 .text._ZL13cpu_op_0xCB03P2GB
                0x08011fec       0x20 ./GameBoy/Src/opcodes.o
 .text._ZL13cpu_op_0xCB04P2GB
                0x0801200c       0x20 ./GameBoy/Src/opcodes.o
 .text._ZL13cpu_op_0xCB05P2GB
                0x0801202c       0x20 ./GameBoy/Src/opcodes.o
 .text._ZL13cpu_op_0xCB06P2GB
                0x0801204c       0x38 ./GameBoy/Src/opcodes.o
 .text._ZL13cpu_op_0xCB07P2GB
                0x08012084       0x20 ./GameBoy/Src/opcodes.o
 .text._ZL13cpu_op_0xCB08P2GB
                0x080120a4       0x20 ./GameBoy/Src/opcodes.o
 .text._ZL13cpu_op_0xCB09P2GB
                0x080120c4       0x20 ./GameBoy/Src/opcodes.o
 .text._ZL13cpu_op_0xCB0AP2GB
                0x080120e4       0x20 ./GameBoy/Src/opcodes.o
 .text._ZL13cpu_op_0xCB0BP2GB
                0x08012104       0x20 ./GameBoy/Src/opcodes.o
 .text._ZL13cpu_op_0xCB0CP2GB
                0x08012124       0x20 ./GameBoy/Src/opcodes.o
 .text._ZL13cpu_op_0xCB0DP2GB
                0x08012144       0x20 ./GameBoy/Src/opcodes.o
 .text._ZL13cpu_op_0xCB0EP2GB
                0x08012164       0x38 ./GameBoy/Src/opcodes.o
 .text._ZL13cpu_op_0xCB0FP2GB
                0x0801219c       0x20 ./GameBoy/Src/opcodes.o
 .text._ZL13cpu_op_0xCB10P2GB
                0x080121bc       0x20 ./GameBoy/Src/opcodes.o
 .text._ZL13cpu_op_0xCB11P2GB
                0x080121dc       0x20 ./GameBoy/Src/opcodes.o
 .text._ZL13cpu_op_0xCB12P2GB
                0x080121fc       0x20 ./GameBoy/Src/opcodes.o
 .text._ZL13cpu_op_0xCB13P2GB
                0x0801221c       0x20 ./GameBoy/Src/opcodes.o
 .text._ZL13cpu_op_0xCB14P2GB
                0x0801223c       0x20 ./GameBoy/Src/opcodes.o
 .text._ZL13cpu_op_0xCB15P2GB
                0x0801225c       0x20 ./GameBoy/Src/opcodes.o
 .text._ZL13cpu_op_0xCB16P2GB
                0x0801227c       0x38 ./GameBoy/Src/opcodes.o
 .text._ZL13cpu_op_0xCB17P2GB
                0x080122b4       0x20 ./GameBoy/Src/opcodes.o
 .text._ZL13cpu_op_0xCB18P2GB