../Core/Src/usb.c:38:17:RX_NextIndex	16	static
../Core/Src/usb.c:51:17:RX_Available	16	static
../Core/Src/usb.c:69:6:USB_Init	4	static
../Core/Src/usb.c:82:12:USB_Send	24	static
../Core/Src/usb.c:112:12:USB_SendString	24	static
../Core/Src/usb.c:131:6:USB_RxCallback	24	static
../Core/Src/usb.c:162:10:USB_DataAvailable	8	static
../Core/Src/usb.c:168:10:USB_Read	24	static
../Core/Src/usb.c:191:6:USB_FlushRX	4	static
../Core/Src/usb.c:201:9:USB_IsConnected	4	static
../Core/Src/usb.c:211:6:USB_TxCompleteCallback	4	static
