Archive member included to satisfy reference by file (symbol)

C:/ST/STM32CubeIDE_1.19.0/STM32CubeIDE/plugins/com.st.stm32cube.ide.mcu.externaltools.gnu-tools-for-stm32.13.3.rel1.win32_1.0.0.202411081344/tools/bin/../lib/gcc/arm-none-eabi/13.3.1/../../../../arm-none-eabi/lib/thumb/v7e-m+fp/hard\libc_nano.a(libc_a-exit.o)
                              C:/ST/STM32CubeIDE_1.19.0/STM32CubeIDE/plugins/com.st.stm32cube.ide.mcu.externaltools.gnu-tools-for-stm32.13.3.rel1.win32_1.0.0.202411081344/tools/bin/../lib/gcc/arm-none-eabi/13.3.1/../../../../arm-none-eabi/lib/thumb/v7e-m+fp/hard/crt0.o (exit)
C:/ST/STM32CubeIDE_1.19.0/STM32CubeIDE/plugins/com.st.stm32cube.ide.mcu.externaltools.gnu-tools-for-stm32.13.3.rel1.win32_1.0.0.202411081344/tools/bin/../lib/gcc/arm-none-eabi/13.3.1/../../../../arm-none-eabi/lib/thumb/v7e-m+fp/hard\libc_nano.a(libc_a-findfp.o)
                              C:/ST/STM32CubeIDE_1.19.0/STM32CubeIDE/plugins/com.st.stm32cube.ide.mcu.externaltools.gnu-tools-for-stm32.13.3.rel1.win32_1.0.0.202411081344/tools/bin/../lib/gcc/arm-none-eabi/13.3.1/../../../../arm-none-eabi/lib/thumb/v7e-m+fp/hard\libc_nano.a(libc_a-exit.o) (__stdio_exit_handler)
C:/ST/STM32CubeIDE_1.19.0/STM32CubeIDE/plugins/com.st.stm32cube.ide.mcu.externaltools.gnu-tools-for-stm32.13.3.rel1.win32_1.0.0.202411081344/tools/bin/../lib/gcc/arm-none-eabi/13.3.1/../../../../arm-none-eabi/lib/thumb/v7e-m+fp/hard\libc_nano.a(libc_a-fwalk.o)
                              C:/ST/STM32CubeIDE_1.19.0/STM32CubeIDE/plugins/com.st.stm32cube.ide.mcu.externaltools.gnu-tools-for-stm32.13.3.rel1.win32_1.0.0.202411081344/tools/bin/../lib/gcc/arm-none-eabi/13.3.1/../../../../arm-none-eabi/lib/thumb/v7e-m+fp/hard\libc_nano.a(libc_a-findfp.o) (_fwalk_sglue)
C:/ST/STM32CubeIDE_1.19.0/STM32CubeIDE/plugins/com.st.stm32cube.ide.mcu.externaltools.gnu-tools-for-stm32.13.3.rel1.win32_1.0.0.202411081344/tools/bin/../lib/gcc/arm-none-eabi/13.3.1/../../../../arm-none-eabi/lib/thumb/v7e-m+fp/hard\libc_nano.a(libc_a-stdio.o)
                              C:/ST/STM32CubeIDE_1.19.0/STM32CubeIDE/plugins/com.st.stm32cube.ide.mcu.externaltools.gnu-tools-for-stm32.13.3.rel1.win32_1.0.0.202411081344/tools/bin/../lib/gcc/arm-none-eabi/13.3.1/../../../../arm-none-eabi/lib/thumb/v7e-m+fp/hard\libc_nano.a(libc_a-findfp.o) (__sread)
C:/ST/STM32CubeIDE_1.19.0/STM32CubeIDE/plugins/com.st.stm32cube.ide.mcu.externaltools.gnu-tools-for-stm32.13.3.rel1.win32_1.0.0.202411081344/tools/bin/../lib/gcc/arm-none-eabi/13.3.1/../../../../arm-none-eabi/lib/thumb/v7e-m+fp/hard\libc_nano.a(libc_a-memset.o)
                              C:/ST/STM32CubeIDE_1.19.0/STM32CubeIDE/plugins/com.st.stm32cube.ide.mcu.externaltools.gnu-tools-for-stm32.13.3.rel1.win32_1.0.0.202411081344/tools/bin/../lib/gcc/arm-none-eabi/13.3.1/../../../../arm-none-eabi/lib/thumb/v7e-m+fp/hard/crt0.o (memset)
C:/ST/STM32CubeIDE_1.19.0/STM32CubeIDE/plugins/com.st.stm32cube.ide.mcu.externaltools.gnu-tools-for-stm32.13.3.rel1.win32_1.0.0.202411081344/tools/bin/../lib/gcc/arm-none-eabi/13.3.1/../../../../arm-none-eabi/lib/thumb/v7e-m+fp/hard\libc_nano.a(libc_a-closer.o)
                              C:/ST/STM32CubeIDE_1.19.0/STM32CubeIDE/plugins/com.st.stm32cube.ide.mcu.externaltools.gnu-tools-for-stm32.13.3.rel1.win32_1.0.0.202411081344/tools/bin/../lib/gcc/arm-none-eabi/13.3.1/../../../../arm-none-eabi/lib/thumb/v7e-m+fp/hard\libc_nano.a(libc_a-stdio.o) (_close_r)
C:/ST/STM32CubeIDE_1.19.0/STM32CubeIDE/plugins/com.st.stm32cube.ide.mcu.externaltools.gnu-tools-for-stm32.13.3.rel1.win32_1.0.0.202411081344/tools/bin/../lib/gcc/arm-none-eabi/13.3.1/../../../../arm-none-eabi/lib/thumb/v7e-m+fp/hard\libc_nano.a(libc_a-reent.o)
                              C:/ST/STM32CubeIDE_1.19.0/STM32CubeIDE/plugins/com.st.stm32cube.ide.mcu.externaltools.gnu-tools-for-stm32.13.3.rel1.win32_1.0.0.202411081344/tools/bin/../lib/gcc/arm-none-eabi/13.3.1/../../../../arm-none-eabi/lib/thumb/v7e-m+fp/hard\libc_nano.a(libc_a-closer.o) (errno)
C:/ST/STM32CubeIDE_1.19.0/STM32CubeIDE/plugins/com.st.stm32cube.ide.mcu.externaltools.gnu-tools-for-stm32.13.3.rel1.win32_1.0.0.202411081344/tools/bin/../lib/gcc/arm-none-eabi/13.3.1/../../../../arm-none-eabi/lib/thumb/v7e-m+fp/hard\libc_nano.a(libc_a-impure.o)
                              C:/ST/STM32CubeIDE_1.19.0/STM32CubeIDE/plugins/com.st.stm32cube.ide.mcu.externaltools.gnu-tools-for-stm32.13.3.rel1.win32_1.0.0.202411081344/tools/bin/../lib/gcc/arm-none-eabi/13.3.1/../../../../arm-none-eabi/lib/thumb/v7e-m+fp/hard\libc_nano.a(libc_a-reent.o) (_impure_ptr)
C:/ST/STM32CubeIDE_1.19.0/STM32CubeIDE/plugins/com.st.stm32cube.ide.mcu.externaltools.gnu-tools-for-stm32.13.3.rel1.win32_1.0.0.202411081344/tools/bin/../lib/gcc/arm-none-eabi/13.3.1/../../../../arm-none-eabi/lib/thumb/v7e-m+fp/hard\libc_nano.a(libc_a-lseekr.o)
[...]
Memory Configuration

Name             Origin             Length             Attributes
RAM              0x20000000         0x00020000         xrw
FLASH            0x08000000         0x00080000         xr
*default*        0x00000000         0xffffffff

Linker script and memory map

LOAD C:/ST/STM32CubeIDE_1.19.0/STM32CubeIDE/plugins/com.st.stm32cube.ide.mcu.externaltools.gnu-tools-for-stm32.13.3.rel1.win32_1.0.0.202411081344/tools/bin/../lib/gcc/arm-none-eabi/13.3.1/thumb/v7e-m+fp/hard/crti.o
LOAD C:/ST/STM32CubeIDE_1.19.0/STM32CubeIDE/plugins/com.st.stm32cube.ide.mcu.externaltools.gnu-tools-for-stm32.13.3.rel1.win32_1.0.0.202411081344/tools/bin/../lib/gcc/arm-none-eabi/13.3.1/thumb/v7e-m+fp/hard/crtbegin.o
LOAD C:/ST/STM32CubeIDE_1.19.0/STM32CubeIDE/plugins/com.st.stm32cube.ide.mcu.externaltools.gnu-tools-for-stm32.13.3.rel1.win32_1.0.0.202411081344/tools/bin/../lib/gcc/arm-none-eabi/13.3.1/../../../../arm-none-eabi/lib/thumb/v7e-m+fp/hard/crt0.o
LOAD ./Core/Src/gb_input.o
LOAD ./Core/Src/main.o
LOAD ./Core/Src/stm32f4xx_hal_msp.o
LOAD ./Core/Src/stm32f4xx_it.o
LOAD ./Core/Src/syscalls.o
LOAD ./Core/Src/sysmem.o
LOAD ./Core/Src/system_stm32f4xx.o
LOAD ./Core/Src/usb.o
LOAD ./Core/Startup/startup_stm32f411ceux.o
LOAD ./Drivers/STM32F4xx_HAL_Driver/Src/stm32f4xx_hal.o
LOAD ./Drivers/STM32F4xx_HAL_Driver/Src/stm32f4xx_hal_cortex.o
LOAD ./Drivers/STM32F4xx_HAL_Driver/Src/stm32f4xx_hal_dma.o
LOAD ./Drivers/STM32F4xx_HAL_Driver/Src/stm32f4xx_hal_dma_ex.o
LOAD ./Drivers/STM32F4xx_HAL_Driver/Src/stm32f4xx_hal_exti.o
LOAD ./Drivers/STM32F4xx_HAL_Driver/Src/stm32f4xx_hal_flash.o
LOAD ./Drivers/STM32F4xx_HAL_Driver/Src/stm32f4xx_hal_flash_ex.o
LOAD ./Drivers/STM32F4xx_HAL_Driver/Src/stm32f4xx_hal_flash_ramfunc.o
LOAD ./Drivers/STM32F4xx_HAL_Driver/Src/stm32f4xx_hal_gpio.o
LOAD ./Drivers/STM32F4xx_HAL_Driver/Src/stm32f4xx_hal_pcd.o
LOAD ./Drivers/STM32F4xx_HAL_Driver/Src/stm32f4xx_hal_pcd_ex.o
LOAD ./Drivers/STM32F4xx_HAL_Driver/Src/stm32f4xx_hal_pwr.o
LOAD ./Drivers/STM32F4xx_HAL_Driver/Src/stm32f4xx_hal_pwr_ex.o
LOAD ./Drivers/STM32F4xx_HAL_Driver/Src/stm32f4xx_hal_rcc.o
LOAD ./Drivers/STM32F4xx_HAL_Driver/Src/stm32f4xx_hal_rcc_ex.o
LOAD ./Drivers/STM32F4xx_HAL_Driver/Src/stm32f4xx_ll_usb.o
LOAD ./Middlewares/ST/STM32_USB_Device_Library/Class/CDC/Src/usbd_cdc.o
LOAD ./Middlewares/ST/STM32_USB_Device_Library/Core/Src/usbd_core.o
LOAD ./Middlewares/ST/STM32_USB_Device_Library/Core/Src/usbd_ctlreq.o
LOAD ./Middlewares/ST/STM32_USB_Device_Library/Core/Src/usbd_ioreq.o
LOAD ./USB_DEVICE/App/usb_device.o
LOAD ./USB_DEVICE/App/usbd_cdc_if.o
LOAD ./USB_DEVICE/App/usbd_desc.o
LOAD ./USB_DEVICE/Target/usbd_conf.o
START GROUP
LOAD C:/ST/STM32CubeIDE_1.19.0/STM32CubeIDE/plugins/com.st.stm32cube.ide.mcu.externaltools.gnu-tools-for-stm32.13.3.rel1.win32_1.0.0.202411081344/tools/bin/../lib/gcc/arm-none-eabi/13.3.1/../../../../arm-none-eabi/lib/thumb/v7e-m+fp/hard\libstdc++_nano.a
LOAD C:/ST/STM32CubeIDE_1.19.0/STM32CubeIDE/plugins/com.st.stm32cube.ide.mcu.externaltools.gnu-tools-for-stm32.13.3.rel1.win32_1.0.0.202411081344/tools/bin/../lib/gcc/arm-none-eabi/13.3.1/../../../../arm-none-eabi/lib/thumb/v7e-m+fp/hard\libsupc++_nano.a
END GROUP
LOAD C:/ST/STM32CubeIDE_1.19.0/STM32CubeIDE/plugins/com.st.stm32cube.ide.mcu.externaltools.gnu-tools-for-stm32.13.3.rel1.win32_1.0.0.202411081344/tools/bin/../lib/gcc/arm-none-eabi/13.3.1/../../../../arm-none-eabi/lib/thumb/v7e-m+fp/hard\libstdc++_nano.a
LOAD C:/ST/STM32CubeIDE_1.19.0/STM32CubeIDE/plugins/com.st.stm32cube.ide.mcu.externaltools.gnu-tools-for-stm32.13.3.rel1.win32_1.0.0.202411081344/tools/bin/../lib/gcc/arm-none-eabi/13.3.1/../../../../arm-none-eabi/lib/thumb/v7e-m+fp/hard\libm.a
LOAD C:/ST/STM32CubeIDE_1.19.0/STM32CubeIDE/plugins/com.st.stm32cube.ide.mcu.externaltools.gnu-tools-for-stm32.13.3.rel1.win32_1.0.0.202411081344/tools/bin/../lib/gcc/arm-none-eabi/13.3.1/../../../../arm-none-eabi/lib/thumb/v7e-m+fp/hard\libc_nano.a
START GROUP
LOAD C:/ST/STM32CubeIDE_1.19.0/STM32CubeIDE/plugins/com.st.stm32cube.ide.mcu.externaltools.gnu-tools-for-stm32.13.3.rel1.win32_1.0.0.202411081344/tools/bin/../lib/gcc/arm-none-eabi/13.3.1/thumb/v7e-m+fp/hard\libgcc.a
LOAD C:/ST/STM32CubeIDE_1.19.0/STM32CubeIDE/plugins/com.st.stm32cube.ide.mcu.externaltools.gnu-tools-for-stm32.13.3.rel1.win32_1.0.0.202411081344/tools/bin/../lib/gcc/arm-none-eabi/13.3.1/../../../../arm-none-eabi/lib/thumb/v7e-m+fp/hard\libc_nano.a
END GROUP
START GROUP
LOAD C:/ST/STM32CubeIDE_1.19.0/STM32CubeIDE/plugins/com.st.stm32cube.ide.mcu.externaltools.gnu-tools-for-stm32.13.3.rel1.win32_1.0.0.202411081344/tools/bin/../lib/gcc/arm-none-eabi/13.3.1/thumb/v7e-m+fp/hard\libgcc.a
LOAD C:/ST/STM32CubeIDE_1.19.0/STM32CubeIDE/plugins/com.st.stm32cube.ide.mcu.externaltools.gnu-tools-for-stm32.13.3.rel1.win32_1.0.0.202411081344/tools/bin/../lib/gcc/arm-none-eabi/13.3.1/../../../../arm-none-eabi/lib/thumb/v7e-m+fp/hard\libc_nano.a
LOAD C:/ST/STM32CubeIDE_1.19.0/STM32CubeIDE/plugins/com.st.stm32cube.ide.mcu.externaltools.gnu-tools-for-stm32.13.3.rel1.win32_1.0.0.202411081344/tools/bin/../lib/gcc/arm-none-eabi/13.3.1/../../../../arm-none-eabi/lib/thumb/v7e-m+fp/hard\libnosys.a
END GROUP
START GROUP
LOAD C:/ST/STM32CubeIDE_1.19.0/STM32CubeIDE/plugins/com.st.stm32cube.ide.mcu.externaltools.gnu-tools-for-stm32.13.3.rel1.win32_1.0.0.202411081344/tools/bin/../lib/gcc/arm-none-eabi/13.3.1/thumb/v7e-m+fp/hard\libgcc.a
LOAD C:/ST/STM32CubeIDE_1.19.0/STM32CubeIDE/plugins/com.st.stm32cube.ide.mcu.externaltools.gnu-tools-for-stm32.13.3.rel1.win32_1.0.0.202411081344/tools/bin/../lib/gcc/arm-none-eabi/13.3.1/../../../../arm-none-eabi/lib/thumb/v7e-m+fp/hard\libc_nano.a
LOAD C:/ST/STM32CubeIDE_1.19.0/STM32CubeIDE/plugins/com.st.stm32cube.ide.mcu.externaltools.gnu-tools-for-stm32.13.3.rel1.win32_1.0.0.202411081344/tools/bin/../lib/gcc/arm-none-eabi/13.3.1/../../../../arm-none-eabi/lib/thumb/v7e-m+fp/hard\libnosys.a
END GROUP
LOAD C:/ST/STM32CubeIDE_1.19.0/STM32CubeIDE/plugins/com.st.stm32cube.ide.mcu.externaltools.gnu-tools-for-stm32.13.3.rel1.win32_1.0.0.202411081344/tools/bin/../lib/gcc/arm-none-eabi/13.3.1/thumb/v7e-m+fp/hard/crtend.o
LOAD C:/ST/STM32CubeIDE_1.19.0/STM32CubeIDE/plugins/com.st.stm32cube.ide.mcu.externaltools.gnu-tools-for-stm32.13.3.rel1.win32_1.0.0.202411081344/tools/bin/../lib/gcc/arm-none-eabi/13.3.1/thumb/v7e-m+fp/hard/crtn.o
                0x20020000                        _estack = (ORIGIN (RAM) + LENGTH (RAM))
                0x00000200                        _Min_Heap_Size = 0x200
                0x00000400                        _Min_Stack_Size = 0x400

.isr_vector     0x08000000      0x198
                0x08000000                        . = ALIGN (0x4)
 *(.isr_vector)
 .isr_vector    0x08000000      0x198 ./Core/Startup/startup_stm32f411ceux.o
                0x08000000                g_pfnVectors
                0x08000198                        . = ALIGN (0x4)

.text           0x08000198     0x3564
                0x08000198                        . = ALIGN (0x4)
 *(.text)
 .text          0x08000198       0x40 C:/ST/STM32CubeIDE_1.19.0/STM32CubeIDE/plugins/com.st.stm32cube.ide.mcu.externaltools.gnu-tools-for-stm32.13.3.rel1.win32_1.0.0.202411081344/tools/bin/../lib/gcc/arm-none-eabi/13.3.1/thumb/v7e-m+fp/hard/crtbegin.o
 .text          0x080001d8       0x10 C:/ST/STM32CubeIDE_1.19.0/STM32CubeIDE/plugins/com.st.stm32cube.ide.mcu.externaltools.gnu-tools-for-stm32.13.3.rel1.win32_1.0.0.202411081344/tools/bin/../lib/gcc/arm-none-eabi/13.3.1/../../../../arm-none-eabi/lib/thumb/v7e-m+fp/hard\libc_nano.a(libc_a-strlen.o)
                0x080001d8                strlen
 .text          0x080001e8       0x30 C:/ST/STM32CubeIDE_1.19.0/STM32CubeIDE/plugins/com.st.stm32cube.ide.mcu.externaltools.gnu-tools-for-stm32.13.3.rel1.win32_1.0.0.202411081344/tools/bin/../lib/gcc/arm-none-eabi/13.3.1/thumb/v7e-m+fp/hard\libgcc.a(_aeabi_uldivmod.o)
                0x080001e8                __aeabi_uldivmod
 .text          0x08000218      0x2f8 C:/ST/STM32CubeIDE_1.19.0/STM32CubeIDE/plugins/com.st.stm32cube.ide.mcu.externaltools.gnu-tools-for-stm32.13.3.rel1.win32_1.0.0.202411081344/tools/bin/../lib/gcc/arm-none-eabi/13.3.1/thumb/v7e-m+fp/hard\libgcc.a(_udivmoddi4.o)
                0x08000218                __udivmoddi4
 .text          0x08000510        0x4 C:/ST/STM32CubeIDE_1.19.0/STM32CubeIDE/plugins/com.st.stm32cube.ide.mcu.externaltools.gnu-tools-for-stm32.13.3.rel1.win32_1.0.0.202411081344/tools/bin/../lib/gcc/arm-none-eabi/13.3.1/thumb/v7e-m+fp/hard\libgcc.a(_dvmd_tls.o)
                0x08000510                __aeabi_idiv0
                0x08000510                __aeabi_ldiv0
 *(.text*)
 .text.GB_Input_ReadButton.constprop.0
                0x08000514       0x18 ./Core/Src/gb_input.o
 .text.GB_Input_ReadRawState
                0x0800052c       0x68 ./Core/Src/gb_input.o
 .text.GB_Input_Init
                0x08000594       0x28 ./Core/Src/gb_input.o
                0x08000594                GB_Input_Init
 .text.SystemClock_Config
                0x080005bc       0xa0 ./Core/Src/main.o
                0x080005bc                SystemClock_Config
 .text.startup.main
                0x0800065c       0xa8 ./Core/Src/main.o
                0x0800065c                main
 .text.Error_Handler
                0x08000704        0x4 ./Core/Src/main.o
                0x08000704                Error_Handler
 .text.HAL_MspInit
                0x08000708       0x38 ./Core/Src/stm32f4xx_hal_msp.o
                0x08000708                HAL_MspInit
 .text.NMI_Handler
                0x08000740        0x2 ./Core/Src/stm32f4xx_it.o
                0x08000740                NMI_Handler
 *fill*         0x08000742        0x2 
 .text.HardFault_Handler
                0x08000744       0x10 ./Core/Src/stm32f4xx_it.o
                0x08000744                HardFault_Handler
 .text.MemManage_Handler
                0x08000754       0x10 ./Core/Src/stm32f4xx_it.o
                0x08000754                MemManage_Handler
 .text.BusFault_Handler
                0x08000764       0x10 ./Core/Src/stm32f4xx_it.o
                0x08000764                BusFault_Handler
 .text.UsageFault_Handler
                0x08000774       0x10 ./Core/Src/stm32f4xx_it.o
                0x08000774                UsageFault_Handler
 .text.SVC_Handler
                0x08000784        0x2 ./Core/Src/stm32f4xx_it.o
                0x08000784                SVC_Handler
 .text.DebugMon_Handler
                0x08000786        0x2 ./Core/Src/stm32f4xx_it.o
                0x08000786                DebugMon_Handler
 .text.PendSV_Handler
                0x08000788        0x2 ./Core/Src/stm32f4xx_it.o
                0x08000788                PendSV_Handler
 .text.SysTick_Handler
                0x0800078a        0x4 ./Core/Src/stm32f4xx_it.o
                0x0800078a                SysTick_Handler
 *fill*         0x0800078e        0x2 
 .text.OTG_FS_IRQHandler
                0x08000790        0xc ./Core/Src/stm32f4xx_it.o
                0x08000790                OTG_FS_IRQHandler
 .text.SystemInit
                0x0800079c       0x14 ./Core/Src/system_stm32f4xx.o
                0x0800079c                SystemInit
 .text.USB_Init
                0x080007b0       0x20 ./Core/Src/usb.o
                0x080007b0                USB_Init
 .text.USB_Send
                0x080007d0       0x28 ./Core/Src/usb.o
                0x080007d0                USB_Send
 .text.USB_SendString
                0x080007f8       0x1a ./Core/Src/usb.o
                0x080007f8                USB_SendString
 *fill*         0x08000812        0x2 
 .text.USB_RxCallback
                0x08000814       0x44 ./Core/Src/usb.o
                0x08000814                USB_RxCallback
 .text.Reset_Handler
                0x08000858       0x50 ./Core/Startup/startup_stm32f411ceux.o
                0x08000858                Reset_Handler
 .text.Default_Handler
                0x080008a8        0x2 ./Core/Startup/startup_stm32f411ceux.o
                0x080008a8                RTC_Alarm_IRQHandler
                0x080008a8                EXTI2_IRQHandler
                0x080008a8                SPI4_IRQHandler
                0x080008a8                TIM1_CC_IRQHandler
                0x080008a8                DMA2_Stream5_IRQHandler
                0x080008a8                DMA1_Stream5_IRQHandler
                0x080008a8                PVD_IRQHandler
                0x080008a8                SDIO_IRQHandler
                0x080008a8                TAMP_STAMP_IRQHandler
                0x080008a8                EXTI3_IRQHandler
                0x080008a8                TIM1_UP_TIM10_IRQHandler
                0x080008a8                I2C3_ER_IRQHandler
                0x080008a8                EXTI0_IRQHandler
                0x080008a8                I2C2_EV_IRQHandler
                0x080008a8                DMA1_Stream2_IRQHandler
                0x080008a8                FPU_IRQHandler
                0x080008a8                DMA2_Stream2_IRQHandler
                0x080008a8                SPI1_IRQHandler
                0x080008a8                TIM1_BRK_TIM9_IRQHandler
                0x080008a8                DMA2_Stream3_IRQHandler
                0x080008a8                USART6_IRQHandler
                0x080008a8                DMA2_Stream0_IRQHandler
                0x080008a8                TIM4_IRQHandler
                0x080008a8                I2C1_EV_IRQHandler
                0x080008a8                DMA1_Stream6_IRQHandler
                0x080008a8                DMA1_Stream1_IRQHandler
                0x080008a8                TIM3_IRQHandler
                0x080008a8                RCC_IRQHandler
                0x080008a8                Default_Handler
                0x080008a8                EXTI15_10_IRQHandler
                0x080008a8                ADC_IRQHandler
                0x080008a8                DMA1_Stream7_IRQHandler
                0x080008a8                SPI5_IRQHandler
                0x080008a8                TIM5_IRQHandler
                0x080008a8                DMA2_Stream7_IRQHandler
                0x080008a8                I2C3_EV_IRQHandler
                0x080008a8                EXTI9_5_IRQHandler
                0x080008a8                RTC_WKUP_IRQHandler
                0x080008a8                SPI2_IRQHandler
                0x080008a8                DMA1_Stream0_IRQHandler
                0x080008a8                EXTI4_IRQHandler
                0x080008a8                WWDG_IRQHandler
                0x080008a8                TIM2_IRQHandler
                0x080008a8                OTG_FS_WKUP_IRQHandler
                0x080008a8                TIM1_TRG_COM_TIM11_IRQHandler
                0x080008a8                EXTI1_IRQHandler
                0x080008a8                USART2_IRQHandler
                0x080008a8                I2C2_ER_IRQHandler
                0x080008a8                DMA2_Stream1_IRQHandler
                0x080008a8                FLASH_IRQHandler
                0x080008a8                DMA2_Stream4_IRQHandler
                0x080008a8                USART1_IRQHandler
                0x080008a8                SPI3_IRQHandler
                0x080008a8                DMA1_Stream4_IRQHandler
                0x080008a8                I2C1_ER_IRQHandler
                0x080008a8                DMA2_Stream6_IRQHandler
                0x080008a8                DMA1_Stream3_IRQHandler
 *fill*         0x080008aa        0x2 
 .text.HAL_InitTick
                0x080008ac       0x48 ./Drivers/STM32F4xx_HAL_Driver/Src/stm32f4xx_hal.o
                0x080008ac                HAL_InitTick
 .text.HAL_Init
                0x080008f4       0x34 ./Drivers/STM32F4xx_HAL_Driver/Src/stm32f4xx_hal.o
                0x080008f4                HAL_Init
 .text.HAL_IncTick
                0x08000928       0x18 ./Drivers/STM32F4xx_HAL_Driver/Src/stm32f4xx_hal.o
                0x08000928                HAL_IncTick
 .text.HAL_GetTick
                0x08000940        0xc ./Drivers/STM32F4xx_HAL_Driver/Src/stm32f4xx_hal.o
                0x08000940                HAL_GetTick
 .text.HAL_Delay
                0x0800094c       0x28 ./Drivers/STM32F4xx_HAL_Driver/Src/stm32f4xx_hal.o
                0x0800094c                HAL_Delay
 .text.HAL_NVIC_SetPriorityGrouping
                0x08000974       0x24 ./Drivers/STM32F4xx_HAL_Driver/Src/stm32f4xx_hal_cortex.o
                0x08000974                HAL_NVIC_SetPriorityGrouping
 .text.HAL_NVIC_SetPriority
                0x08000998       0x64 ./Drivers/STM32F4xx_HAL_Driver/Src/stm32f4xx_hal_cortex.o
                0x08000998                HAL_NVIC_SetPriority
 .text.HAL_NVIC_EnableIRQ
                0x080009fc       0x1c ./Drivers/STM32F4xx_HAL_Driver/Src/stm32f4xx_hal_cortex.o
                0x080009fc                HAL_NVIC_EnableIRQ
 .text.HAL_SYSTICK_Config
                0x08000a18       0x28 ./Drivers/STM32F4xx_HAL_Driver/Src/stm32f4xx_hal_cortex.o
                0x08000a18                HAL_SYSTICK_Config
 .text.HAL_GPIO_Init
                0x08000a40      0x18c ./Drivers/STM32F4xx_HAL_Driver/Src/stm32f4xx_hal_gpio.o
                0x08000a40                HAL_GPIO_Init
 .text.HAL_GPIO_ReadPin
                0x08000bcc        0xc ./Drivers/STM32F4xx_HAL_Driver/Src/stm32f4xx_hal_gpio.o
                0x08000bcc                HAL_GPIO_ReadPin
 .text.HAL_PCD_Init
                0x08000bd8       0xde ./Drivers/STM32F4xx_HAL_Driver/Src/stm32f4xx_hal_pcd.o
                0x08000bd8                HAL_PCD_Init
 .text.HAL_PCD_Start
                0x08000cb6       0x3e ./Drivers/STM32F4xx_HAL_Driver/Src/stm32f4xx_hal_pcd.o
                0x08000cb6                HAL_PCD_Start
 .text.HAL_PCD_SetAddress
                0x08000cf4       0x26 ./Drivers/STM32F4xx_HAL_Driver/Src/stm32f4xx_hal_pcd.o
                0x08000cf4                HAL_PCD_SetAddress
 .text.HAL_PCD_EP_Open
                0x08000d1a       0x72 ./Drivers/STM32F4xx_HAL_Driver/Src/stm32f4xx_hal_pcd.o
                0x08000d1a                HAL_PCD_EP_Open
 .text.HAL_PCD_EP_Close
                0x08000d8c       0x5c ./Drivers/STM32F4xx_HAL_Driver/Src/stm32f4xx_hal_pcd.o
                0x08000d8c                HAL_PCD_EP_Close
 .text.HAL_PCD_EP_Receive
                0x08000de8       0x3c ./Drivers/STM32F4xx_HAL_Driver/Src/stm32f4xx_hal_pcd.o
                0x08000de8                HAL_PCD_EP_Receive
 .text.HAL_PCD_EP_GetRxCount
                0x08000e24       0x10 ./Drivers/STM32F4xx_HAL_Driver/Src/stm32f4xx_hal_pcd.o
                0x08000e24                HAL_PCD_EP_GetRxCount
 .text.HAL_PCD_EP_Transmit
                0x08000e34       0x36 ./Drivers/STM32F4xx_HAL_Driver/Src/stm32f4xx_hal_pcd.o
                0x08000e34                HAL_PCD_EP_Transmit
 .text.HAL_PCD_EP_SetStall
                0x08000e6a       0x6e ./Drivers/STM32F4xx_HAL_Driver/Src/stm32f4xx_hal_pcd.o
                0x08000e6a                HAL_PCD_EP_SetStall
 .text.HAL_PCD_EP_ClrStall
                0x08000ed8       0x6a ./Drivers/STM32F4xx_HAL_Driver/Src/stm32f4xx_hal_pcd.o
                0x08000ed8                HAL_PCD_EP_ClrStall
 .text.HAL_PCD_EP_Abort
                0x08000f42       0x20 ./Drivers/STM32F4xx_HAL_Driver/Src/stm32f4xx_hal_pcd.o
                0x08000f42                HAL_PCD_EP_Abort
 *fill*         0x08000f62        0x2 
 .text.HAL_PCD_IRQHandler
                0x08000f64      0x690 ./Drivers/STM32F4xx_HAL_Driver/Src/stm32f4xx_hal_pcd.o
                0x08000f64                HAL_PCD_IRQHandler
 .text.HAL_PCDEx_SetTxFiFo
                0x080015f4       0x3e ./Drivers/STM32F4xx_HAL_Driver/Src/stm32f4xx_hal_pcd_ex.o
                0x080015f4                HAL_PCDEx_SetTxFiFo
 .text.HAL_PCDEx_SetRxFiFo
                0x08001632        0x8 ./Drivers/STM32F4xx_HAL_Driver/Src/stm32f4xx_hal_pcd_ex.o
                0x08001632                HAL_PCDEx_SetRxFiFo
 .text.HAL_PCDEx_LPM_Callback
                0x0800163a        0x2 ./Drivers/STM32F4xx_HAL_Driver/Src/stm32f4xx_hal_pcd_ex.o
                0x0800163a                HAL_PCDEx_LPM_Callback
 .text.HAL_RCC_OscConfig
                0x0800163c      0x35c ./Drivers/STM32F4xx_HAL_Driver/Src/stm32f4xx_hal_rcc.o
                0x0800163c                HAL_RCC_OscConfig
 .text.HAL_RCC_GetSysClockFreq
                0x08001998       0x5c ./Drivers/STM32F4xx_HAL_Driver/Src/stm32f4xx_hal_rcc.o
                0x08001998                HAL_RCC_GetSysClockFreq
 .text.HAL_RCC_ClockConfig
                0x080019f4      0x134 ./Drivers/STM32F4xx_HAL_Driver/Src/stm32f4xx_hal_rcc.o
                0x080019f4                HAL_RCC_ClockConfig
 .text.HAL_RCC_GetHCLKFreq
                0x08001b28        0xc ./Drivers/STM32F4xx_HAL_Driver/Src/stm32f4xx_hal_rcc.o
                0x08001b28                HAL_RCC_GetHCLKFreq
 .text.USB_CoreReset
                0x08001b34       0x50 ./Drivers/STM32F4xx_HAL_Driver/Src/stm32f4xx_ll_usb.o
 .text.USB_CoreInit
                0x08001b84       0x88 ./Drivers/STM32F4xx_HAL_Driver/Src/stm32f4xx_ll_usb.o
                0x08001b84                USB_CoreInit
 .text.USB_SetTurnaroundTime
                0x08001c0c       0xe0 ./Drivers/STM32F4xx_HAL_Driver/Src/stm32f4xx_ll_usb.o
                0x08001c0c                USB_SetTurnaroundTime
 .text.USB_EnableGlobalInt
                0x08001cec        0xc ./Drivers/STM32F4xx_HAL_Driver/Src/stm32f4xx_ll_usb.o
                0x08001cec                USB_EnableGlobalInt
 .text.USB_DisableGlobalInt
                0x08001cf8        0xc ./Drivers/STM32F4xx_HAL_Driver/Src/stm32f4xx_ll_usb.o
                0x08001cf8                USB_DisableGlobalInt
 .text.USB_SetCurrentMode
                0x08001d04       0x60 ./Drivers/STM32F4xx_HAL_Driver/Src/stm32f4xx_ll_usb.o
                0x08001d04                USB_SetCurrentMode
 .text.USB_FlushTxFifo
                0x08001d64       0x46 ./Drivers/STM32F4xx_HAL_Driver/Src/stm32f4xx_ll_usb.o
                0x08001d64                USB_FlushTxFifo
 .text.USB_FlushRxFifo
                0x08001daa       0x42 ./Drivers/STM32F4xx_HAL_Driver/Src/stm32f4xx_ll_usb.o
                0x08001daa                USB_FlushRxFifo
 .text.USB_SetDevSpeed
                0x08001dec        0xe ./Drivers/STM32F4xx_HAL_Driver/Src/stm32f4xx_ll_usb.o
                0x08001dec                USB_SetDevSpeed
 *fill*         0x08001dfa        0x2 
 .text.USB_DevInit
                0x08001dfc      0x174 ./Drivers/STM32F4xx_HAL_Driver/Src/stm32f4xx_ll_usb.o
                0x08001dfc                USB_DevInit
 .text.USB_GetDevSpeed
                0x08001f70       0x16 ./Drivers/STM32F4xx_HAL_Driver/Src/stm32f4xx_ll_usb.o
                0x08001f70                USB_GetDevSpeed
 .text.USB_ActivateEndpoint
                0x08001f86       0x7e ./Drivers/STM32F4xx_HAL_Driver/Src/stm32f4xx_ll_usb.o
                0x08001f86                USB_ActivateEndpoint
 .text.USB_DeactivateEndpoint
                0x08002004       0xac ./Drivers/STM32F4xx_HAL_Driver/Src/stm32f4xx_ll_usb.o
                0x08002004                USB_DeactivateEndpoint
 .text.USB_EPStopXfer
                0x080020b0       0x84 ./Drivers/STM32F4xx_HAL_Driver/Src/stm32f4xx_ll_usb.o
                0x080020b0                USB_EPStopXfer
 .text.USB_WritePacket
                0x08002134       0x26 ./Drivers/STM32F4xx_HAL_Driver/Src/stm32f4xx_ll_usb.o
                0x08002134                USB_WritePacket
 *fill*         0x0800215a        0x2 
 .text.USB_EPStartXfer
                0x0800215c      0x204 ./Drivers/STM32F4xx_HAL_Driver/Src/stm32f4xx_ll_usb.o
                0x0800215c                USB_EPStartXfer
 .text.USB_ReadPacket
                0x08002360       0x40 ./Drivers/STM32F4xx_HAL_Driver/Src/stm32f4xx_ll_usb.o
                0x08002360                USB_ReadPacket
 .text.USB_EPSetStall
                0x080023a0       0x56 ./Drivers/STM32F4xx_HAL_Driver/Src/stm32f4xx_ll_usb.o
                0x080023a0                USB_EPSetStall
 .text.USB_EPClearStall
                0x080023f6       0x52 ./Drivers/STM32F4xx_HAL_Driver/Src/stm32f4xx_ll_usb.o
                0x080023f6                USB_EPClearStall
 .text.USB_SetDevAddress
                0x08002448       0x20 ./Drivers/STM32F4xx_HAL_Driver/Src/stm32f4xx_ll_usb.o
                0x08002448                USB_SetDevAddress
 .text.USB_DevConnect
                0x08002468       0x1c ./Drivers/STM32F4xx_HAL_Driver/Src/stm32f4xx_ll_usb.o
                0x08002468                USB_DevConnect
 .text.USB_DevDisconnect
                0x08002484       0x1c ./Drivers/STM32F4xx_HAL_Driver/Src/stm32f4xx_ll_usb.o
                0x08002484                USB_DevDisconnect
 .text.USB_ReadInterrupts
                0x080024a0        0x8 ./Drivers/STM32F4xx_HAL_Driver/Src/stm32f4xx_ll_usb.o
                0x080024a0                USB_ReadInterrupts
 .text.USB_ReadDevAllOutEpInterrupt
                0x080024a8       0x10 ./Drivers/STM32F4xx_HAL_Driver/Src/stm32f4xx_ll_usb.o
                0x080024a8                USB_ReadDevAllOutEpInterrupt
 .text.USB_ReadDevAllInEpInterrupt
                0x080024b8       0x10 ./Drivers/STM32F4xx_HAL_Driver/Src/stm32f4xx_ll_usb.o
                0x080024b8                USB_ReadDevAllInEpInterrupt
 .text.USB_ReadDevOutEPInterrupt
                0x080024c8       0x12 ./Drivers/STM32F4xx_HAL_Driver/Src/stm32f4xx_ll_usb.o
                0x080024c8                USB_ReadDevOutEPInterrupt
 .text.USB_ReadDevInEPInterrupt
                0x080024da       0x22 ./Drivers/STM32F4xx_HAL_Driver/Src/stm32f4xx_ll_usb.o
                0x080024da                USB_ReadDevInEPInterrupt
 .text.USB_GetMode
                0x080024fc        0x8 ./Drivers/STM32F4xx_HAL_Driver/Src/stm32f4xx_ll_usb.o
                0x080024fc                USB_GetMode
 .text.USB_ActivateSetup
                0x08002504       0x1c ./Drivers/STM32F4xx_HAL_Driver/Src/stm32f4xx_ll_usb.o
                0x08002504                USB_ActivateSetup
 .text.USB_EP0_OutStart
                0x08002520       0x4c ./Drivers/STM32F4xx_HAL_Driver/Src/stm32f4xx_ll_usb.o
                0x08002520                USB_EP0_OutStart
 .text.USBD_CDC_EP0_RxReady
                0x0800256c       0x38 ./Middlewares/ST/STM32_USB_Device_Library/Class/CDC/Src/usbd_cdc.o
 .text.USBD_CDC_GetDeviceQualifierDescriptor
                0x080025a4        0xc ./Middlewares/ST/STM32_USB_Device_Library/Class/CDC/Src/usbd_cdc.o
                0x080025a4                USBD_CDC_GetDeviceQualifierDescriptor
 .text.USBD_CDC_GetFSCfgDesc
                0x080025b0       0x48 ./Middlewares/ST/STM32_USB_Device_Library/Class/CDC/Src/usbd_cdc.o
 .text.USBD_CDC_GetOtherSpeedCfgDesc
                0x080025f8        0x4 ./Middlewares/ST/STM32_USB_Device_Library/Class/CDC/Src/usbd_cdc.o
 .text.USBD_CDC_GetHSCfgDesc
                0x080025fc       0x48 ./Middlewares/ST/STM32_USB_Device_Library/Class/CDC/Src/usbd_cdc.o
 .text.USBD_CDC_DataOut
                0x08002644       0x38 ./Middlewares/ST/STM32_USB_Device_Library/Class/CDC/Src/usbd_cdc.o
 .text.USBD_CDC_DataIn
                0x0800267c       0x64 ./Middlewares/ST/STM32_USB_Device_Library/Class/CDC/Src/usbd_cdc.o
 .text.USBD_CDC_Setup
                0x080026e0       0xf0 ./Middlewares/ST/STM32_USB_Device_Library/Class/CDC/Src/usbd_cdc.o
 .text.USBD_CDC_DeInit
                0x080027d0       0x60 ./Middlewares/ST/STM32_USB_Device_Library/Class/CDC/Src/usbd_cdc.o
 .text.USBD_CDC_Init
                0x08002830       0xc8 ./Middlewares/ST/STM32_USB_Device_Library/Class/CDC/Src/usbd_cdc.o
 .text.USBD_CDC_RegisterInterface
                0x080028f8       0x16 ./Middlewares/ST/STM32_USB_Device_Library/Class/CDC/Src/usbd_cdc.o
                0x080028f8                USBD_CDC_RegisterInterface
 .text.USBD_CDC_SetTxBuffer
                0x0800290e       0x1c ./Middlewares/ST/STM32_USB_Device_Library/Class/CDC/Src/usbd_cdc.o
                0x0800290e                USBD_CDC_SetTxBuffer
 .text.USBD_CDC_SetRxBuffer
                0x0800292a       0x18 ./Middlewares/ST/STM32_USB_Device_Library/Class/CDC/Src/usbd_cdc.o
                0x0800292a                USBD_CDC_SetRxBuffer
 .text.USBD_CDC_TransmitPacket
                0x08002942       0x36 ./Middlewares/ST/STM32_USB_Device_Library/Class/CDC/Src/usbd_cdc.o
                0x08002942                USBD_CDC_TransmitPacket
 .text.USBD_CDC_ReceivePacket
                0x08002978       0x2c ./Middlewares/ST/STM32_USB_Device_Library/Class/CDC/Src/usbd_cdc.o
                0x08002978                USBD_CDC_ReceivePacket
 .text.USBD_Init
                0x080029a4       0x26 ./Middlewares/ST/STM32_USB_Device_Library/Core/Src/usbd_core.o
                0x080029a4                USBD_Init
 .text.USBD_RegisterClass
                0x080029ca       0x32 ./Middlewares/ST/STM32_USB_Device_Library/Core/Src/usbd_core.o
                0x080029ca                USBD_RegisterClass
 .text.USBD_Start
                0x080029fc        0x4 ./Middlewares/ST/STM32_USB_Device_Library/Core/Src/usbd_core.o
                0x080029fc                USBD_Start
 .text.USBD_SetClassConfig
                0x08002a00        0xe ./Middlewares/ST/STM32_USB_Device_Library/Core/Src/usbd_core.o
                0x08002a00                USBD_SetClassConfig
 .text.USBD_ClrClassConfig
                0x08002a0e       0x12 ./Middlewares/ST/STM32_USB_Device_Library/Core/Src/usbd_core.o
                0x08002a0e                USBD_ClrClassConfig
 .text.USBD_LL_SetupStage
                0x08002a20       0x60 ./Middlewares/ST/STM32_USB_Device_Library/Core/Src/usbd_core.o
                0x08002a20                USBD_LL_SetupStage
 .text.USBD_LL_DataOutStage
                0x08002a80       0x74 ./Middlewares/ST/STM32_USB_Device_Library/Core/Src/usbd_core.o
                0x08002a80                USBD_LL_DataOutStage
 .text.USBD_LL_DataInStage
                0x08002af4       0xa8 ./Middlewares/ST/STM32_USB_Device_Library/Core/Src/usbd_core.o
                0x08002af4                USBD_LL_DataInStage
 .text.USBD_LL_Reset
                0x08002b9c       0x60 ./Middlewares/ST/STM32_USB_Device_Library/Core/Src/usbd_core.o
                0x08002b9c                USBD_LL_Reset
 .text.USBD_LL_SetSpeed
                0x08002bfc        0x6 ./Middlewares/ST/STM32_USB_Device_Library/Core/Src/usbd_core.o
                0x08002bfc                USBD_LL_SetSpeed
 .text.USBD_LL_Suspend
                0x08002c02       0x1c ./Middlewares/ST/STM32_USB_Device_Library/Core/Src/usbd_core.o
                0x08002c02                USBD_LL_Suspend
 .text.USBD_LL_Resume
                0x08002c1e       0x16 ./Middlewares/ST/STM32_USB_Device_Library/Core/Src/usbd_core.o
                0x08002c1e                USBD_LL_Resume
 .text.USBD_LL_SOF
                0x08002c34       0x1a ./Middlewares/ST/STM32_USB_Device_Library/Core/Src/usbd_core.o
                0x08002c34                USBD_LL_SOF
 .text.USBD_LL_IsoINIncomplete
                0x08002c4e       0x26 ./Middlewares/ST/STM32_USB_Device_Library/Core/Src/usbd_core.o
                0x08002c4e                USBD_LL_IsoINIncomplete
 .text.USBD_LL_IsoOUTIncomplete
                0x08002c74       0x26 ./Middlewares/ST/STM32_USB_Device_Library/Core/Src/usbd_core.o
                0x08002c74                USBD_LL_IsoOUTIncomplete
 .text.USBD_LL_DevConnected
                0x08002c9a        0x4 ./Middlewares/ST/STM32_USB_Device_Library/Core/Src/usbd_core.o
                0x08002c9a                USBD_LL_DevConnected
 .text.USBD_LL_DevDisconnected
                0x08002c9e       0x20 ./Middlewares/ST/STM32_USB_Device_Library/Core/Src/usbd_core.o
                0x08002c9e                USBD_LL_DevDisconnected
 .text.USBD_CoreFindIF
                0x08002cbe        0x4 ./Middlewares/ST/STM32_USB_Device_Library/Core/Src/usbd_core.o
                0x08002cbe                USBD_CoreFindIF
 .text.USBD_CoreFindEP
                0x08002cc2        0x4 ./Middlewares/ST/STM32_USB_Device_Library/Core/Src/usbd_core.o
                0x08002cc2                USBD_CoreFindEP
 .text.USBD_GetEpDesc
                0x08002cc6       0x24 ./Middlewares/ST/STM32_USB_Device_Library/Core/Src/usbd_core.o
                0x08002cc6                USBD_GetEpDesc
 .text.USBD_CtlError.constprop.0
                0x08002cea       0x16 ./Middlewares/ST/STM32_USB_Device_Library/Core/Src/usbd_ctlreq.o
 .text.USBD_StdDevReq
                0x08002d00      0x2c8 ./Middlewares/ST/STM32_USB_Device_Library/Core/Src/usbd_ctlreq.o
                0x08002d00                USBD_StdDevReq
 .text.USBD_StdItfReq
                0x08002fc8       0x5e ./Middlewares/ST/STM32_USB_Device_Library/Core/Src/usbd_ctlreq.o
                0x08002fc8                USBD_StdItfReq
 .text.USBD_StdEPReq
                0x08003026      0x148 ./Middlewares/ST/STM32_USB_Device_Library/Core/Src/usbd_ctlreq.o
                0x08003026                USBD_StdEPReq
 .text.USBD_ParseSetupRequest
                0x0800316e       0x16 ./Middlewares/ST/STM32_USB_Device_Library/Core/Src/usbd_ctlreq.o
                0x0800316e                USBD_ParseSetupRequest
 .text.USBD_CtlError
                0x08003184       0x16 ./Middlewares/ST/STM32_USB_Device_Library/Core/Src/usbd_ctlreq.o
                0x08003184                USBD_CtlError
 .text.USBD_GetString
                0x0800319a       0x38 ./Middlewares/ST/STM32_USB_Device_Library/Core/Src/usbd_ctlreq.o
                0x0800319a                USBD_GetString
 .text.USBD_CtlSendData
                0x080031d2       0x1c ./Middlewares/ST/STM32_USB_Device_Library/Core/Src/usbd_ioreq.o
                0x080031d2                USBD_CtlSendData
 .text.USBD_CtlContinueSendData
                0x080031ee       0x10 ./Middlewares/ST/STM32_USB_Device_Library/Core/Src/usbd_ioreq.o
                0x080031ee                USBD_CtlContinueSendData
 .text.USBD_CtlPrepareRx
                0x080031fe       0x22 ./Middlewares/ST/STM32_USB_Device_Library/Core/Src/usbd_ioreq.o
                0x080031fe                USBD_CtlPrepareRx
 .text.USBD_CtlContinueRx
                0x08003220       0x10 ./Middlewares/ST/STM32_USB_Device_Library/Core/Src/usbd_ioreq.o
                0x08003220                USBD_CtlContinueRx
 .text.USBD_CtlSendStatus
                0x08003230       0x16 ./Middlewares/ST/STM32_USB_Device_Library/Core/Src/usbd_ioreq.o
                0x08003230                USBD_CtlSendStatus
 .text.USBD_CtlReceiveStatus
                0x08003246       0x16 ./Middlewares/ST/STM32_USB_Device_Library/Core/Src/usbd_ioreq.o
                0x08003246                USBD_CtlReceiveStatus
 .text.MX_USB_DEVICE_Init
                0x0800325c       0x50 ./USB_DEVICE/App/usb_device.o
                0x0800325c                MX_USB_DEVICE_Init
 .text.CDC_DeInit_FS
                0x080032ac        0x4 ./USB_DEVICE/App/usbd_cdc_if.o
 .text.CDC_Control_FS
                0x080032b0        0x4 ./USB_DEVICE/App/usbd_cdc_if.o
 .text.CDC_TransmitCplt_FS
                0x080032b4        0x4 ./USB_DEVICE/App/usbd_cdc_if.o
 .text.CDC_Receive_FS
                0x080032b8       0x24 ./USB_DEVICE/App/usbd_cdc_if.o
 .text.CDC_Init_FS
                0x080032dc       0x28 ./USB_DEVICE/App/usbd_cdc_if.o
 .text.CDC_Transmit_FS
                0x08003304       0x2c ./USB_DEVICE/App/usbd_cdc_if.o
                0x08003304                CDC_Transmit_FS
 .text.USBD_FS_DeviceDescriptor
                0x08003330        0xc ./USB_DEVICE/App/usbd_desc.o
                0x08003330                USBD_FS_DeviceDescriptor
 .text.USBD_FS_LangIDStrDescriptor
                0x0800333c        0xc ./USB_DEVICE/App/usbd_desc.o
                0x0800333c                USBD_FS_LangIDStrDescriptor
 .text.IntToUnicode
                0x08003348       0x2a ./USB_DEVICE/App/usbd_desc.o
 *fill*         0x08003372        0x2 
 .text.USBD_FS_SerialStrDescriptor
                0x08003374       0x3c ./USB_DEVICE/App/usbd_desc.o
                0x08003374                USBD_FS_SerialStrDescriptor
 .text.USBD_FS_ManufacturerStrDescriptor
                0x080033b0       0x1c ./USB_DEVICE/App/usbd_desc.o
                0x080033b0                USBD_FS_ManufacturerStrDescriptor
 .text.USBD_FS_ProductStrDescriptor
                0x080033cc       0x1c ./USB_DEVICE/App/usbd_desc.o
                0x080033cc                USBD_FS_ProductStrDescriptor
 .text.USBD_FS_ConfigStrDescriptor
                0x080033e8       0x1c ./USB_DEVICE/App/usbd_desc.o
                0x080033e8                USBD_FS_ConfigStrDescriptor
 .text.USBD_FS_InterfaceStrDescriptor
                0x08003404       0x1c ./USB_DEVICE/App/usbd_desc.o
                0x08003404                USBD_FS_InterfaceStrDescriptor
 .text.HAL_PCD_MspInit
                0x08003420       0x84 ./USB_DEVICE/Target/usbd_conf.o
                0x08003420                HAL_PCD_MspInit
 .text.HAL_PCD_SetupStageCallback
                0x080034a4        0xc ./USB_DEVICE/Target/usbd_conf.o
                0x080034a4                HAL_PCD_SetupStageCallback
 .text.HAL_PCD_DataOutStageCallback
                0x080034b0       0x12 ./USB_DEVICE/Target/usbd_conf.o
                0x080034b0                HAL_PCD_DataOutStageCallback
 .text.HAL_PCD_DataInStageCallback
                0x080034c2       0x10 ./USB_DEVICE/Target/usbd_conf.o
                0x080034c2                HAL_PCD_DataInStageCallback
 .text.HAL_PCD_SOFCallback
                0x080034d2        0x8 ./USB_DEVICE/Target/usbd_conf.o
                0x080034d2                HAL_PCD_SOFCallback
 .text.HAL_PCD_ResetCallback
                0x080034da       0x24 ./USB_DEVICE/Target/usbd_conf.o
                0x080034da                HAL_PCD_ResetCallback
 *fill*         0x080034fe        0x2 
 .text.HAL_PCD_SuspendCallback
                0x08003500       0x30 ./USB_DEVICE/Target/usbd_conf.o
                0x08003500                HAL_PCD_SuspendCallback
 .text.HAL_PCD_ResumeCallback
                0x08003530        0x8 ./USB_DEVICE/Target/usbd_conf.o
                0x08003530                HAL_PCD_ResumeCallback
 .text.HAL_PCD_ISOOUTIncompleteCallback
                0x08003538        0x8 ./USB_DEVICE/Target/usbd_conf.o
                0x08003538                HAL_PCD_ISOOUTIncompleteCallback
 .text.HAL_PCD_ISOINIncompleteCallback
                0x08003540        0x8 ./USB_DEVICE/Target/usbd_conf.o
                0x08003540                HAL_PCD_ISOINIncompleteCallback
 .text.HAL_PCD_ConnectCallback
                0x08003548        0x8 ./USB_DEVICE/Target/usbd_conf.o
                0x08003548                HAL_PCD_ConnectCallback
 .text.HAL_PCD_DisconnectCallback
                0x08003550        0x8 ./USB_DEVICE/Target/usbd_conf.o
                0x08003550                HAL_PCD_DisconnectCallback
 .text.USBD_LL_Init
                0x08003558       0x5c ./USB_DEVICE/Target/usbd_conf.o
                0x08003558                USBD_LL_Init
 .text.USBD_LL_IsStallEP
                0x080035b4       0x24 ./USB_DEVICE/Target/usbd_conf.o
                0x080035b4                USBD_LL_IsStallEP
 .text.USBD_LL_GetRxDataSize
                0x080035d8        0x8 ./USB_DEVICE/Target/usbd_conf.o
                0x080035d8                USBD_LL_GetRxDataSize
 .text.USBD_static_malloc
                0x080035e0        0x8 ./USB_DEVICE/Target/usbd_conf.o
                0x080035e0                USBD_static_malloc
 .text.USBD_static_free
                0x080035e8        0x2 ./USB_DEVICE/Target/usbd_conf.o
                0x080035e8                USBD_static_free
 .text.USBD_Get_USB_Status
                0x080035ea        0xc ./USB_DEVICE/Target/usbd_conf.o
                0x080035ea                USBD_Get_USB_Status
 .text.USBD_LL_Start
                0x080035f6       0x12 ./USB_DEVICE/Target/usbd_conf.o
                0x080035f6                USBD_LL_Start
 .text.USBD_LL_OpenEP
                0x08003608       0x18 ./USB_DEVICE/Target/usbd_conf.o
                0x08003608                USBD_LL_OpenEP
 .text.USBD_LL_CloseEP
                0x08003620       0x12 ./USB_DEVICE/Target/usbd_conf.o
                0x08003620                USBD_LL_CloseEP
 .text.USBD_LL_StallEP
                0x08003632       0x12 ./USB_DEVICE/Target/usbd_conf.o
                0x08003632                USBD_LL_StallEP
 .text.USBD_LL_ClearStallEP
                0x08003644       0x12 ./USB_DEVICE/Target/usbd_conf.o
                0x08003644                USBD_LL_ClearStallEP
 .text.USBD_LL_SetUSBAddress
                0x08003656       0x12 ./USB_DEVICE/Target/usbd_conf.o
                0x08003656                USBD_LL_SetUSBAddress
 .text.USBD_LL_Transmit
                0x08003668       0x12 ./USB_DEVICE/Target/usbd_conf.o
                0x08003668                USBD_LL_Transmit
 .text.USBD_LL_PrepareReceive
                0x0800367a       0x12 ./USB_DEVICE/Target/usbd_conf.o
                0x0800367a                USBD_LL_PrepareReceive
 .text.memset   0x0800368c       0x10 C:/ST/STM32CubeIDE_1.19.0/STM32CubeIDE/plugins/com.st.stm32cube.ide.mcu.externaltools.gnu-tools-for-stm32.13.3.rel1.win32_1.0.0.202411081344/tools/bin/../lib/gcc/arm-none-eabi/13.3.1/../../../../arm-none-eabi/lib/thumb/v7e-m+fp/hard\libc_nano.a(libc_a-memset.o)
                0x0800368c                memset
 .text.__libc_init_array
                0x0800369c       0x48 C:/ST/STM32CubeIDE_1.19.0/STM32CubeIDE/plugins/com.st.stm32cube.ide.mcu.externaltools.gnu-tools-for-stm32.13.3.rel1.win32_1.0.0.202411081344/tools/bin/../lib/gcc/arm-none-eabi/13.3.1/../../../../arm-none-eabi/lib/thumb/v7e-m+fp/hard\libc_nano.a(libc_a-init.o)
                0x0800369c                __libc_init_array
 *(.glue_7)
 .glue_7        0x080036e4        0x0 linker stubs
 *(.glue_7t)
 .glue_7t       0x080036e4        0x0 linker stubs
 *(.eh_frame)
 .eh_frame      0x080036e4        0x0 C:/ST/STM32CubeIDE_1.19.0/STM32CubeIDE/plugins/com.st.stm32cube.ide.mcu.externaltools.gnu-tools-for-stm32.13.3.rel1.win32_1.0.0.202411081344/tools/bin/../lib/gcc/arm-none-eabi/13.3.1/thumb/v7e-m+fp/hard/crtbegin.o
 *(.init)
 .init          0x080036e4        0x4 C:/ST/STM32CubeIDE_1.19.0/STM32CubeIDE/plugins/com.st.stm32cube.ide.mcu.externaltools.gnu-tools-for-stm32.13.3.rel1.win32_1.0.0.202411081344/tools/bin/../lib/gcc/arm-none-eabi/13.3.1/thumb/v7e-m+fp/hard/crti.o
                0x080036e4                _init
 .init          0x080036e8        0x8 C:/ST/STM32CubeIDE_1.19.0/STM32CubeIDE/plugins/com.st.stm32cube.ide.mcu.externaltools.gnu-tools-for-stm32.13.3.rel1.win32_1.0.0.202411081344/tools/bin/../lib/gcc/arm-none-eabi/13.3.1/thumb/v7e-m+fp/hard/crtn.o
 *(.fini)
 .fini          0x080036f0        0x4 C:/ST/STM32CubeIDE_1.19.0/STM32CubeIDE/plugins/com.st.stm32cube.ide.mcu.externaltools.gnu-tools-for-stm32.13.3.rel1.win32_1.0.0.202411081344/tools/bin/../lib/gcc/arm-none-eabi/13.3.1/thumb/v7e-m+fp/hard/crti.o
                0x080036f0                _fini
 .fini          0x080036f4        0x8 C:/ST/STM32CubeIDE_1.19.0/STM32CubeIDE/plugins/com.st.stm32cube.ide.mcu.externaltools.gnu-tools-for-stm32.13.3.rel1.win32_1.0.0.202411081344/tools/bin/../lib/gcc/arm-none-eabi/13.3.1/thumb/v7e-m+fp/hard/crtn.o
                0x080036fc                        . = ALIGN (0x4)
                0x080036fc                        _etext = .

.vfp11_veneer   0x080036fc        0x0
 .vfp11_veneer  0x080036fc        0x0 linker stubs

.v4_bx          0x080036fc        0x0
 .v4_bx         0x080036fc        0x0 linker stubs

.iplt           0x080036fc        0x0
 .iplt          0x080036fc        0x0 C:/ST/STM32CubeIDE_1.19.0/STM32CubeIDE/plugins/com.st.stm32cube.ide.mcu.externaltools.gnu-tools-for-stm32.13.3.rel1.win32_1.0.0.202411081344/tools/bin/../lib/gcc/arm-none-eabi/13.3.1/thumb/v7e-m+fp/hard/crtbegin.o

.rodata         0x080036fc       0x90
                0x080036fc                        . = ALIGN (0x4)
 *(.rodata)
 *(.rodata*)
 .rodata.main.str1.1
                0x080036fc       0x7e ./Core/Src/main.o
                                  0xc (size before relaxing)
 .rodata.HardFault_Handler.str1.1
                0x0800377a        0xc ./Core/Src/stm32f4xx_it.o
 .rodata.MemManage_Handler.str1.1
                0x0800377a        0xc ./Core/Src/stm32f4xx_it.o
 .rodata.BusFault_Handler.str1.1
                0x0800377a        0xb ./Core/Src/stm32f4xx_it.o
 .rodata.UsageFault_Handler.str1.1
                0x0800377a        0xd ./Core/Src/stm32f4xx_it.o
 .rodata.AHBPrescTable
                0x0800377a       0x10 ./Core/Src/system_stm32f4xx.o
                0x0800377a                AHBPrescTable
 .rodata.USBD_FS_ManufacturerStrDescriptor.str1.1
                0x0800378a       0x13 ./USB_DEVICE/App/usbd_desc.o
 .rodata.USBD_FS_ProductStrDescriptor.str1.1
                0x0800378a       0x16 ./USB_DEVICE/App/usbd_desc.o
 .rodata.USBD_FS_ConfigStrDescriptor.str1.1
                0x0800378a        0xb ./USB_DEVICE/App/usbd_desc.o
 .rodata.USBD_FS_InterfaceStrDescriptor.str1.1
                0x0800378a        0xe ./USB_DEVICE/App/usbd_desc.o
                0x080037a0                        . = ALIGN (0x4)
 *fill*         0x0800378a        0x2 

.ARM.extab      0x0800378c        0x0
                0x0800378c                        . = ALIGN (0x4)
 *(.ARM.extab* .gnu.linkonce.armextab.*)
                0x0800378c                        . = ALIGN (0x4)

.ARM            0x0800378c        0x8
                0x0800378c                        . = ALIGN (0x4)
                0x0800378c                        __exidx_start = .
 *(.ARM.exidx*)
 .ARM.exidx     0x0800378c        0x8 C:/ST/STM32CubeIDE_1.19.0/STM32CubeIDE/plugins/com.st.stm32cube.ide.mcu.externaltools.gnu-tools-for-stm32.13.3.rel1.win32_1.0.0.202411081344/tools/bin/../lib/gcc/arm-none-eabi/13.3.1/../../../../arm-none-eabi/lib/thumb/v7e-m+fp/hard\libc_nano.a(libc_a-strlen.o)
 .ARM.exidx     0x08003794        0x0 C:/ST/STM32CubeIDE_1.19.0/STM32CubeIDE/plugins/com.st.stm32cube.ide.mcu.externaltools.gnu-tools-for-stm32.13.3.rel1.win32_1.0.0.202411081344/tools/bin/../lib/gcc/arm-none-eabi/13.3.1/thumb/v7e-m+fp/hard\libgcc.a(_udivmoddi4.o)
                                  0x8 (size before relaxing)
                0x08003794                        __exidx_end = .
                0x08003794                        . = ALIGN (0x4)

.preinit_array  0x08003794        0x0
                0x08003794                        . = ALIGN (0x4)
                0x08003794                        PROVIDE (__preinit_array_start = .)
 *(.preinit_array*)
                0x08003794                        PROVIDE (__preinit_array_end = .)
                0x08003794                        . = ALIGN (0x4)

.init_array     0x08003794        0x4
                0x08003794                        . = ALIGN (0x4)
                0x08003794                        PROVIDE (__init_array_start = .)
 *(SORT_BY_NAME(.init_array.*))
 *(.init_array*)
 .init_array    0x08003794        0x4 C:/ST/STM32CubeIDE_1.19.0/STM32CubeIDE/plugins/com.st.stm32cube.ide.mcu.externaltools.gnu-tools-for-stm32.13.3.rel1.win32_1.0.0.202411081344/tools/bin/../lib/gcc/arm-none-eabi/13.3.1/thumb/v7e-m+fp/hard/crtbegin.o
                0x08003798                        PROVIDE (__init_array_end = .)
                0x08003798                        . = ALIGN (0x4)

.fini_array     0x08003798        0x4
                0x08003798                        . = ALIGN (0x4)
                [!provide]                        PROVIDE (__fini_array_start = .)
 *(SORT_BY_NAME(.fini_array.*))
 *(.fini_array*)
 .fini_array    0x08003798        0x4 C:/ST/STM32CubeIDE_1.19.0/STM32CubeIDE/plugins/com.st.stm32cube.ide.mcu.externaltools.gnu-tools-for-stm32.13.3.rel1.win32_1.0.0.202411081344/tools/bin/../lib/gcc/arm-none-eabi/13.3.1/thumb/v7e-m+fp/hard/crtbegin.o
                [!provide]                        PROVIDE (__fini_array_end = .)
                0x0800379c                        . = ALIGN (0x4)
                0x0800379c                        _sidata = LOADADDR (.data)

.rel.dyn        0x0800379c        0x0
 .rel.iplt      0x0800379c        0x0 C:/ST/STM32CubeIDE_1.19.0/STM32CubeIDE/plugins/com.st.stm32cube.ide.mcu.externaltools.gnu-tools-for-stm32.13.3.rel1.win32_1.0.0.202411081344/tools/bin/../lib/gcc/arm-none-eabi/13.3.1/thumb/v7e-m+fp/hard/crtbegin.o

.data           0x20000000       0xf8 load address 0x0800379c
                0x20000000                        . = ALIGN (0x4)
                0x20000000                        _sdata = .
 *(.data)
 *(.data*)
 .data.SystemCoreClock
                0x20000000        0x4 ./Core/Src/system_stm32f4xx.o
                0x20000000                SystemCoreClock
 .data.uwTickFreq
                0x20000004        0x1 ./Drivers/STM32F4xx_HAL_Driver/Src/stm32f4xx_hal.o
                0x20000004                uwTickFreq
 *fill*         0x20000005        0x3 
 .data.uwTickPrio
                0x20000008        0x4 ./Drivers/STM32F4xx_HAL_Driver/Src/stm32f4xx_hal.o
                0x20000008                uwTickPrio
 .data.USBD_CDC_CfgDesc
                0x2000000c       0x43 ./Middlewares/ST/STM32_USB_Device_Library/Class/CDC/Src/usbd_cdc.o
 *fill*         0x2000004f        0x1 
 .data.USBD_CDC
                0x20000050       0x38 ./Middlewares/ST/STM32_USB_Device_Library/Class/CDC/Src/usbd_cdc.o
                0x20000050                USBD_CDC
 .data.USBD_CDC_DeviceQualifierDesc
                0x20000088        0xa ./Middlewares/ST/STM32_USB_Device_Library/Class/CDC/Src/usbd_cdc.o
 *fill*         0x20000092        0x2 
 .data.USBD_Interface_fops_FS
                0x20000094       0x14 ./USB_DEVICE/App/usbd_cdc_if.o
                0x20000094                USBD_Interface_fops_FS
 .data.USBD_StringSerial
                0x200000a8       0x1a ./USB_DEVICE/App/usbd_desc.o
                0x200000a8                USBD_StringSerial
 *fill*         0x200000c2        0x2 
 .data.USBD_LangIDDesc
                0x200000c4        0x4 ./USB_DEVICE/App/usbd_desc.o
                0x200000c4                USBD_LangIDDesc
 .data.USBD_FS_DeviceDesc
                0x200000c8       0x12 ./USB_DEVICE/App/usbd_desc.o
                0x200000c8                USBD_FS_DeviceDesc
 *fill*         0x200000da        0x2 
 .data.FS_Desc  0x200000dc       0x1c ./USB_DEVICE/App/usbd_desc.o
                0x200000dc                FS_Desc
 *(.RamFunc)
 *(.RamFunc*)
                0x200000f8                        . = ALIGN (0x4)
                0x200000f8                        _edata = .

.igot.plt       0x200000f8        0x0 load address 0x08003894
 .igot.plt      0x200000f8        0x0 C:/ST/STM32CubeIDE_1.19.0/STM32CubeIDE/plugins/com.st.stm32cube.ide.mcu.externaltools.gnu-tools-for-stm32.13.3.rel1.win32_1.0.0.202411081344/tools/bin/../lib/gcc/arm-none-eabi/13.3.1/thumb/v7e-m+fp/hard/crtbegin.o
                0x200000f8                        . = ALIGN (0x4)

.bss            0x200000f8     0x1d10 load address 0x08003894
                0x200000f8                        _sbss = .
                0x200000f8                        __bss_start__ = _sbss
 *(.bss)
 .bss           0x200000f8       0x1c C:/ST/STM32CubeIDE_1.19.0/STM32CubeIDE/plugins/com.st.stm32cube.ide.mcu.externaltools.gnu-tools-for-stm32.13.3.rel1.win32_1.0.0.202411081344/tools/bin/../lib/gcc/arm-none-eabi/13.3.1/thumb/v7e-m+fp/hard/crtbegin.o
 *(.bss*)
 .bss.last_change_time
                0x20000114        0x4 ./Core/Src/gb_input.o
 .bss.last_raw_state
                0x20000118        0x1 ./Core/Src/gb_input.o
 .bss.input_state
                0x20000119        0x1 ./Core/Src/gb_input.o
 .bss.usb_initialized
                0x2000011a        0x1 ./Core/Src/usb.o
 *fill*         0x2000011b        0x1 
 .bss.rx_tail   0x2000011c        0x2 ./Core/Src/usb.o
 .bss.rx_head   0x2000011e        0x2 ./Core/Src/usb.o
 .bss.rx_buffer
                0x20000120      0x100 ./Core/Src/usb.o
 .bss.uwTick    0x20000220        0x4 ./Drivers/STM32F4xx_HAL_Driver/Src/stm32f4xx_hal.o
                0x20000220                uwTick
 .bss.cfgidx.0  0x20000224        0x1 ./Middlewares/ST/STM32_USB_Device_Library/Core/Src/usbd_ctlreq.o
 *fill*         0x20000225        0x3 
 .bss.hUsbDeviceFS
                0x20000228      0x2dc ./USB_DEVICE/App/usb_device.o
                0x20000228                hUsbDeviceFS
 .bss.UserTxBufferFS
                0x20000504      0x800 ./USB_DEVICE/App/usbd_cdc_if.o
                0x20000504                UserTxBufferFS
 .bss.UserRxBufferFS
                0x20000d04      0x800 ./USB_DEVICE/App/usbd_cdc_if.o
                0x20000d04                UserRxBufferFS
 .bss.USBD_StrDesc
                0x20001504      0x200 ./USB_DEVICE/App/usbd_desc.o
                0x20001504                USBD_StrDesc
 .bss.mem.0     0x20001704      0x220 ./USB_DEVICE/Target/usbd_conf.o
 .bss.hpcd_USB_OTG_FS
                0x20001924      0x4e4 ./USB_DEVICE/Target/usbd_conf.o
                0x20001924                hpcd_USB_OTG_FS
 *(COMMON)
                0x20001e08                        . = ALIGN (0x4)
                0x20001e08                        _ebss = .
                0x20001e08                        __bss_end__ = _ebss

._user_heap_stack
                0x20001e08      0x600 load address 0x08003894
                0x20001e08                        . = ALIGN (0x8)
                [!provide]                        PROVIDE (end = .)
                0x20001e08                        PROVIDE (_end = .)
                0x20002008                        . = (. + _Min_Heap_Size)
 *fill*         0x20001e08      0x200 
                0x20002408                        . = (. + _Min_Stack_Size)
 *fill*         0x20002008      0x400 
                0x20002408                        . = ALIGN (0x8)

/DISCARD/
 libc.a(*)
 libm.a(*)
 libgcc.a(*)

.ARM.attributes
                0x00000000       0x30
 *(.ARM.attributes)
 .ARM.attributes
                0x00000000       0x22 C:/ST/STM32CubeIDE_1.19.0/STM32CubeIDE/plugins/com.st.stm32cube.ide.mcu.externaltools.gnu-tools-for-stm32.13.3.rel1.win32_1.0.0.202411081344/tools/bin/../lib/gcc/arm-none-eabi/13.3.1/thumb/v7e-m+fp/hard/crti.o
 .ARM.attributes
                0x00000022       0x34 C:/ST/STM32CubeIDE_1.19.0/STM32CubeIDE/plugins/com.st.stm32cube.ide.mcu.externaltools.gnu-tools-for-stm32.13.3.rel1.win32_1.0.0.202411081344/tools/bin/../lib/gcc/arm-none-eabi/13.3.1/thumb/v7e-m+fp/hard/crtbegin.o
 .ARM.attributes
                0x00000056       0x34 ./Core/Src/gb_input.o
 .ARM.attributes
                0x0000008a       0x34 ./Core/Src/main.o
 .ARM.attributes
                0x000000be       0x34 ./Core/Src/stm32f4xx_hal_msp.o
 .ARM.attributes
                0x000000f2       0x34 ./Core/Src/stm32f4xx_it.o
 .ARM.attributes
                0x00000126       0x34 ./Core/Src/system_stm32f4xx.o
 .ARM.attributes
                0x0000015a       0x34 ./Core/Src/usb.o
 .ARM.attributes
                0x0000018e       0x21 ./Core/Startup/startup_stm32f411ceux.o
 .ARM.attributes
                0x000001af       0x34 ./Drivers/STM32F4xx_HAL_Driver/Src/stm32f4xx_hal.o
 .ARM.attributes
                0x000001e3       0x34 ./Drivers/STM32F4xx_HAL_Driver/Src/stm32f4xx_hal_cortex.o
 .ARM.attributes
                0x00000217       0x34 ./Drivers/STM32F4xx_HAL_Driver/Src/stm32f4xx_hal_gpio.o
 .ARM.attributes
                0x0000024b       0x34 ./Drivers/STM32F4xx_HAL_Driver/Src/stm32f4xx_hal_pcd.o
 .ARM.attributes
                0x0000027f       0x34 ./Drivers/STM32F4xx_HAL_Driver/Src/stm32f4xx_hal_pcd_ex.o
 .ARM.attributes
                0x000002b3       0x34 ./Drivers/STM32F4xx_HAL_Driver/Src/stm32f4xx_hal_rcc.o
 .ARM.attributes
                0x000002e7       0x34 ./Drivers/STM32F4xx_HAL_Driver/Src/stm32f4xx_ll_usb.o
 .ARM.attributes
                0x0000031b       0x34 ./Middlewares/ST/STM32_USB_Device_Library/Class/CDC/Src/usbd_cdc.o
 .ARM.attributes
                0x0000034f       0x34 ./Middlewares/ST/STM32_USB_Device_Library/Core/Src/usbd_core.o
 .ARM.attributes
                0x00000383       0x34 ./Middlewares/ST/STM32_USB_Device_Library/Core/Src/usbd_ctlreq.o
 .ARM.attributes
                0x000003b7       0x34 ./Middlewares/ST/STM32_USB_Device_Library/Core/Src/usbd_ioreq.o
 .ARM.attributes
                0x000003eb       0x34 ./USB_DEVICE/App/usb_device.o
 .ARM.attributes
                0x0000041f       0x34 ./USB_DEVICE/App/usbd_cdc_if.o
 .ARM.attributes
                0x00000453       0x34 ./USB_DEVICE/App/usbd_desc.o
 .ARM.attributes
                0x00000487       0x34 ./USB_DEVICE/Target/usbd_conf.o
 .ARM.attributes
                0x000004bb       0x34 C:/ST/STM32CubeIDE_1.19.0/STM32CubeIDE/plugins/com.st.stm32cube.ide.mcu.externaltools.gnu-tools-for-stm32.13.3.rel1.win32_1.0.0.202411081344/tools/bin/../lib/gcc/arm-none-eabi/13.3.1/../../../../arm-none-eabi/lib/thumb/v7e-m+fp/hard\libc_nano.a(libc_a-memset.o)
 .ARM.attributes
                0x000004ef       0x34 C:/ST/STM32CubeIDE_1.19.0/STM32CubeIDE/plugins/com.st.stm32cube.ide.mcu.externaltools.gnu-tools-for-stm32.13.3.rel1.win32_1.0.0.202411081344/tools/bin/../lib/gcc/arm-none-eabi/13.3.1/../../../../arm-none-eabi/lib/thumb/v7e-m+fp/hard\libc_nano.a(libc_a-init.o)
 .ARM.attributes
                0x00000523       0x17 C:/ST/STM32CubeIDE_1.19.0/STM32CubeIDE/plugins/com.st.stm32cube.ide.mcu.externaltools.gnu-tools-for-stm32.13.3.rel1.win32_1.0.0.202411081344/tools/bin/../lib/gcc/arm-none-eabi/13.3.1/../../../../arm-none-eabi/lib/thumb/v7e-m+fp/hard\libc_nano.a(libc_a-strlen.o)
 .ARM.attributes
                0x0000053a       0x22 C:/ST/STM32CubeIDE_1.19.0/STM32CubeIDE/plugins/com.st.stm32cube.ide.mcu.externaltools.gnu-tools-for-stm32.13.3.rel1.win32_1.0.0.202411081344/tools/bin/../lib/gcc/arm-none-eabi/13.3.1/thumb/v7e-m+fp/hard\libgcc.a(_aeabi_uldivmod.o)
 .ARM.attributes
                0x0000055c       0x34 C:/ST/STM32CubeIDE_1.19.0/STM32CubeIDE/plugins/com.st.stm32cube.ide.mcu.externaltools.gnu-tools-for-stm32.13.3.rel1.win32_1.0.0.202411081344/tools/bin/../lib/gcc/arm-none-eabi/13.3.1/thumb/v7e-m+fp/hard\libgcc.a(_udivmoddi4.o)
 .ARM.attributes
                0x00000590       0x22 C:/ST/STM32CubeIDE_1.19.0/STM32CubeIDE/plugins/com.st.stm32cube.ide.mcu.externaltools.gnu-tools-for-stm32.13.3.rel1.win32_1.0.0.202411081344/tools/bin/../lib/gcc/arm-none-eabi/13.3.1/thumb/v7e-m+fp/hard\libgcc.a(_dvmd_tls.o)
 .ARM.attributes
                0x000005b2       0x22 C:/ST/STM32CubeIDE_1.19.0/STM32CubeIDE/plugins/com.st.stm32cube.ide.mcu.externaltools.gnu-tools-for-stm32.13.3.rel1.win32_1.0.0.202411081344/tools/bin/../lib/gcc/arm-none-eabi/13.3.1/thumb/v7e-m+fp/hard/crtn.o
OUTPUT(GameBoy_On_STM32.elf elf32-littlearm)
LOAD linker stubs
LOAD C:/ST/STM32CubeIDE_1.19.0/STM32CubeIDE/plugins/com.st.stm32cube.ide.mcu.externaltools.gnu-tools-for-stm32.13.3.rel1.win32_1.0.0.202411081344/tools/bin/../lib/gcc/arm-none-eabi/13.3.1/../../../../arm-none-eabi/lib/thumb/v7e-m+fp/hard\libc.a
LOAD C:/ST/STM32CubeIDE_1.19.0/STM32CubeIDE/plugins/com.st.stm32cube.ide.mcu.externaltools.gnu-tools-for-stm32.13.3.rel1.win32_1.0.0.202411081344/tools/bin/../lib/gcc/arm-none-eabi/13.3.1/../../../../arm-none-eabi/lib/thumb/v7e-m+fp/hard\libm.a
LOAD C:/ST/STM32CubeIDE_1.19.0/STM32CubeIDE/plugins/com.st.stm32cube.ide.mcu.externaltools.gnu-tools-for-stm32.13.3.rel1.win32_1.0.0.202411081344/tools/bin/../lib/gcc/arm-none-eabi/13.3.1/thumb/v7e-m+fp/hard\libgcc.a

.comment        0x00000000       0x43
 .comment       0x00000000       0x43 ./Core/Src/gb_input.o
                                 0x44 (size before relaxing)
 .comment       0x00000043       0x44 ./Core/Src/main.o
 .comment       0x00000043       0x44 ./Core/Src/stm32f4xx_hal_msp.o
 .comment       0x00000043       0x44 ./Core/Src/stm32f4xx_it.o
 .comment       0x00000043       0x44 ./Core/Src/system_stm32f4xx.o
 .comment       0x00000043       0x44 ./Core/Src/usb.o
 .comment       0x00000043       0x44 ./Drivers/STM32F4xx_HAL_Driver/Src/stm32f4xx_hal.o
 .comment       0x00000043       0x44 ./Drivers/STM32F4xx_HAL_Driver/Src/stm32f4xx_hal_cortex.o
 .comment       0x00000043       0x44 ./Drivers/STM32F4xx_HAL_Driver/Src/stm32f4xx_hal_gpio.o
 .comment       0x00000043       0x44 ./Drivers/STM32F4xx_HAL_Driver/Src/stm32f4xx_hal_pcd.o
 .comment       0x00000043       0x44 ./Drivers/STM32F4xx_HAL_Driver/Src/stm32f4xx_hal_pcd_ex.o
 .comment       0x00000043       0x44 ./Drivers/STM32F4xx_HAL_Driver/Src/stm32f4xx_hal_rcc.o
 .comment       0x00000043       0x44 ./Drivers/STM32F4xx_HAL_Driver/Src/stm32f4xx_ll_usb.o
 .comment       0x00000043       0x44 ./Middlewares/ST/STM32_USB_Device_Library/Class/CDC/Src/usbd_cdc.o
 .comment       0x00000043       0x44 ./Middlewares/ST/STM32_USB_Device_Library/Core/Src/usbd_core.o
 .comment       0x00000043       0x44 ./Middlewares/ST/STM32_USB_Device_Library/Core/Src/usbd_ctlreq.o
 .comment       0x00000043       0x44 ./Middlewares/ST/STM32_USB_Device_Library/Core/Src/usbd_ioreq.o
 .comment       0x00000043       0x44 ./USB_DEVICE/App/usb_device.o
 .comment       0x00000043       0x44 ./USB_DEVICE/App/usbd_cdc_if.o
 .comment       0x00000043       0x44 ./USB_DEVICE/App/usbd_desc.o
 .comment       0x00000043       0x44 ./USB_DEVICE/Target/usbd_conf.o

.debug_frame    0x00000000       0xac
 .debug_frame   0x00000000       0x20 C:/ST/STM32CubeIDE_1.19.0/STM32CubeIDE/plugins/com.st.stm32cube.ide.mcu.externaltools.gnu-tools-for-stm32.13.3.rel1.win32_1.0.0.202411081344/tools/bin/../lib/gcc/arm-none-eabi/13.3.1/../../../../arm-none-eabi/lib/thumb/v7e-m+fp/hard\libc_nano.a(libc_a-memset.o)
 .debug_frame   0x00000020       0x2c C:/ST/STM32CubeIDE_1.19.0/STM32CubeIDE/plugins/com.st.stm32cube.ide.mcu.externaltools.gnu-tools-for-stm32.13.3.rel1.win32_1.0.0.202411081344/tools/bin/../lib/gcc/arm-none-eabi/13.3.1/../../../../arm-none-eabi/lib/thumb/v7e-m+fp/hard\libc_nano.a(libc_a-init.o)
 .debug_frame   0x0000004c       0x2c C:/ST/STM32CubeIDE_1.19.0/STM32CubeIDE/plugins/com.st.stm32cube.ide.mcu.externaltools.gnu-tools-for-stm32.13.3.rel1.win32_1.0.0.202411081344/tools/bin/../lib/gcc/arm-none-eabi/13.3.1/thumb/v7e-m+fp/hard\libgcc.a(_aeabi_uldivmod.o)
 .debug_frame   0x00000078       0x34 C:/ST/STM32CubeIDE_1.19.0/STM32CubeIDE/plugins/com.st.stm32cube.ide.mcu.externaltools.gnu-tools-for-stm32.13.3.rel1.win32_1.0.0.202411081344/tools/bin/../lib/gcc/arm-none-eabi/13.3.1/thumb/v7e-m+fp/hard\libgcc.a(_udivmoddi4.o)
